Archive member included to satisfy reference by file (symbol)

C:/toolchain/bin/../lib/gcc/arm-none-eabi/15.2.1/../../../../arm-none-eabi/lib/thumb/v7-m/nofp\libc.a(libc_a-sprintf.o)
                              build/obj/app.o (sprintf)
C:/toolchain/bin/../lib/gcc/arm-none-eabi/15.2.1/../../../../arm-none-eabi/lib/thumb/v7-m/nofp\libc.a(libc_a-impure.o)
                              C:/toolchain/bin/../lib/gcc/arm-none-eabi/15.2.1/../../../../arm-none-eabi/lib/thumb/v7-m/nofp\libc.a(libc_a-sprintf.o) (_impure_ptr)
C:/toolchain/bin/../lib/gcc/arm-none-eabi/15.2.1/../../../../arm-none-eabi/lib/thumb/v7-m/nofp\libc.a(libc_a-svfprintf.o)
                              C:/toolchain/bin/../lib/gcc/arm-none-eabi/15.2.1/../../../../arm-none-eabi/lib/thumb/v7-m/nofp\libc.a(libc_a-sprintf.o) (_svfprintf_r)
C:/toolchain/bin/../lib/gcc/arm-none-eabi/15.2.1/../../../../arm-none-eabi/lib/thumb/v7-m/nofp\libc.a(libc_a-ssprint_r.o)
                              C:/toolchain/bin/../lib/gcc/arm-none-eabi/15.2.1/../../../../arm-none-eabi/lib/thumb/v7-m/nofp\libc.a(libc_a-svfprintf.o) (__ssprint_r)
C:/toolchain/bin/../lib/gcc/arm-none-eabi/15.2.1/../../../../arm-none-eabi/lib/thumb/v7-m/nofp\libc.a(libc_a-findfp.o)
                              C:/toolchain/bin/../lib/gcc/arm-none-eabi/15.2.1/../../../../arm-none-eabi/lib/thumb/v7-m/nofp\libc.a(libc_a-impure.o) (__sf)
C:/toolchain/bin/../lib/gcc/arm-none-eabi/15.2.1/../../../../arm-none-eabi/lib/thumb/v7-m/nofp\libc.a(libc_a-fwalk.o)
                              C:/toolchain/bin/../lib/gcc/arm-none-eabi/15.2.1/../../../../arm-none-eabi/lib/thumb/v7-m/nofp\libc.a(libc_a-findfp.o) (_fwalk_sglue)
C:/toolchain/bin/../lib/gcc/arm-none-eabi/15.2.1/../../../../arm-none-eabi/lib/thumb/v7-m/nofp\libc.a(libc_a-stdio.o)
                              C:/toolchain/bin/../lib/gcc/arm-none-eabi/15.2.1/../../../../arm-none-eabi/lib/thumb/v7-m/nofp\libc.a(libc_a-findfp.o) (__sread)
C:/toolchain/bin/../lib/gcc/arm-none-eabi/15.2.1/../../../../arm-none-eabi/lib/thumb/v7-m/nofp\libc.a(libc_a-memset.o)
                              C:/toolchain/bin/../lib/gcc/arm-none-eabi/15.2.1/../../../../arm-none-eabi/lib/thumb/v7-m/nofp\libc.a(libc_a-svfprintf.o) (memset)
C:/toolchain/bin/../lib/gcc/arm-none-eabi/15.2.1/../../../../arm-none-eabi/lib/thumb/v7-m/nofp\libc.a(libc_a-strncpy.o)
                              C:/toolchain/bin/../lib/gcc/arm-none-eabi/15.2.1/../../../../arm-none-eabi/lib/thumb/v7-m/nofp\libc.a(libc_a-svfprintf.o) (strncpy)
C:/toolchain/bin/../lib/gcc/arm-none-eabi/15.2.1/../../../../arm-none-eabi/lib/thumb/v7-m/nofp\libc.a(libc_a-locale.o)
                              C:/toolchain/bin/../lib/gcc/arm-none-eabi/15.2.1/../../../../arm-none-eabi/lib/thumb/v7-m/nofp\libc.a(libc_a-svfprintf.o) (__global_locale)
C:/toolchain/bin/../lib/gcc/arm-none-eabi/15.2.1/../../../../arm-none-eabi/lib/thumb/v7-m/nofp\libc.a(libc_a-localeconv.o)
                              C:/toolchain/bin/../lib/gcc/arm-none-eabi/15.2.1/../../../../arm-none-eabi/lib/thumb/v7-m/nofp\libc.a(libc_a-svfprintf.o) (_localeconv_r)
C:/toolchain/bin/../lib/gcc/arm-none-eabi/15.2.1/../../../../arm-none-eabi/lib/thumb/v7-m/nofp\libc.a(libc_a-closer.o)
                              C:/toolchain/bin/../lib/gcc/arm-none-eabi/15.2.1/../../../../arm-none-eabi/lib/thumb/v7-m/nofp\libc.a(libc_a-stdio.o) (_close_r)
C:/toolchain/bin/../lib/gcc/arm-none-eabi/15.2.1/../../../../arm-none-eabi/lib/thumb/v7-m/nofp\libc.a(libc_a-reent.o)
                              C:/toolchain/bin/../lib/gcc/arm-none-eabi/15.2.1/../../../../arm-none-eabi/lib/thumb/v7-m/nofp\libc.a(libc_a-closer.o) (errno)
C:/toolchain/bin/../lib/gcc/arm-none-eabi/15.2.1/../../../../arm-none-eabi/lib/thumb/v7-m/nofp\libc.a(libc_a-lseekr.o)
                              C:/toolchain/bin/../lib/gcc/arm-none-eabi/15.2.1/../../../../arm-none-eabi/lib/thumb/v7-m/nofp\libc.a(libc_a-stdio.o) (_lseek_r)
C:/toolchain/bin/../lib/gcc/arm-none-eabi/15.2.1/../../../../arm-none-eabi/lib/thumb/v7-m/nofp\libc.a(libc_a-readr.o)
                              C:/toolchain/bin/../lib/gcc/arm-none-eabi/15.2.1/../../../../arm-none-eabi/lib/thumb/v7-m/nofp\libc.a(libc_a-stdio.o) (_read_r)
C:/toolchain/bin/../lib/gcc/arm-none-eabi/15.2.1/../../../../arm-none-eabi/lib/thumb/v7-m/nofp\libc.a(libc_a-writer.o)
                              C:/toolchain/bin/../lib/gcc/arm-none-eabi/15.2.1/../../../../arm-none-eabi/lib/thumb/v7-m/nofp\libc.a(libc_a-stdio.o) (_write_r)
C:/toolchain/bin/../lib/gcc/arm-none-eabi/15.2.1/../../../../arm-none-eabi/lib/thumb/v7-m/nofp\libc.a(libc_a-lock.o)
                              C:/toolchain/bin/../lib/gcc/arm-none-eabi/15.2.1/../../../../arm-none-eabi/lib/thumb/v7-m/nofp\libc.a(libc_a-findfp.o) (__retarget_lock_init_recursive)
C:/toolchain/bin/../lib/gcc/arm-none-eabi/15.2.1/../../../../arm-none-eabi/lib/thumb/v7-m/nofp\libc.a(libc_a-strcmp.o)
[...]
Memory Configuration

Name             Origin             Length             Attributes
FLASH            0x08000000         0x00010000         xr
SRAM             0x20000000         0x00005000         xrw
*default*        0x00000000         0xffffffff

Linker script and memory map

LOAD build/obj/main.o
LOAD build/obj/startup_stm32f103c8.o
LOAD build/obj/app.o
LOAD build/obj/gpio.o
LOAD build/obj/i2c.o
LOAD build/obj/pwm.o
LOAD build/obj/systick.o
LOAD build/obj/uart.o
LOAD build/obj/uart_esp32.o
LOAD build/obj/MPU.o
LOAD build/obj/RGB_senser.o
LOAD build/obj/led.o
LOAD build/obj/motor.o
LOAD build/obj/ringbuff.o
LOAD C:/toolchain/bin/../lib/gcc/arm-none-eabi/15.2.1/../../../../arm-none-eabi/lib/thumb/v7-m/nofp\libc.a
LOAD C:/toolchain/bin/../lib/gcc/arm-none-eabi/15.2.1/../../../../arm-none-eabi/lib/thumb/v7-m/nofp\libm.a
LOAD C:/toolchain/bin/../lib/gcc/arm-none-eabi/15.2.1/../../../../arm-none-eabi/lib/thumb/v7-m/nofp\libnosys.a
START GROUP
LOAD C:/toolchain/bin/../lib/gcc/arm-none-eabi/15.2.1/thumb/v7-m/nofp\libgcc.a
LOAD C:/toolchain/bin/../lib/gcc/arm-none-eabi/15.2.1/../../../../arm-none-eabi/lib/thumb/v7-m/nofp\libg.a
LOAD C:/toolchain/bin/../lib/gcc/arm-none-eabi/15.2.1/../../../../arm-none-eabi/lib/thumb/v7-m/nofp\libc.a
END GROUP

.isr_vector     0x08000000       0xec
 *(.isr_vector)
 .isr_vector    0x08000000       0xec build/obj/startup_stm32f103c8.o
                0x08000000                vector_table

.ARM.extab      0x080000ec        0x0
 .ARM.extab     0x080000ec        0x0 C:/toolchain/bin/../lib/gcc/arm-none-eabi/15.2.1/../../../../arm-none-eabi/lib/thumb/v7-m/nofp\libc.a(libc_a-strcmp.o)
 .ARM.extab     0x080000ec        0x0 C:/toolchain/bin/../lib/gcc/arm-none-eabi/15.2.1/../../../../arm-none-eabi/lib/thumb/v7-m/nofp\libc.a(libc_a-memcpy.o)

.ARM.exidx      0x080000ec        0x8
 .ARM.exidx     0x080000ec        0x8 C:/toolchain/bin/../lib/gcc/arm-none-eabi/15.2.1/../../../../arm-none-eabi/lib/thumb/v7-m/nofp\libc.a(libc_a-strcmp.o)
 .ARM.exidx     0x080000f4        0x0 C:/toolchain/bin/../lib/gcc/arm-none-eabi/15.2.1/../../../../arm-none-eabi/lib/thumb/v7-m/nofp\libc.a(libc_a-memcpy.o)
                                  0x8 (size before relaxing)

.text           0x080000f8     0xb3fc
 *(.text*)
 .text          0x080000f8       0x12 build/obj/main.o
                0x080000f8                main
 *fill*         0x0800010a        0x2 
 .text          0x0800010c       0x64 build/obj/startup_stm32f103c8.o
                0x0800010c                Reset_Handler
                0x08000168                USART2_IRQHandler
                0x08000168                Default_Handler
 .text          0x08000170      0x1a8 build/obj/app.o
                0x08000170                calibrate_gyro
                0x080001c8                checkquay
                0x08000244                app_init
                0x08000284                app_run
 .text          0x08000318      0x12c build/obj/gpio.o
                0x08000318                gpio_pin_init
                0x080003e4                gpio_write_pin
                0x0800041a                gpio_toggle_pin
 .text          0x08000444      0x27c build/obj/i2c.o
                0x08000444                i2c_init
                0x080004d8                i2c_start
                0x08000534                i2c_stop
                0x08000550                i2c_send_address
                0x080005bc                i2c_write
                0x08000620                i2c_read_ack
                0x08000670                i2c_read_nack
 .text          0x080006c0       0xe8 build/obj/pwm.o
                0x080006c0                pwm_init
                0x08000754                pwm_set_duty
 .text          0x080007a8       0x88 build/obj/systick.o
                0x080007a8                systick_init
                0x080007e4                SysTick_Handler
                0x08000800                delay_ms
 .text          0x08000830      0x198 build/obj/uart.o
                0x08000830                uart_init
                0x080008b8                uart_sendchar
                0x080008e8                uart_getchar
                0x08000908                uart_sendstr
                0x08000932                uart_send_array
                0x08000968                uart_available
                0x0800097c                uart_rx_count
                0x08000990                USART1_IRQHandler
 .text          0x080009c8      0x154 build/obj/uart_esp32.o
                0x080009c8                uartesp_init
                0x08000a48                uartesp_sendchar
                0x08000a74                uartesp_getchar
                0x08000a94                uartesp_sendstr
                0x08000abe                uartesp_available
                0x08000ad4                uartesp_rx_count
                0x08000ae8                USART3_IRQHandler
 .text          0x08000b1c      0x1b0 build/obj/MPU.o
                0x08000b1c                mpu6050_init
                0x08000b52                mpu6050_write_byte
                0x08000b8a                mpu6050_read_byte
                0x08000bc6                mpu6050_read_all
                0x08000cae                mpu6050_read_gz
 .text          0x08000ccc      0x1a8 build/obj/RGB_senser.o
                0x08000ccc                rgb_sensor_init
                0x08000d2c                rgb_write_byte
                0x08000d6a                rgb_read_byte
                0x08000db0                rgb_read_16
                0x08000e0a                rgb_read_color
 .text          0x08000e74       0x64 build/obj/led.o
                0x08000e74                led_init
                0x08000e8c                led_on
                0x08000ea4                led_off
                0x08000ebc                led_toggle
 .text          0x08000ed8      0x1b8 build/obj/motor.o
                0x08000ed8                motor_init
                0x08000f10                motor_forward
                0x08000f6c                motor_backward
                0x08000fc0                turn_left
                0x0800101c                turn_right
                0x08001078                motor_stop
 .text          0x08001090      0x122 build/obj/ringbuff.o
                0x08001090                ring_buffer_init
                0x080010b2                ring_buffer_write
                0x080010fc                ring_buffer_read
                0x08001148                ring_buffer_available
                0x08001170                ring_buffer_count
 .text          0x080011b2        0x0 C:/toolchain/bin/../lib/gcc/arm-none-eabi/15.2.1/../../../../arm-none-eabi/lib/thumb/v7-m/nofp\libc.a(libc_a-sprintf.o)
 *fill*         0x080011b2        0x2 
 .text._sprintf_r
                0x080011b4       0x44 C:/toolchain/bin/../lib/gcc/arm-none-eabi/15.2.1/../../../../arm-none-eabi/lib/thumb/v7-m/nofp\libc.a(libc_a-sprintf.o)
                0x080011b4                _sprintf_r
 .text.sprintf  0x080011f8       0x4c C:/toolchain/bin/../lib/gcc/arm-none-eabi/15.2.1/../../../../arm-none-eabi/lib/thumb/v7-m/nofp\libc.a(libc_a-sprintf.o)
                0x080011f8                sprintf
 .text          0x08001244        0x0 C:/toolchain/bin/../lib/gcc/arm-none-eabi/15.2.1/../../../../arm-none-eabi/lib/thumb/v7-m/nofp\libc.a(libc_a-impure.o)
 .text          0x08001244        0x0 C:/toolchain/bin/../lib/gcc/arm-none-eabi/15.2.1/../../../../arm-none-eabi/lib/thumb/v7-m/nofp\libc.a(libc_a-svfprintf.o)
 .text._svfprintf_r
                0x08001244     0x21d8 C:/toolchain/bin/../lib/gcc/arm-none-eabi/15.2.1/../../../../arm-none-eabi/lib/thumb/v7-m/nofp\libc.a(libc_a-svfprintf.o)
                0x08001244                _svfprintf_r
 .text          0x0800341c        0x0 C:/toolchain/bin/../lib/gcc/arm-none-eabi/15.2.1/../../../../arm-none-eabi/lib/thumb/v7-m/nofp\libc.a(libc_a-ssprint_r.o)
 .text.__ssprint_r
                0x0800341c       0x58 C:/toolchain/bin/../lib/gcc/arm-none-eabi/15.2.1/../../../../arm-none-eabi/lib/thumb/v7-m/nofp\libc.a(libc_a-ssprint_r.o)
                0x0800341c                __ssprint_r
 .text          0x08003474        0x0 C:/toolchain/bin/../lib/gcc/arm-none-eabi/15.2.1/../../../../arm-none-eabi/lib/thumb/v7-m/nofp\libc.a(libc_a-findfp.o)
 .text.stdio_exit_handler
                0x08003474       0x18 C:/toolchain/bin/../lib/gcc/arm-none-eabi/15.2.1/../../../../arm-none-eabi/lib/thumb/v7-m/nofp\libc.a(libc_a-findfp.o)
 .text.cleanup_stdio
                0x0800348c       0x40 C:/toolchain/bin/../lib/gcc/arm-none-eabi/15.2.1/../../../../arm-none-eabi/lib/thumb/v7-m/nofp\libc.a(libc_a-findfp.o)
 .text.__fp_lock
                0x080034cc       0x1c C:/toolchain/bin/../lib/gcc/arm-none-eabi/15.2.1/../../../../arm-none-eabi/lib/thumb/v7-m/nofp\libc.a(libc_a-findfp.o)
 .text.__fp_unlock
                0x080034e8       0x1c C:/toolchain/bin/../lib/gcc/arm-none-eabi/15.2.1/../../../../arm-none-eabi/lib/thumb/v7-m/nofp\libc.a(libc_a-findfp.o)
 .text.global_stdio_init.part.0
                0x08003504       0xf0 C:/toolchain/bin/../lib/gcc/arm-none-eabi/15.2.1/../../../../arm-none-eabi/lib/thumb/v7-m/nofp\libc.a(libc_a-findfp.o)
 .text.__sfp    0x080035f4       0xc0 C:/toolchain/bin/../lib/gcc/arm-none-eabi/15.2.1/../../../../arm-none-eabi/lib/thumb/v7-m/nofp\libc.a(libc_a-findfp.o)
                0x080035f4                __sfp
 .text.__sinit  0x080036b4       0x3c C:/toolchain/bin/../lib/gcc/arm-none-eabi/15.2.1/../../../../arm-none-eabi/lib/thumb/v7-m/nofp\libc.a(libc_a-findfp.o)
                0x080036b4                __sinit
 .text.__sfp_lock_acquire
                0x080036f0        0xc C:/toolchain/bin/../lib/gcc/arm-none-eabi/15.2.1/../../../../arm-none-eabi/lib/thumb/v7-m/nofp\libc.a(libc_a-findfp.o)
                0x080036f0                __sfp_lock_acquire
 .text.__sfp_lock_release
                0x080036fc        0xc C:/toolchain/bin/../lib/gcc/arm-none-eabi/15.2.1/../../../../arm-none-eabi/lib/thumb/v7-m/nofp\libc.a(libc_a-findfp.o)
                0x080036fc                __sfp_lock_release
 .text.__fp_lock_all
                0x08003708       0x24 C:/toolchain/bin/../lib/gcc/arm-none-eabi/15.2.1/../../../../arm-none-eabi/lib/thumb/v7-m/nofp\libc.a(libc_a-findfp.o)
                0x08003708                __fp_lock_all
 .text.__fp_unlock_all
                0x0800372c       0x24 C:/toolchain/bin/../lib/gcc/arm-none-eabi/15.2.1/../../../../arm-none-eabi/lib/thumb/v7-m/nofp\libc.a(libc_a-findfp.o)
                0x0800372c                __fp_unlock_all
 .text          0x08003750        0x0 C:/toolchain/bin/../lib/gcc/arm-none-eabi/15.2.1/../../../../arm-none-eabi/lib/thumb/v7-m/nofp\libc.a(libc_a-fwalk.o)
 .text._fwalk_sglue
                0x08003750       0x44 C:/toolchain/bin/../lib/gcc/arm-none-eabi/15.2.1/../../../../arm-none-eabi/lib/thumb/v7-m/nofp\libc.a(libc_a-fwalk.o)
                0x08003750                _fwalk_sglue
 .text          0x08003794        0x0 C:/toolchain/bin/../lib/gcc/arm-none-eabi/15.2.1/../../../../arm-none-eabi/lib/thumb/v7-m/nofp\libc.a(libc_a-stdio.o)
 .text.__sread  0x08003794       0x24 C:/toolchain/bin/../lib/gcc/arm-none-eabi/15.2.1/../../../../arm-none-eabi/lib/thumb/v7-m/nofp\libc.a(libc_a-stdio.o)
                0x08003794                __sread
 .text.__seofread
                0x080037b8        0x4 C:/toolchain/bin/../lib/gcc/arm-none-eabi/15.2.1/../../../../arm-none-eabi/lib/thumb/v7-m/nofp\libc.a(libc_a-stdio.o)
                0x080037b8                __seofread
 .text.__swrite
                0x080037bc       0x40 C:/toolchain/bin/../lib/gcc/arm-none-eabi/15.2.1/../../../../arm-none-eabi/lib/thumb/v7-m/nofp\libc.a(libc_a-stdio.o)
                0x080037bc                __swrite
 .text.__sseek  0x080037fc       0x24 C:/toolchain/bin/../lib/gcc/arm-none-eabi/15.2.1/../../../../arm-none-eabi/lib/thumb/v7-m/nofp\libc.a(libc_a-stdio.o)
                0x080037fc                __sseek
 .text.__sclose
                0x08003820        0x8 C:/toolchain/bin/../lib/gcc/arm-none-eabi/15.2.1/../../../../arm-none-eabi/lib/thumb/v7-m/nofp\libc.a(libc_a-stdio.o)
                0x08003820                __sclose
 .text          0x08003828        0x0 C:/toolchain/bin/../lib/gcc/arm-none-eabi/15.2.1/../../../../arm-none-eabi/lib/thumb/v7-m/nofp\libc.a(libc_a-memset.o)
 .text.memset   0x08003828       0x88 C:/toolchain/bin/../lib/gcc/arm-none-eabi/15.2.1/../../../../arm-none-eabi/lib/thumb/v7-m/nofp\libc.a(libc_a-memset.o)
                0x08003828                memset
 .text          0x080038b0        0x0 C:/toolchain/bin/../lib/gcc/arm-none-eabi/15.2.1/../../../../arm-none-eabi/lib/thumb/v7-m/nofp\libc.a(libc_a-strncpy.o)
 .text.strncpy  0x080038b0       0x70 C:/toolchain/bin/../lib/gcc/arm-none-eabi/15.2.1/../../../../arm-none-eabi/lib/thumb/v7-m/nofp\libc.a(libc_a-strncpy.o)
                0x080038b0                strncpy
 .text          0x08003920        0x0 C:/toolchain/bin/../lib/gcc/arm-none-eabi/15.2.1/../../../../arm-none-eabi/lib/thumb/v7-m/nofp\libc.a(libc_a-locale.o)
 .text.__currentlocale
                0x08003920       0x50 C:/toolchain/bin/../lib/gcc/arm-none-eabi/15.2.1/../../../../arm-none-eabi/lib/thumb/v7-m/nofp\libc.a(libc_a-locale.o)
                0x08003920                __currentlocale
 .text.__loadlocale
                0x08003970      0x6c0 C:/toolchain/bin/../lib/gcc/arm-none-eabi/15.2.1/../../../../arm-none-eabi/lib/thumb/v7-m/nofp\libc.a(libc_a-locale.o)
                0x08003970                __loadlocale
 .text.__get_locale_env
                0x08004030       0x50 C:/toolchain/bin/../lib/gcc/arm-none-eabi/15.2.1/../../../../arm-none-eabi/lib/thumb/v7-m/nofp\libc.a(libc_a-locale.o)
                0x08004030                __get_locale_env
 .text._setlocale_r
                0x08004080      0x224 C:/toolchain/bin/../lib/gcc/arm-none-eabi/15.2.1/../../../../arm-none-eabi/lib/thumb/v7-m/nofp\libc.a(libc_a-locale.o)
                0x08004080                _setlocale_r
 .text.__locale_mb_cur_max
                0x080042a4        0xc C:/toolchain/bin/../lib/gcc/arm-none-eabi/15.2.1/../../../../arm-none-eabi/lib/thumb/v7-m/nofp\libc.a(libc_a-locale.o)
                0x080042a4                __locale_mb_cur_max
 .text.setlocale
                0x080042b0       0x14 C:/toolchain/bin/../lib/gcc/arm-none-eabi/15.2.1/../../../../arm-none-eabi/lib/thumb/v7-m/nofp\libc.a(libc_a-locale.o)
                0x080042b0                setlocale
 .text          0x080042c4        0x0 C:/toolchain/bin/../lib/gcc/arm-none-eabi/15.2.1/../../../../arm-none-eabi/lib/thumb/v7-m/nofp\libc.a(libc_a-localeconv.o)
 .text.__localeconv_l
                0x080042c4        0x8 C:/toolchain/bin/../lib/gcc/arm-none-eabi/15.2.1/../../../../arm-none-eabi/lib/thumb/v7-m/nofp\libc.a(libc_a-localeconv.o)
                0x080042c4                __localeconv_l
 .text._localeconv_r
                0x080042cc        0x8 C:/toolchain/bin/../lib/gcc/arm-none-eabi/15.2.1/../../../../arm-none-eabi/lib/thumb/v7-m/nofp\libc.a(libc_a-localeconv.o)
                0x080042cc                _localeconv_r
 .text.localeconv
                0x080042d4        0x8 C:/toolchain/bin/../lib/gcc/arm-none-eabi/15.2.1/../../../../arm-none-eabi/lib/thumb/v7-m/nofp\libc.a(libc_a-localeconv.o)
                0x080042d4                localeconv
 .text          0x080042dc        0x0 C:/toolchain/bin/../lib/gcc/arm-none-eabi/15.2.1/../../../../arm-none-eabi/lib/thumb/v7-m/nofp\libc.a(libc_a-closer.o)
 .text._close_r
                0x080042dc       0x24 C:/toolchain/bin/../lib/gcc/arm-none-eabi/15.2.1/../../../../arm-none-eabi/lib/thumb/v7-m/nofp\libc.a(libc_a-closer.o)
                0x080042dc                _close_r
 .text          0x08004300        0x0 C:/toolchain/bin/../lib/gcc/arm-none-eabi/15.2.1/../../../../arm-none-eabi/lib/thumb/v7-m/nofp\libc.a(libc_a-reent.o)
 .text._reclaim_reent
                0x08004300       0x6c C:/toolchain/bin/../lib/gcc/arm-none-eabi/15.2.1/../../../../arm-none-eabi/lib/thumb/v7-m/nofp\libc.a(libc_a-reent.o)
                0x08004300                _reclaim_reent
 .text          0x0800436c        0x0 C:/toolchain/bin/../lib/gcc/arm-none-eabi/15.2.1/../../../../arm-none-eabi/lib/thumb/v7-m/nofp\libc.a(libc_a-lseekr.o)
 .text._lseek_r
                0x0800436c       0x2c C:/toolchain/bin/../lib/gcc/arm-none-eabi/15.2.1/../../../../arm-none-eabi/lib/thumb/v7-m/nofp\libc.a(libc_a-lseekr.o)
                0x0800436c                _lseek_r
 .text          0x08004398        0x0 C:/toolchain/bin/../lib/gcc/arm-none-eabi/15.2.1/../../../../arm-none-eabi/lib/thumb/v7-m/nofp\libc.a(libc_a-readr.o)
 .text._read_r  0x08004398       0x2c C:/toolchain/bin/../lib/gcc/arm-none-eabi/15.2.1/../../../../arm-none-eabi/lib/thumb/v7-m/nofp\libc.a(libc_a-readr.o)
                0x08004398                _read_r
 .text          0x080043c4        0x0 C:/toolchain/bin/../lib/gcc/arm-none-eabi/15.2.1/../../../../arm-none-eabi/lib/thumb/v7-m/nofp\libc.a(libc_a-writer.o)
 .text._write_r
                0x080043c4       0x2c C:/toolchain/bin/../lib/gcc/arm-none-eabi/15.2.1/../../../../arm-none-eabi/lib/thumb/v7-m/nofp\libc.a(libc_a-writer.o)
                0x080043c4                _write_r
 .text          0x080043f0        0x0 C:/toolchain/bin/../lib/gcc/arm-none-eabi/15.2.1/../../../../arm-none-eabi/lib/thumb/v7-m/nofp\libc.a(libc_a-lock.o)
 .text.__retarget_lock_init
                0x080043f0        0x4 C:/toolchain/bin/../lib/gcc/arm-none-eabi/15.2.1/../../../../arm-none-eabi/lib/thumb/v7-m/nofp\libc.a(libc_a-lock.o)
                0x080043f0                __retarget_lock_init
 .text.__retarget_lock_init_recursive
                0x080043f4        0x4 C:/toolchain/bin/../lib/gcc/arm-none-eabi/15.2.1/../../../../arm-none-eabi/lib/thumb/v7-m/nofp\libc.a(libc_a-lock.o)
                0x080043f4                __retarget_lock_init_recursive
 .text.__retarget_lock_close
                0x080043f8        0x4 C:/toolchain/bin/../lib/gcc/arm-none-eabi/15.2.1/../../../../arm-none-eabi/lib/thumb/v7-m/nofp\libc.a(libc_a-lock.o)
                0x080043f8                __retarget_lock_close
 .text.__retarget_lock_close_recursive
                0x080043fc        0x4 C:/toolchain/bin/../lib/gcc/arm-none-eabi/15.2.1/../../../../arm-none-eabi/lib/thumb/v7-m/nofp\libc.a(libc_a-lock.o)
                0x080043fc                __retarget_lock_close_recursive
 .text.__retarget_lock_acquire
                0x08004400        0x4 C:/toolchain/bin/../lib/gcc/arm-none-eabi/15.2.1/../../../../arm-none-eabi/lib/thumb/v7-m/nofp\libc.a(libc_a-lock.o)
                0x08004400                __retarget_lock_acquire
 .text.__retarget_lock_acquire_recursive
                0x08004404        0x4 C:/toolchain/bin/../lib/gcc/arm-none-eabi/15.2.1/../../../../arm-none-eabi/lib/thumb/v7-m/nofp\libc.a(libc_a-lock.o)
                0x08004404                __retarget_lock_acquire_recursive
 .text.__retarget_lock_try_acquire
                0x08004408        0x4 C:/toolchain/bin/../lib/gcc/arm-none-eabi/15.2.1/../../../../arm-none-eabi/lib/thumb/v7-m/nofp\libc.a(libc_a-lock.o)
                0x08004408                __retarget_lock_try_acquire
 .text.__retarget_lock_try_acquire_recursive
                0x0800440c        0x4 C:/toolchain/bin/../lib/gcc/arm-none-eabi/15.2.1/../../../../arm-none-eabi/lib/thumb/v7-m/nofp\libc.a(libc_a-lock.o)
                0x0800440c                __retarget_lock_try_acquire_recursive
 .text.__retarget_lock_release
                0x08004410        0x4 C:/toolchain/bin/../lib/gcc/arm-none-eabi/15.2.1/../../../../arm-none-eabi/lib/thumb/v7-m/nofp\libc.a(libc_a-lock.o)
                0x08004410                __retarget_lock_release
 .text.__retarget_lock_release_recursive
                0x08004414        0x4 C:/toolchain/bin/../lib/gcc/arm-none-eabi/15.2.1/../../../../arm-none-eabi/lib/thumb/v7-m/nofp\libc.a(libc_a-lock.o)
                0x08004414                __retarget_lock_release_recursive
 .text          0x08004418      0x1bc C:/toolchain/bin/../lib/gcc/arm-none-eabi/15.2.1/../../../../arm-none-eabi/lib/thumb/v7-m/nofp\libc.a(libc_a-strcmp.o)
                0x08004418                strcmp
 .text          0x080045d4        0x0 C:/toolchain/bin/../lib/gcc/arm-none-eabi/15.2.1/../../../../arm-none-eabi/lib/thumb/v7-m/nofp\libc.a(libc_a-strcpy.o)
 .text.strcpy   0x080045d4       0xbc C:/toolchain/bin/../lib/gcc/arm-none-eabi/15.2.1/../../../../arm-none-eabi/lib/thumb/v7-m/nofp\libc.a(libc_a-strcpy.o)
                0x080045d4                strcpy
 .text          0x08004690        0x0 C:/toolchain/bin/../lib/gcc/arm-none-eabi/15.2.1/../../../../arm-none-eabi/lib/thumb/v7-m/nofp\libc.a(libc_a-memchr-stub.o)
 .text.memchr   0x08004690       0x80 C:/toolchain/bin/../lib/gcc/arm-none-eabi/15.2.1/../../../../arm-none-eabi/lib/thumb/v7-m/nofp\libc.a(libc_a-memchr-stub.o)
                0x08004690                memchr
 .text          0x08004710        0x0 C:/toolchain/bin/../lib/gcc/arm-none-eabi/15.2.1/../../../../arm-none-eabi/lib/thumb/v7-m/nofp\libc.a(libc_a-strlen-stub.o)
 .text.strlen   0x08004710       0x5c C:/toolchain/bin/../lib/gcc/arm-none-eabi/15.2.1/../../../../arm-none-eabi/lib/thumb/v7-m/nofp\libc.a(libc_a-strlen-stub.o)
                0x08004710                strlen
 .text          0x0800476c        0x0 C:/toolchain/bin/../lib/gcc/arm-none-eabi/15.2.1/../../../../arm-none-eabi/lib/thumb/v7-m/nofp\libc.a(libm_a-s_frexp.o)
 .text.frexp    0x0800476c       0x68 C:/toolchain/bin/../lib/gcc/arm-none-eabi/15.2.1/../../../../arm-none-eabi/lib/thumb/v7-m/nofp\libc.a(libm_a-s_frexp.o)
                0x0800476c                frexp
 .text          0x080047d4        0x0 C:/toolchain/bin/../lib/gcc/arm-none-eabi/15.2.1/../../../../arm-none-eabi/lib/thumb/v7-m/nofp\libc.a(libc_a-dtoa.o)
 .text.quorem   0x080047d4      0x138 C:/toolchain/bin/../lib/gcc/arm-none-eabi/15.2.1/../../../../arm-none-eabi/lib/thumb/v7-m/nofp\libc.a(libc_a-dtoa.o)
 *fill*         0x0800490c        0x4 
 .text._dtoa_r  0x08004910     0x1060 C:/toolchain/bin/../lib/gcc/arm-none-eabi/15.2.1/../../../../arm-none-eabi/lib/thumb/v7-m/nofp\libc.a(libc_a-dtoa.o)
                0x08004910                _dtoa_r
 .text          0x08005970        0x0 C:/toolchain/bin/../lib/gcc/arm-none-eabi/15.2.1/../../../../arm-none-eabi/lib/thumb/v7-m/nofp\libc.a(libc_a-freer.o)
 .text._malloc_trim_r
                0x08005970       0xac C:/toolchain/bin/../lib/gcc/arm-none-eabi/15.2.1/../../../../arm-none-eabi/lib/thumb/v7-m/nofp\libc.a(libc_a-freer.o)
                0x08005970                _malloc_trim_r
 .text._free_r  0x08005a1c      0x208 C:/toolchain/bin/../lib/gcc/arm-none-eabi/15.2.1/../../../../arm-none-eabi/lib/thumb/v7-m/nofp\libc.a(libc_a-freer.o)
                0x08005a1c                _free_r
 .text          0x08005c24        0x0 C:/toolchain/bin/../lib/gcc/arm-none-eabi/15.2.1/../../../../arm-none-eabi/lib/thumb/v7-m/nofp\libc.a(libc_a-getenv_r.o)
 .text._findenv_r
                0x08005c24       0x80 C:/toolchain/bin/../lib/gcc/arm-none-eabi/15.2.1/../../../../arm-none-eabi/lib/thumb/v7-m/nofp\libc.a(libc_a-getenv_r.o)
                0x08005c24                _findenv_r
 .text._getenv_r
                0x08005ca4       0x10 C:/toolchain/bin/../lib/gcc/arm-none-eabi/15.2.1/../../../../arm-none-eabi/lib/thumb/v7-m/nofp\libc.a(libc_a-getenv_r.o)
                0x08005ca4                _getenv_r
 .text          0x08005cb4        0x0 C:/toolchain/bin/../lib/gcc/arm-none-eabi/15.2.1/../../../../arm-none-eabi/lib/thumb/v7-m/nofp\libc.a(libc_a-mallocr.o)
 .text._malloc_r
                0x08005cb4      0x584 C:/toolchain/bin/../lib/gcc/arm-none-eabi/15.2.1/../../../../arm-none-eabi/lib/thumb/v7-m/nofp\libc.a(libc_a-mallocr.o)
                0x08005cb4                _malloc_r
 .text          0x08006238        0x0 C:/toolchain/bin/../lib/gcc/arm-none-eabi/15.2.1/../../../../arm-none-eabi/lib/thumb/v7-m/nofp\libc.a(libc_a-mbtowc_r.o)
 .text._mbtowc_r
                0x08006238       0x14 C:/toolchain/bin/../lib/gcc/arm-none-eabi/15.2.1/../../../../arm-none-eabi/lib/thumb/v7-m/nofp\libc.a(libc_a-mbtowc_r.o)
                0x08006238                _mbtowc_r
 .text.__ascii_mbtowc
                0x0800624c       0x2c C:/toolchain/bin/../lib/gcc/arm-none-eabi/15.2.1/../../../../arm-none-eabi/lib/thumb/v7-m/nofp\libc.a(libc_a-mbtowc_r.o)
                0x0800624c                __ascii_mbtowc
 .text.__utf8_mbtowc
                0x08006278      0x238 C:/toolchain/bin/../lib/gcc/arm-none-eabi/15.2.1/../../../../arm-none-eabi/lib/thumb/v7-m/nofp\libc.a(libc_a-mbtowc_r.o)
                0x08006278                __utf8_mbtowc
 .text.__sjis_mbtowc
                0x080064b0       0x9c C:/toolchain/bin/../lib/gcc/arm-none-eabi/15.2.1/../../../../arm-none-eabi/lib/thumb/v7-m/nofp\libc.a(libc_a-mbtowc_r.o)
                0x080064b0                __sjis_mbtowc
 .text.__eucjp_mbtowc
                0x0800654c       0xdc C:/toolchain/bin/../lib/gcc/arm-none-eabi/15.2.1/../../../../arm-none-eabi/lib/thumb/v7-m/nofp\libc.a(libc_a-mbtowc_r.o)
                0x0800654c                __eucjp_mbtowc
 .text.__jis_mbtowc
                0x08006628      0x140 C:/toolchain/bin/../lib/gcc/arm-none-eabi/15.2.1/../../../../arm-none-eabi/lib/thumb/v7-m/nofp\libc.a(libc_a-mbtowc_r.o)
                0x08006628                __jis_mbtowc
 .text          0x08006768        0x0 C:/toolchain/bin/../lib/gcc/arm-none-eabi/15.2.1/../../../../arm-none-eabi/lib/thumb/v7-m/nofp\libc.a(libc_a-mlock.o)
 .text.__malloc_lock
                0x08006768        0xc C:/toolchain/bin/../lib/gcc/arm-none-eabi/15.2.1/../../../../arm-none-eabi/lib/thumb/v7-m/nofp\libc.a(libc_a-mlock.o)
                0x08006768                __malloc_lock
 .text.__malloc_unlock
                0x08006774        0xc C:/toolchain/bin/../lib/gcc/arm-none-eabi/15.2.1/../../../../arm-none-eabi/lib/thumb/v7-m/nofp\libc.a(libc_a-mlock.o)
                0x08006774                __malloc_unlock
 .text          0x08006780        0x0 C:/toolchain/bin/../lib/gcc/arm-none-eabi/15.2.1/../../../../arm-none-eabi/lib/thumb/v7-m/nofp\libc.a(libc_a-mprec.o)
 .text._Balloc  0x08006780       0x4c C:/toolchain/bin/../lib/gcc/arm-none-eabi/15.2.1/../../../../arm-none-eabi/lib/thumb/v7-m/nofp\libc.a(libc_a-mprec.o)
                0x08006780                _Balloc
 .text._Bfree   0x080067cc       0x14 C:/toolchain/bin/../lib/gcc/arm-none-eabi/15.2.1/../../../../arm-none-eabi/lib/thumb/v7-m/nofp\libc.a(libc_a-mprec.o)
                0x080067cc                _Bfree
 .text.__multadd
                0x080067e0       0xa4 C:/toolchain/bin/../lib/gcc/arm-none-eabi/15.2.1/../../../../arm-none-eabi/lib/thumb/v7-m/nofp\libc.a(libc_a-mprec.o)
                0x080067e0                __multadd
 .text.__s2b    0x08006884       0xa8 C:/toolchain/bin/../lib/gcc/arm-none-eabi/15.2.1/../../../../arm-none-eabi/lib/thumb/v7-m/nofp\libc.a(libc_a-mprec.o)
                0x08006884                __s2b
 .text.__hi0bits
                0x0800692c       0x54 C:/toolchain/bin/../lib/gcc/arm-none-eabi/15.2.1/../../../../arm-none-eabi/lib/thumb/v7-m/nofp\libc.a(libc_a-mprec.o)
                0x0800692c                __hi0bits
 .text.__lo0bits
                0x08006980       0x7c C:/toolchain/bin/../lib/gcc/arm-none-eabi/15.2.1/../../../../arm-none-eabi/lib/thumb/v7-m/nofp\libc.a(libc_a-mprec.o)
                0x08006980                __lo0bits
 .text.__i2b    0x080069fc       0x5c C:/toolchain/bin/../lib/gcc/arm-none-eabi/15.2.1/../../../../arm-none-eabi/lib/thumb/v7-m/nofp\libc.a(libc_a-mprec.o)
                0x080069fc                __i2b
 .text.__multiply
                0x08006a58      0x188 C:/toolchain/bin/../lib/gcc/arm-none-eabi/15.2.1/../../../../arm-none-eabi/lib/thumb/v7-m/nofp\libc.a(libc_a-mprec.o)
                0x08006a58                __multiply
 .text.__pow5mult
                0x08006be0       0xb8 C:/toolchain/bin/../lib/gcc/arm-none-eabi/15.2.1/../../../../arm-none-eabi/lib/thumb/v7-m/nofp\libc.a(libc_a-mprec.o)
                0x08006be0                __pow5mult
 .text.__lshift
                0x08006c98       0xe8 C:/toolchain/bin/../lib/gcc/arm-none-eabi/15.2.1/../../../../arm-none-eabi/lib/thumb/v7-m/nofp\libc.a(libc_a-mprec.o)
                0x08006c98                __lshift
 .text.__mcmp   0x08006d80       0x40 C:/toolchain/bin/../lib/gcc/arm-none-eabi/15.2.1/../../../../arm-none-eabi/lib/thumb/v7-m/nofp\libc.a(libc_a-mprec.o)
                0x08006d80                __mcmp
 .text.__mdiff  0x08006dc0      0x180 C:/toolchain/bin/../lib/gcc/arm-none-eabi/15.2.1/../../../../arm-none-eabi/lib/thumb/v7-m/nofp\libc.a(libc_a-mprec.o)
                0x08006dc0                __mdiff
 .text.__ulp    0x08006f40       0x4c C:/toolchain/bin/../lib/gcc/arm-none-eabi/15.2.1/../../../../arm-none-eabi/lib/thumb/v7-m/nofp\libc.a(libc_a-mprec.o)
                0x08006f40                __ulp
 .text.__b2d    0x08006f8c       0xbc C:/toolchain/bin/../lib/gcc/arm-none-eabi/15.2.1/../../../../arm-none-eabi/lib/thumb/v7-m/nofp\libc.a(libc_a-mprec.o)
                0x08006f8c                __b2d
 .text.__d2b    0x08007048       0xb8 C:/toolchain/bin/../lib/gcc/arm-none-eabi/15.2.1/../../../../arm-none-eabi/lib/thumb/v7-m/nofp\libc.a(libc_a-mprec.o)
                0x08007048                __d2b
 .text.__ratio  0x08007100       0x5c C:/toolchain/bin/../lib/gcc/arm-none-eabi/15.2.1/../../../../arm-none-eabi/lib/thumb/v7-m/nofp\libc.a(libc_a-mprec.o)
                0x08007100                __ratio
 .text._mprec_log10
                0x0800715c       0x38 C:/toolchain/bin/../lib/gcc/arm-none-eabi/15.2.1/../../../../arm-none-eabi/lib/thumb/v7-m/nofp\libc.a(libc_a-mprec.o)
                0x0800715c                _mprec_log10
 .text.__copybits
                0x08007194       0x50 C:/toolchain/bin/../lib/gcc/arm-none-eabi/15.2.1/../../../../arm-none-eabi/lib/thumb/v7-m/nofp\libc.a(libc_a-mprec.o)
                0x08007194                __copybits
 .text.__any_on
                0x080071e4       0x40 C:/toolchain/bin/../lib/gcc/arm-none-eabi/15.2.1/../../../../arm-none-eabi/lib/thumb/v7-m/nofp\libc.a(libc_a-mprec.o)
                0x080071e4                __any_on
 .text          0x08007224        0x0 C:/toolchain/bin/../lib/gcc/arm-none-eabi/15.2.1/../../../../arm-none-eabi/lib/thumb/v7-m/nofp\libc.a(libc_a-strtol.o)
 .text._strtol_l.isra.0
                0x08007224      0x148 C:/toolchain/bin/../lib/gcc/arm-none-eabi/15.2.1/../../../../arm-none-eabi/lib/thumb/v7-m/nofp\libc.a(libc_a-strtol.o)
 .text._strtol_r
                0x0800736c        0x4 C:/toolchain/bin/../lib/gcc/arm-none-eabi/15.2.1/../../../../arm-none-eabi/lib/thumb/v7-m/nofp\libc.a(libc_a-strtol.o)
                0x0800736c                _strtol_r
 .text.strtol_l
                0x08007370       0x1c C:/toolchain/bin/../lib/gcc/arm-none-eabi/15.2.1/../../../../arm-none-eabi/lib/thumb/v7-m/nofp\libc.a(libc_a-strtol.o)
                0x08007370                strtol_l
 .text.strtol   0x0800738c       0x1c C:/toolchain/bin/../lib/gcc/arm-none-eabi/15.2.1/../../../../arm-none-eabi/lib/thumb/v7-m/nofp\libc.a(libc_a-strtol.o)
                0x0800738c                strtol
 .text          0x080073a8        0x0 C:/toolchain/bin/../lib/gcc/arm-none-eabi/15.2.1/../../../../arm-none-eabi/lib/thumb/v7-m/nofp\libc.a(libc_a-wctomb_r.o)
 .text._wctomb_r
                0x080073a8       0x14 C:/toolchain/bin/../lib/gcc/arm-none-eabi/15.2.1/../../../../arm-none-eabi/lib/thumb/v7-m/nofp\libc.a(libc_a-wctomb_r.o)
                0x080073a8                _wctomb_r
 .text.__ascii_wctomb
                0x080073bc       0x20 C:/toolchain/bin/../lib/gcc/arm-none-eabi/15.2.1/../../../../arm-none-eabi/lib/thumb/v7-m/nofp\libc.a(libc_a-wctomb_r.o)
                0x080073bc                __ascii_wctomb
 .text.__utf8_wctomb
                0x080073dc       0xa8 C:/toolchain/bin/../lib/gcc/arm-none-eabi/15.2.1/../../../../arm-none-eabi/lib/thumb/v7-m/nofp\libc.a(libc_a-wctomb_r.o)
                0x080073dc                __utf8_wctomb
 .text.__sjis_wctomb
                0x08007484       0x58 C:/toolchain/bin/../lib/gcc/arm-none-eabi/15.2.1/../../../../arm-none-eabi/lib/thumb/v7-m/nofp\libc.a(libc_a-wctomb_r.o)
                0x08007484                __sjis_wctomb
 .text.__eucjp_wctomb
                0x080074dc       0x74 C:/toolchain/bin/../lib/gcc/arm-none-eabi/15.2.1/../../../../arm-none-eabi/lib/thumb/v7-m/nofp\libc.a(libc_a-wctomb_r.o)
                0x080074dc                __eucjp_wctomb
 .text.__jis_wctomb
                0x08007550       0x80 C:/toolchain/bin/../lib/gcc/arm-none-eabi/15.2.1/../../../../arm-none-eabi/lib/thumb/v7-m/nofp\libc.a(libc_a-wctomb_r.o)
                0x08007550                __jis_wctomb
 .text          0x080075d0        0x0 C:/toolchain/bin/../lib/gcc/arm-none-eabi/15.2.1/../../../../arm-none-eabi/lib/thumb/v7-m/nofp\libc.a(libc_a-wcrtomb.o)
 .text._wcrtomb_r
                0x080075d0       0x50 C:/toolchain/bin/../lib/gcc/arm-none-eabi/15.2.1/../../../../arm-none-eabi/lib/thumb/v7-m/nofp\libc.a(libc_a-wcrtomb.o)
                0x080075d0                _wcrtomb_r
 .text.wcrtomb  0x08007620       0x5c C:/toolchain/bin/../lib/gcc/arm-none-eabi/15.2.1/../../../../arm-none-eabi/lib/thumb/v7-m/nofp\libc.a(libc_a-wcrtomb.o)
                0x08007620                wcrtomb
 .text          0x0800767c        0x0 C:/toolchain/bin/../lib/gcc/arm-none-eabi/15.2.1/../../../../arm-none-eabi/lib/thumb/v7-m/nofp\libc.a(libc_a-wcsrtombs.o)
 .text._wcsrtombs_r
                0x0800767c       0x1c C:/toolchain/bin/../lib/gcc/arm-none-eabi/15.2.1/../../../../arm-none-eabi/lib/thumb/v7-m/nofp\libc.a(libc_a-wcsrtombs.o)
                0x0800767c                _wcsrtombs_r
 .text.wcsrtombs
                0x08007698       0x24 C:/toolchain/bin/../lib/gcc/arm-none-eabi/15.2.1/../../../../arm-none-eabi/lib/thumb/v7-m/nofp\libc.a(libc_a-wcsrtombs.o)
                0x08007698                wcsrtombs
 .text          0x080076bc        0x0 C:/toolchain/bin/../lib/gcc/arm-none-eabi/15.2.1/../../../../arm-none-eabi/lib/thumb/v7-m/nofp\libc.a(libc_a-ctype_.o)
 .text.__set_ctype
                0x080076bc        0xc C:/toolchain/bin/../lib/gcc/arm-none-eabi/15.2.1/../../../../arm-none-eabi/lib/thumb/v7-m/nofp\libc.a(libc_a-ctype_.o)
                0x080076bc                __set_ctype
 .text          0x080076c8        0x0 C:/toolchain/bin/../lib/gcc/arm-none-eabi/15.2.1/../../../../arm-none-eabi/lib/thumb/v7-m/nofp\libc.a(libc_a-ssputs_r.o)
 .text.__ssputs_r
                0x080076c8       0xc8 C:/toolchain/bin/../lib/gcc/arm-none-eabi/15.2.1/../../../../arm-none-eabi/lib/thumb/v7-m/nofp\libc.a(libc_a-ssputs_r.o)
                0x080076c8                __ssputs_r
 .text          0x08007790        0x0 C:/toolchain/bin/../lib/gcc/arm-none-eabi/15.2.1/../../../../arm-none-eabi/lib/thumb/v7-m/nofp\libc.a(libc_a-fclose.o)
 .text._fclose_r
                0x08007790       0xc4 C:/toolchain/bin/../lib/gcc/arm-none-eabi/15.2.1/../../../../arm-none-eabi/lib/thumb/v7-m/nofp\libc.a(libc_a-fclose.o)
                0x08007790                _fclose_r
 .text.fclose   0x08007854       0x10 C:/toolchain/bin/../lib/gcc/arm-none-eabi/15.2.1/../../../../arm-none-eabi/lib/thumb/v7-m/nofp\libc.a(libc_a-fclose.o)
                0x08007854                fclose
 .text          0x08007864        0x0 C:/toolchain/bin/../lib/gcc/arm-none-eabi/15.2.1/../../../../arm-none-eabi/lib/thumb/v7-m/nofp\libc.a(libc_a-fflush.o)
 .text.__sflush_r
                0x08007864      0x120 C:/toolchain/bin/../lib/gcc/arm-none-eabi/15.2.1/../../../../arm-none-eabi/lib/thumb/v7-m/nofp\libc.a(libc_a-fflush.o)
                0x08007864                __sflush_r
 .text._fflush_r
                0x08007984       0x70 C:/toolchain/bin/../lib/gcc/arm-none-eabi/15.2.1/../../../../arm-none-eabi/lib/thumb/v7-m/nofp\libc.a(libc_a-fflush.o)
                0x08007984                _fflush_r
 .text.fflush   0x080079f4       0x90 C:/toolchain/bin/../lib/gcc/arm-none-eabi/15.2.1/../../../../arm-none-eabi/lib/thumb/v7-m/nofp\libc.a(libc_a-fflush.o)
                0x080079f4                fflush
 .text          0x08007a84        0x0 C:/toolchain/bin/../lib/gcc/arm-none-eabi/15.2.1/../../../../arm-none-eabi/lib/thumb/v7-m/nofp\libc.a(libc_a-memmove.o)
 .text.memmove  0x08007a84      0x124 C:/toolchain/bin/../lib/gcc/arm-none-eabi/15.2.1/../../../../arm-none-eabi/lib/thumb/v7-m/nofp\libc.a(libc_a-memmove.o)
                0x08007a84                memmove
 .text          0x08007ba8        0x0 C:/toolchain/bin/../lib/gcc/arm-none-eabi/15.2.1/../../../../arm-none-eabi/lib/thumb/v7-m/nofp\libc.a(libc_a-strcasecmp.o)
 .text.strcasecmp
                0x08007ba8       0x48 C:/toolchain/bin/../lib/gcc/arm-none-eabi/15.2.1/../../../../arm-none-eabi/lib/thumb/v7-m/nofp\libc.a(libc_a-strcasecmp.o)
                0x08007ba8                strcasecmp
 .text          0x08007bf0        0x0 C:/toolchain/bin/../lib/gcc/arm-none-eabi/15.2.1/../../../../arm-none-eabi/lib/thumb/v7-m/nofp\libc.a(libc_a-strcat.o)
 .text.strcat   0x08007bf0       0x6c C:/toolchain/bin/../lib/gcc/arm-none-eabi/15.2.1/../../../../arm-none-eabi/lib/thumb/v7-m/nofp\libc.a(libc_a-strcat.o)
                0x08007bf0                strcat
 .text          0x08007c5c        0x0 C:/toolchain/bin/../lib/gcc/arm-none-eabi/15.2.1/../../../../arm-none-eabi/lib/thumb/v7-m/nofp\libc.a(libc_a-strchr.o)
 .text.strchr   0x08007c5c       0xd0 C:/toolchain/bin/../lib/gcc/arm-none-eabi/15.2.1/../../../../arm-none-eabi/lib/thumb/v7-m/nofp\libc.a(libc_a-strchr.o)
                0x08007c5c                strchr
 .text          0x08007d2c        0x0 C:/toolchain/bin/../lib/gcc/arm-none-eabi/15.2.1/../../../../arm-none-eabi/lib/thumb/v7-m/nofp\libc.a(libc_a-strlcpy.o)
 .text.strlcpy  0x08007d2c       0x28 C:/toolchain/bin/../lib/gcc/arm-none-eabi/15.2.1/../../../../arm-none-eabi/lib/thumb/v7-m/nofp\libc.a(libc_a-strlcpy.o)
                0x08007d2c                strlcpy
 .text          0x08007d54        0x0 C:/toolchain/bin/../lib/gcc/arm-none-eabi/15.2.1/../../../../arm-none-eabi/lib/thumb/v7-m/nofp\libc.a(libc_a-strncasecmp.o)
 .text.strncasecmp
                0x08007d54       0x58 C:/toolchain/bin/../lib/gcc/arm-none-eabi/15.2.1/../../../../arm-none-eabi/lib/thumb/v7-m/nofp\libc.a(libc_a-strncasecmp.o)
                0x08007d54                strncasecmp
 .text          0x08007dac        0x0 C:/toolchain/bin/../lib/gcc/arm-none-eabi/15.2.1/../../../../arm-none-eabi/lib/thumb/v7-m/nofp\libc.a(libc_a-strncmp.o)
 .text.strncmp  0x08007dac       0x78 C:/toolchain/bin/../lib/gcc/arm-none-eabi/15.2.1/../../../../arm-none-eabi/lib/thumb/v7-m/nofp\libc.a(libc_a-strncmp.o)
                0x08007dac                strncmp
 .text          0x08007e24        0x0 C:/toolchain/bin/../lib/gcc/arm-none-eabi/15.2.1/../../../../arm-none-eabi/lib/thumb/v7-m/nofp\libc.a(libc_a-sbrkr.o)
 .text._sbrk_r  0x08007e24       0x24 C:/toolchain/bin/../lib/gcc/arm-none-eabi/15.2.1/../../../../arm-none-eabi/lib/thumb/v7-m/nofp\libc.a(libc_a-sbrkr.o)
                0x08007e24                _sbrk_r
 .text          0x08007e48        0x0 C:/toolchain/bin/../lib/gcc/arm-none-eabi/15.2.1/../../../../arm-none-eabi/lib/thumb/v7-m/nofp\libc.a(libc_a-errno.o)
 .text.__errno  0x08007e48        0xc C:/toolchain/bin/../lib/gcc/arm-none-eabi/15.2.1/../../../../arm-none-eabi/lib/thumb/v7-m/nofp\libc.a(libc_a-errno.o)
                0x08007e48                __errno
 .text          0x08007e54        0x0 C:/toolchain/bin/../lib/gcc/arm-none-eabi/15.2.1/../../../../arm-none-eabi/lib/thumb/v7-m/nofp\libc.a(libc_a-sysconf.o)
 .text.sysconf  0x08007e54       0x1c C:/toolchain/bin/../lib/gcc/arm-none-eabi/15.2.1/../../../../arm-none-eabi/lib/thumb/v7-m/nofp\libc.a(libc_a-sysconf.o)
                0x08007e54                sysconf
 .text          0x08007e70       0xec C:/toolchain/bin/../lib/gcc/arm-none-eabi/15.2.1/../../../../arm-none-eabi/lib/thumb/v7-m/nofp\libc.a(libc_a-memcpy.o)
                0x08007e70                memcpy
 .text          0x08007f5c        0x0 C:/toolchain/bin/../lib/gcc/arm-none-eabi/15.2.1/../../../../arm-none-eabi/lib/thumb/v7-m/nofp\libc.a(libc_a-assert.o)
 .text.__assert_func
                0x08007f5c       0x44 C:/toolchain/bin/../lib/gcc/arm-none-eabi/15.2.1/../../../../arm-none-eabi/lib/thumb/v7-m/nofp\libc.a(libc_a-assert.o)
                0x08007f5c                __assert_func
 .text.__assert
                0x08007fa0        0xc C:/toolchain/bin/../lib/gcc/arm-none-eabi/15.2.1/../../../../arm-none-eabi/lib/thumb/v7-m/nofp\libc.a(libc_a-assert.o)
                0x08007fa0                __assert
 .text          0x08007fac        0x0 C:/toolchain/bin/../lib/gcc/arm-none-eabi/15.2.1/../../../../arm-none-eabi/lib/thumb/v7-m/nofp\libc.a(libc_a-callocr.o)
 .text._calloc_r
                0x08007fac       0x78 C:/toolchain/bin/../lib/gcc/arm-none-eabi/15.2.1/../../../../arm-none-eabi/lib/thumb/v7-m/nofp\libc.a(libc_a-callocr.o)
                0x08007fac                _calloc_r
 .text          0x08008024        0x0 C:/toolchain/bin/../lib/gcc/arm-none-eabi/15.2.1/../../../../arm-none-eabi/lib/thumb/v7-m/nofp\libc.a(libc_a-environ.o)
 .text          0x08008024        0x0 C:/toolchain/bin/../lib/gcc/arm-none-eabi/15.2.1/../../../../arm-none-eabi/lib/thumb/v7-m/nofp\libc.a(libc_a-envlock.o)
 .text.__env_lock
                0x08008024        0xc C:/toolchain/bin/../lib/gcc/arm-none-eabi/15.2.1/../../../../arm-none-eabi/lib/thumb/v7-m/nofp\libc.a(libc_a-envlock.o)
                0x08008024                __env_lock
 .text.__env_unlock
                0x08008030        0xc C:/toolchain/bin/../lib/gcc/arm-none-eabi/15.2.1/../../../../arm-none-eabi/lib/thumb/v7-m/nofp\libc.a(libc_a-envlock.o)
                0x08008030                __env_unlock
 .text          0x0800803c        0x0 C:/toolchain/bin/../lib/gcc/arm-none-eabi/15.2.1/../../../../arm-none-eabi/lib/thumb/v7-m/nofp\libc.a(libc_a-reallocr.o)
 .text._realloc_r
                0x0800803c      0x354 C:/toolchain/bin/../lib/gcc/arm-none-eabi/15.2.1/../../../../arm-none-eabi/lib/thumb/v7-m/nofp\libc.a(libc_a-reallocr.o)
                0x0800803c                _realloc_r
 .text          0x08008390        0x0 C:/toolchain/bin/../lib/gcc/arm-none-eabi/15.2.1/../../../../arm-none-eabi/lib/thumb/v7-m/nofp\libc.a(libc_a-wcsnrtombs.o)
 .text._wcsnrtombs_l
                0x08008390       0xec C:/toolchain/bin/../lib/gcc/arm-none-eabi/15.2.1/../../../../arm-none-eabi/lib/thumb/v7-m/nofp\libc.a(libc_a-wcsnrtombs.o)
                0x08008390                _wcsnrtombs_l
 .text._wcsnrtombs_r
                0x0800847c       0x28 C:/toolchain/bin/../lib/gcc/arm-none-eabi/15.2.1/../../../../arm-none-eabi/lib/thumb/v7-m/nofp\libc.a(libc_a-wcsnrtombs.o)
                0x0800847c                _wcsnrtombs_r
 .text.wcsnrtombs
                0x080084a4       0x30 C:/toolchain/bin/../lib/gcc/arm-none-eabi/15.2.1/../../../../arm-none-eabi/lib/thumb/v7-m/nofp\libc.a(libc_a-wcsnrtombs.o)
                0x080084a4                wcsnrtombs
 .text          0x080084d4        0x0 C:/toolchain/bin/../lib/gcc/arm-none-eabi/15.2.1/../../../../arm-none-eabi/lib/thumb/v7-m/nofp\libc.a(libc_a-fiprintf.o)
 .text._fiprintf_r
                0x080084d4       0x1c C:/toolchain/bin/../lib/gcc/arm-none-eabi/15.2.1/../../../../arm-none-eabi/lib/thumb/v7-m/nofp\libc.a(libc_a-fiprintf.o)
                0x080084d4                _fiprintf_r
 .text.fiprintf
                0x080084f0       0x28 C:/toolchain/bin/../lib/gcc/arm-none-eabi/15.2.1/../../../../arm-none-eabi/lib/thumb/v7-m/nofp\libc.a(libc_a-fiprintf.o)
                0x080084f0                fiprintf
 .text          0x08008518        0x0 C:/toolchain/bin/../lib/gcc/arm-none-eabi/15.2.1/../../../../arm-none-eabi/lib/thumb/v7-m/nofp\libc.a(libc_a-vfiprintf.o)
 .text._vfiprintf_r
                0x08008518     0x1210 C:/toolchain/bin/../lib/gcc/arm-none-eabi/15.2.1/../../../../arm-none-eabi/lib/thumb/v7-m/nofp\libc.a(libc_a-vfiprintf.o)
                0x08008518                _vfiprintf_r
 .text.vfiprintf
                0x08009728       0x1c C:/toolchain/bin/../lib/gcc/arm-none-eabi/15.2.1/../../../../arm-none-eabi/lib/thumb/v7-m/nofp\libc.a(libc_a-vfiprintf.o)
                0x08009728                vfiprintf
 .text.__sbprintf
                0x08009744       0x80 C:/toolchain/bin/../lib/gcc/arm-none-eabi/15.2.1/../../../../arm-none-eabi/lib/thumb/v7-m/nofp\libc.a(libc_a-vfiprintf.o)
 .text          0x080097c4        0x0 C:/toolchain/bin/../lib/gcc/arm-none-eabi/15.2.1/../../../../arm-none-eabi/lib/thumb/v7-m/nofp\libc.a(libc_a-sprint_r.o)
 .text.__sprint_r
                0x080097c4       0x20 C:/toolchain/bin/../lib/gcc/arm-none-eabi/15.2.1/../../../../arm-none-eabi/lib/thumb/v7-m/nofp\libc.a(libc_a-sprint_r.o)
                0x080097c4                __sprint_r
 .text          0x080097e4        0x0 C:/toolchain/bin/../lib/gcc/arm-none-eabi/15.2.1/../../../../arm-none-eabi/lib/thumb/v7-m/nofp\libc.a(libc_a-fvwrite.o)
 .text.__sfvwrite_r
                0x080097e4      0x2e0 C:/toolchain/bin/../lib/gcc/arm-none-eabi/15.2.1/../../../../arm-none-eabi/lib/thumb/v7-m/nofp\libc.a(libc_a-fvwrite.o)
                0x080097e4                __sfvwrite_r
 .text          0x08009ac4        0x0 C:/toolchain/bin/../lib/gcc/arm-none-eabi/15.2.1/../../../../arm-none-eabi/lib/thumb/v7-m/nofp\libc.a(libc_a-wsetup.o)
 .text.__swsetup_r
                0x08009ac4       0xdc C:/toolchain/bin/../lib/gcc/arm-none-eabi/15.2.1/../../../../arm-none-eabi/lib/thumb/v7-m/nofp\libc.a(libc_a-wsetup.o)
                0x08009ac4                __swsetup_r
 .text          0x08009ba0        0x0 C:/toolchain/bin/../lib/gcc/arm-none-eabi/15.2.1/../../../../arm-none-eabi/lib/thumb/v7-m/nofp\libc.a(libc_a-abort.o)
 .text.abort    0x08009ba0       0x10 C:/toolchain/bin/../lib/gcc/arm-none-eabi/15.2.1/../../../../arm-none-eabi/lib/thumb/v7-m/nofp\libc.a(libc_a-abort.o)
                0x08009ba0                abort
 .text          0x08009bb0        0x0 C:/toolchain/bin/../lib/gcc/arm-none-eabi/15.2.1/../../../../arm-none-eabi/lib/thumb/v7-m/nofp\libc.a(libc_a-makebuf.o)
 .text.__smakebuf_r
                0x08009bb0       0xe8 C:/toolchain/bin/../lib/gcc/arm-none-eabi/15.2.1/../../../../arm-none-eabi/lib/thumb/v7-m/nofp\libc.a(libc_a-makebuf.o)
                0x08009bb0                __smakebuf_r
 .text.__swhatbuf_r
                0x08009c98       0x64 C:/toolchain/bin/../lib/gcc/arm-none-eabi/15.2.1/../../../../arm-none-eabi/lib/thumb/v7-m/nofp\libc.a(libc_a-makebuf.o)
                0x08009c98                __swhatbuf_r
 .text          0x08009cfc        0x0 C:/toolchain/bin/../lib/gcc/arm-none-eabi/15.2.1/../../../../arm-none-eabi/lib/thumb/v7-m/nofp\libc.a(libc_a-signal.o)
 .text._init_signal_r
                0x08009cfc       0x3c C:/toolchain/bin/../lib/gcc/arm-none-eabi/15.2.1/../../../../arm-none-eabi/lib/thumb/v7-m/nofp\libc.a(libc_a-signal.o)
                0x08009cfc                _init_signal_r
 .text._signal_r
                0x08009d38       0x58 C:/toolchain/bin/../lib/gcc/arm-none-eabi/15.2.1/../../../../arm-none-eabi/lib/thumb/v7-m/nofp\libc.a(libc_a-signal.o)
                0x08009d38                _signal_r
 .text._raise_r
                0x08009d90       0x64 C:/toolchain/bin/../lib/gcc/arm-none-eabi/15.2.1/../../../../arm-none-eabi/lib/thumb/v7-m/nofp\libc.a(libc_a-signal.o)
                0x08009d90                _raise_r
 .text.__sigtramp_r
                0x08009df4       0x74 C:/toolchain/bin/../lib/gcc/arm-none-eabi/15.2.1/../../../../arm-none-eabi/lib/thumb/v7-m/nofp\libc.a(libc_a-signal.o)
                0x08009df4                __sigtramp_r
 .text.raise    0x08009e68       0x64 C:/toolchain/bin/../lib/gcc/arm-none-eabi/15.2.1/../../../../arm-none-eabi/lib/thumb/v7-m/nofp\libc.a(libc_a-signal.o)
                0x08009e68                raise
 .text.signal   0x08009ecc       0x60 C:/toolchain/bin/../lib/gcc/arm-none-eabi/15.2.1/../../../../arm-none-eabi/lib/thumb/v7-m/nofp\libc.a(libc_a-signal.o)
                0x08009ecc                signal
 .text._init_signal
                0x08009f2c       0x44 C:/toolchain/bin/../lib/gcc/arm-none-eabi/15.2.1/../../../../arm-none-eabi/lib/thumb/v7-m/nofp\libc.a(libc_a-signal.o)
                0x08009f2c                _init_signal
 .text.__sigtramp
                0x08009f70       0x80 C:/toolchain/bin/../lib/gcc/arm-none-eabi/15.2.1/../../../../arm-none-eabi/lib/thumb/v7-m/nofp\libc.a(libc_a-signal.o)
                0x08009f70                __sigtramp
 .text          0x08009ff0        0x0 C:/toolchain/bin/../lib/gcc/arm-none-eabi/15.2.1/../../../../arm-none-eabi/lib/thumb/v7-m/nofp\libc.a(libc_a-fstatr.o)
 .text._fstat_r
                0x08009ff0       0x28 C:/toolchain/bin/../lib/gcc/arm-none-eabi/15.2.1/../../../../arm-none-eabi/lib/thumb/v7-m/nofp\libc.a(libc_a-fstatr.o)
                0x08009ff0                _fstat_r
 .text          0x0800a018        0x0 C:/toolchain/bin/../lib/gcc/arm-none-eabi/15.2.1/../../../../arm-none-eabi/lib/thumb/v7-m/nofp\libc.a(libc_a-isattyr.o)
 .text._isatty_r
                0x0800a018       0x24 C:/toolchain/bin/../lib/gcc/arm-none-eabi/15.2.1/../../../../arm-none-eabi/lib/thumb/v7-m/nofp\libc.a(libc_a-isattyr.o)
                0x0800a018                _isatty_r
 .text          0x0800a03c        0x0 C:/toolchain/bin/../lib/gcc/arm-none-eabi/15.2.1/../../../../arm-none-eabi/lib/thumb/v7-m/nofp\libc.a(libc_a-signalr.o)
 .text._kill_r  0x0800a03c       0x28 C:/toolchain/bin/../lib/gcc/arm-none-eabi/15.2.1/../../../../arm-none-eabi/lib/thumb/v7-m/nofp\libc.a(libc_a-signalr.o)
                0x0800a03c                _kill_r
 .text._getpid_r
                0x0800a064        0x4 C:/toolchain/bin/../lib/gcc/arm-none-eabi/15.2.1/../../../../arm-none-eabi/lib/thumb/v7-m/nofp\libc.a(libc_a-signalr.o)
                0x0800a064                _getpid_r
 .text          0x0800a068        0x0 C:/toolchain/bin/../lib/gcc/arm-none-eabi/15.2.1/../../../../arm-none-eabi/lib/thumb/v7-m/nofp\libnosys.a(close.o)
 .text._close   0x0800a068       0x10 C:/toolchain/bin/../lib/gcc/arm-none-eabi/15.2.1/../../../../arm-none-eabi/lib/thumb/v7-m/nofp\libnosys.a(close.o)
                0x0800a068                _close
 .text          0x0800a078        0x0 C:/toolchain/bin/../lib/gcc/arm-none-eabi/15.2.1/../../../../arm-none-eabi/lib/thumb/v7-m/nofp\libnosys.a(fstat.o)
 .text._fstat   0x0800a078       0x10 C:/toolchain/bin/../lib/gcc/arm-none-eabi/15.2.1/../../../../arm-none-eabi/lib/thumb/v7-m/nofp\libnosys.a(fstat.o)
                0x0800a078                _fstat
 .text          0x0800a088        0x0 C:/toolchain/bin/../lib/gcc/arm-none-eabi/15.2.1/../../../../arm-none-eabi/lib/thumb/v7-m/nofp\libnosys.a(getpid.o)
 .text._getpid  0x0800a088       0x10 C:/toolchain/bin/../lib/gcc/arm-none-eabi/15.2.1/../../../../arm-none-eabi/lib/thumb/v7-m/nofp\libnosys.a(getpid.o)
                0x0800a088                _getpid
 .text          0x0800a098        0x0 C:/toolchain/bin/../lib/gcc/arm-none-eabi/15.2.1/../../../../arm-none-eabi/lib/thumb/v7-m/nofp\libnosys.a(isatty.o)
 .text._isatty  0x0800a098       0x10 C:/toolchain/bin/../lib/gcc/arm-none-eabi/15.2.1/../../../../arm-none-eabi/lib/thumb/v7-m/nofp\libnosys.a(isatty.o)
                0x0800a098                _isatty
 .text          0x0800a0a8        0x0 C:/toolchain/bin/../lib/gcc/arm-none-eabi/15.2.1/../../../../arm-none-eabi/lib/thumb/v7-m/nofp\libnosys.a(kill.o)
 .text._kill    0x0800a0a8       0x10 C:/toolchain/bin/../lib/gcc/arm-none-eabi/15.2.1/../../../../arm-none-eabi/lib/thumb/v7-m/nofp\libnosys.a(kill.o)
                0x0800a0a8                _kill
 .text          0x0800a0b8        0x0 C:/toolchain/bin/../lib/gcc/arm-none-eabi/15.2.1/../../../../arm-none-eabi/lib/thumb/v7-m/nofp\libnosys.a(lseek.o)
 .text._lseek   0x0800a0b8       0x10 C:/toolchain/bin/../lib/gcc/arm-none-eabi/15.2.1/../../../../arm-none-eabi/lib/thumb/v7-m/nofp\libnosys.a(lseek.o)
                0x0800a0b8                _lseek
 .text          0x0800a0c8        0x0 C:/toolchain/bin/../lib/gcc/arm-none-eabi/15.2.1/../../../../arm-none-eabi/lib/thumb/v7-m/nofp\libnosys.a(read.o)
 .text._read    0x0800a0c8       0x10 C:/toolchain/bin/../lib/gcc/arm-none-eabi/15.2.1/../../../../arm-none-eabi/lib/thumb/v7-m/nofp\libnosys.a(read.o)
                0x0800a0c8                _read
 .text          0x0800a0d8        0x0 C:/toolchain/bin/../lib/gcc/arm-none-eabi/15.2.1/../../../../arm-none-eabi/lib/thumb/v7-m/nofp\libnosys.a(sbrk.o)
 .text._sbrk    0x0800a0d8       0x1c C:/toolchain/bin/../lib/gcc/arm-none-eabi/15.2.1/../../../../arm-none-eabi/lib/thumb/v7-m/nofp\libnosys.a(sbrk.o)
                0x0800a0d8                _sbrk
 .text          0x0800a0f4        0x0 C:/toolchain/bin/../lib/gcc/arm-none-eabi/15.2.1/../../../../arm-none-eabi/lib/thumb/v7-m/nofp\libnosys.a(write.o)
 .text._write   0x0800a0f4       0x10 C:/toolchain/bin/../lib/gcc/arm-none-eabi/15.2.1/../../../../arm-none-eabi/lib/thumb/v7-m/nofp\libnosys.a(write.o)
                0x0800a0f4                _write
 .text          0x0800a104        0x0 C:/toolchain/bin/../lib/gcc/arm-none-eabi/15.2.1/../../../../arm-none-eabi/lib/thumb/v7-m/nofp\libnosys.a(_exit.o)
 .text._exit    0x0800a104        0x4 C:/toolchain/bin/../lib/gcc/arm-none-eabi/15.2.1/../../../../arm-none-eabi/lib/thumb/v7-m/nofp\libnosys.a(_exit.o)
                0x0800a104                _exit
 .text          0x0800a108      0x254 C:/toolchain/bin/../lib/gcc/arm-none-eabi/15.2.1/thumb/v7-m/nofp\libgcc.a(_arm_muldf3.o)
 .text          0x0800a35c      0x378 C:/toolchain/bin/../lib/gcc/arm-none-eabi/15.2.1/thumb/v7-m/nofp\libgcc.a(_arm_addsubdf3.o)
                0x0800a35c                __aeabi_drsub
                0x0800a364                __aeabi_dsub
                0x0800a364                __subdf3
                0x0800a368                __aeabi_dadd
                0x0800a368                __adddf3
                0x0800a5e0                __floatunsidf
                0x0800a5e0                __aeabi_ui2d
                0x0800a600                __floatsidf
                0x0800a600                __aeabi_i2d
                0x0800a624                __aeabi_f2d
                0x0800a624                __extendsfdf2
                0x0800a668                __floatundidf
                0x0800a668                __aeabi_ul2d
                0x0800a678                __floatdidf
                0x0800a678                __aeabi_l2d
 .text          0x0800a6d4      0x424 C:/toolchain/bin/../lib/gcc/arm-none-eabi/15.2.1/thumb/v7-m/nofp\libgcc.a(_arm_muldivdf3.o)
                0x0800a6d4                __aeabi_dmul
                0x0800a6d4                __muldf3
                0x0800a928                __divdf3
                0x0800a928                __aeabi_ddiv
 .text          0x0800aaf8      0x110 C:/toolchain/bin/../lib/gcc/arm-none-eabi/15.2.1/thumb/v7-m/nofp\libgcc.a(_arm_cmpdf2.o)
                0x0800aaf8                __gtdf2
                0x0800aaf8                __gedf2
                0x0800ab00                __ltdf2
                0x0800ab00                __ledf2
                0x0800ab08                __nedf2
                0x0800ab08                __eqdf2
                0x0800ab08                __cmpdf2
                0x0800ab84                __aeabi_cdrcmple
                0x0800ab94                __aeabi_cdcmpeq
                0x0800ab94                __aeabi_cdcmple
                0x0800aba4                __aeabi_dcmpeq
                0x0800abb8                __aeabi_dcmplt
                0x0800abcc                __aeabi_dcmple
                0x0800abe0                __aeabi_dcmpge
                0x0800abf4                __aeabi_dcmpgt
 .text          0x0800ac08       0x2c C:/toolchain/bin/../lib/gcc/arm-none-eabi/15.2.1/thumb/v7-m/nofp\libgcc.a(_arm_unorddf2.o)
                0x0800ac08                __unorddf2
                0x0800ac08                __aeabi_dcmpun
 .text          0x0800ac34       0x50 C:/toolchain/bin/../lib/gcc/arm-none-eabi/15.2.1/thumb/v7-m/nofp\libgcc.a(_arm_fixdfsi.o)
                0x0800ac34                __aeabi_d2iz
                0x0800ac34                __fixdfsi
 *(.rodata*)
 .rodata        0x0800ac84       0x2e build/obj/app.o
 *fill*         0x0800acb2        0x2 
 .rodata        0x0800acb4       0x1a build/obj/RGB_senser.o
 *fill*         0x0800acce        0x2 
 .rodata        0x0800acd0       0x1c build/obj/motor.o
 .rodata._svfprintf_r.str1.4
                0x0800acec      0x29b C:/toolchain/bin/../lib/gcc/arm-none-eabi/15.2.1/../../../../arm-none-eabi/lib/thumb/v7-m/nofp\libc.a(libc_a-svfprintf.o)
                                 0x42 (size before relaxing)
 *fill*         0x0800af87        0x1 
 .rodata.zeroes.0
                0x0800af88       0x10 C:/toolchain/bin/../lib/gcc/arm-none-eabi/15.2.1/../../../../arm-none-eabi/lib/thumb/v7-m/nofp\libc.a(libc_a-svfprintf.o)
 .rodata.blanks.1
                0x0800af98       0x10 C:/toolchain/bin/../lib/gcc/arm-none-eabi/15.2.1/../../../../arm-none-eabi/lib/thumb/v7-m/nofp\libc.a(libc_a-svfprintf.o)
 .rodata.__currentlocale.str1.4
                0x0800afa8        0x0 C:/toolchain/bin/../lib/gcc/arm-none-eabi/15.2.1/../../../../arm-none-eabi/lib/thumb/v7-m/nofp\libc.a(libc_a-locale.o)
                                  0x2 (size before relaxing)
 .rodata.__loadlocale.str1.4
                0x0800afa8        0x0 C:/toolchain/bin/../lib/gcc/arm-none-eabi/15.2.1/../../../../arm-none-eabi/lib/thumb/v7-m/nofp\libc.a(libc_a-locale.o)
                                 0xde (size before relaxing)
 .rodata.__get_locale_env.str1.4
                0x0800afa8        0x0 C:/toolchain/bin/../lib/gcc/arm-none-eabi/15.2.1/../../../../arm-none-eabi/lib/thumb/v7-m/nofp\libc.a(libc_a-locale.o)
                                  0xd (size before relaxing)
 .rodata.str1.4
                0x0800afa8        0x0 C:/toolchain/bin/../lib/gcc/arm-none-eabi/15.2.1/../../../../arm-none-eabi/lib/thumb/v7-m/nofp\libc.a(libc_a-locale.o)
                                 0x4c (size before relaxing)
 .rodata.__C_locale
                0x0800afa8      0x254 C:/toolchain/bin/../lib/gcc/arm-none-eabi/15.2.1/../../../../arm-none-eabi/lib/thumb/v7-m/nofp\libc.a(libc_a-locale.o)
                0x0800afa8                __C_locale
 .rodata.categories
                0x0800b1fc       0x1c C:/toolchain/bin/../lib/gcc/arm-none-eabi/15.2.1/../../../../arm-none-eabi/lib/thumb/v7-m/nofp\libc.a(libc_a-locale.o)
 .rodata._dtoa_r.str1.4
                0x0800b218        0x0 C:/toolchain/bin/../lib/gcc/arm-none-eabi/15.2.1/../../../../arm-none-eabi/lib/thumb/v7-m/nofp\libc.a(libc_a-dtoa.o)
                                 0x81 (size before relaxing)
 .rodata.JIS_action_table
                0x0800b218       0x48 C:/toolchain/bin/../lib/gcc/arm-none-eabi/15.2.1/../../../../arm-none-eabi/lib/thumb/v7-m/nofp\libc.a(libc_a-mbtowc_r.o)
 .rodata.JIS_state_table
                0x0800b260       0x48 C:/toolchain/bin/../lib/gcc/arm-none-eabi/15.2.1/../../../../arm-none-eabi/lib/thumb/v7-m/nofp\libc.a(libc_a-mbtowc_r.o)
 .rodata.__multadd.str1.4
                0x0800b2a8        0x0 C:/toolchain/bin/../lib/gcc/arm-none-eabi/15.2.1/../../../../arm-none-eabi/lib/thumb/v7-m/nofp\libc.a(libc_a-mprec.o)
                                 0x6e (size before relaxing)
 .rodata.p05.0  0x0800b2a8        0xc C:/toolchain/bin/../lib/gcc/arm-none-eabi/15.2.1/../../../../arm-none-eabi/lib/thumb/v7-m/nofp\libc.a(libc_a-mprec.o)
 *fill*         0x0800b2b4        0x4 
 .rodata.__mprec_tinytens
                0x0800b2b8       0x28 C:/toolchain/bin/../lib/gcc/arm-none-eabi/15.2.1/../../../../arm-none-eabi/lib/thumb/v7-m/nofp\libc.a(libc_a-mprec.o)
                0x0800b2b8                __mprec_tinytens
 .rodata.__mprec_bigtens
                0x0800b2e0       0x28 C:/toolchain/bin/../lib/gcc/arm-none-eabi/15.2.1/../../../../arm-none-eabi/lib/thumb/v7-m/nofp\libc.a(libc_a-mprec.o)
                0x0800b2e0                __mprec_bigtens
 .rodata.__mprec_tens
                0x0800b308       0xc8 C:/toolchain/bin/../lib/gcc/arm-none-eabi/15.2.1/../../../../arm-none-eabi/lib/thumb/v7-m/nofp\libc.a(libc_a-mprec.o)
                0x0800b308                __mprec_tens
 .rodata._ctype_
                0x0800b3d0      0x101 C:/toolchain/bin/../lib/gcc/arm-none-eabi/15.2.1/../../../../arm-none-eabi/lib/thumb/v7-m/nofp\libc.a(libc_a-ctype_.o)
                0x0800b3d0                _ctype_
 .rodata.__assert_func.str1.4
                0x0800b4d1        0x0 C:/toolchain/bin/../lib/gcc/arm-none-eabi/15.2.1/../../../../arm-none-eabi/lib/thumb/v7-m/nofp\libc.a(libc_a-assert.o)
                                 0x43 (size before relaxing)
 .rodata._vfiprintf_r.str1.4
                0x0800b4d1        0x0 C:/toolchain/bin/../lib/gcc/arm-none-eabi/15.2.1/../../../../arm-none-eabi/lib/thumb/v7-m/nofp\libc.a(libc_a-vfiprintf.o)
                                 0x2f (size before relaxing)
 *fill*         0x0800b4d1        0x3 
 .rodata.zeroes.0
                0x0800b4d4       0x10 C:/toolchain/bin/../lib/gcc/arm-none-eabi/15.2.1/../../../../arm-none-eabi/lib/thumb/v7-m/nofp\libc.a(libc_a-vfiprintf.o)
 .rodata.blanks.1
                0x0800b4e4       0x10 C:/toolchain/bin/../lib/gcc/arm-none-eabi/15.2.1/../../../../arm-none-eabi/lib/thumb/v7-m/nofp\libc.a(libc_a-vfiprintf.o)
                0x0800b4f4                        _etext = .

.glue_7         0x0800b4f4        0x0
 .glue_7        0x0800b4f4        0x0 linker stubs

.glue_7t        0x0800b4f4        0x0
 .glue_7t       0x0800b4f4        0x0 linker stubs

.vfp11_veneer   0x0800b4f4        0x0
 .vfp11_veneer  0x0800b4f4        0x0 linker stubs

.v4_bx          0x0800b4f4        0x0
 .v4_bx         0x0800b4f4        0x0 linker stubs

.iplt           0x0800b4f4        0x0
 .iplt          0x0800b4f4        0x0 build/obj/main.o

.rel.dyn        0x0800b4f4        0x0
 .rel.iplt      0x0800b4f4        0x0 build/obj/main.o

.data           0x20000000      0x89c load address 0x0800b4f4
                0x20000000                        _sdata = .
 *(.data*)
 .data          0x20000000        0x0 build/obj/main.o
 .data          0x20000000        0x0 build/obj/startup_stm32f103c8.o
 .data          0x20000000        0x0 build/obj/app.o
 .data          0x20000000        0x0 build/obj/gpio.o
 .data          0x20000000        0x0 build/obj/i2c.o
 .data          0x20000000        0x0 build/obj/pwm.o
 .data          0x20000000        0x0 build/obj/systick.o
 .data          0x20000000        0x0 build/obj/uart.o
 .data          0x20000000        0x0 build/obj/uart_esp32.o
 .data          0x20000000        0x0 build/obj/MPU.o
 .data          0x20000000        0x0 build/obj/RGB_senser.o
 .data          0x20000000        0x0 build/obj/led.o
 .data          0x20000000        0x0 build/obj/motor.o
 .data          0x20000000        0x0 build/obj/ringbuff.o
 .data          0x20000000        0x0 C:/toolchain/bin/../lib/gcc/arm-none-eabi/15.2.1/../../../../arm-none-eabi/lib/thumb/v7-m/nofp\libc.a(libc_a-sprintf.o)
 .data          0x20000000        0x0 C:/toolchain/bin/../lib/gcc/arm-none-eabi/15.2.1/../../../../arm-none-eabi/lib/thumb/v7-m/nofp\libc.a(libc_a-impure.o)
 .data._impure_ptr
                0x20000000        0x4 C:/toolchain/bin/../lib/gcc/arm-none-eabi/15.2.1/../../../../arm-none-eabi/lib/thumb/v7-m/nofp\libc.a(libc_a-impure.o)
                0x20000000                _impure_ptr
 *fill*         0x20000004        0x4 
 .data._impure_data
                0x20000008      0x200 C:/toolchain/bin/../lib/gcc/arm-none-eabi/15.2.1/../../../../arm-none-eabi/lib/thumb/v7-m/nofp\libc.a(libc_a-impure.o)
                0x20000008                _impure_data
 .data          0x20000208        0x0 C:/toolchain/bin/../lib/gcc/arm-none-eabi/15.2.1/../../../../arm-none-eabi/lib/thumb/v7-m/nofp\libc.a(libc_a-svfprintf.o)
 .data          0x20000208        0x0 C:/toolchain/bin/../lib/gcc/arm-none-eabi/15.2.1/../../../../arm-none-eabi/lib/thumb/v7-m/nofp\libc.a(libc_a-ssprint_r.o)
 .data          0x20000208        0x0 C:/toolchain/bin/../lib/gcc/arm-none-eabi/15.2.1/../../../../arm-none-eabi/lib/thumb/v7-m/nofp\libc.a(libc_a-findfp.o)
 .data.__sglue  0x20000208        0xc C:/toolchain/bin/../lib/gcc/arm-none-eabi/15.2.1/../../../../arm-none-eabi/lib/thumb/v7-m/nofp\libc.a(libc_a-findfp.o)
                0x20000208                __sglue
 .data          0x20000214        0x0 C:/toolchain/bin/../lib/gcc/arm-none-eabi/15.2.1/../../../../arm-none-eabi/lib/thumb/v7-m/nofp\libc.a(libc_a-fwalk.o)
 .data          0x20000214        0x0 C:/toolchain/bin/../lib/gcc/arm-none-eabi/15.2.1/../../../../arm-none-eabi/lib/thumb/v7-m/nofp\libc.a(libc_a-stdio.o)
 .data          0x20000214        0x0 C:/toolchain/bin/../lib/gcc/arm-none-eabi/15.2.1/../../../../arm-none-eabi/lib/thumb/v7-m/nofp\libc.a(libc_a-memset.o)
 .data          0x20000214        0x0 C:/toolchain/bin/../lib/gcc/arm-none-eabi/15.2.1/../../../../arm-none-eabi/lib/thumb/v7-m/nofp\libc.a(libc_a-strncpy.o)
 .data          0x20000214        0x0 C:/toolchain/bin/../lib/gcc/arm-none-eabi/15.2.1/../../../../arm-none-eabi/lib/thumb/v7-m/nofp\libc.a(libc_a-locale.o)
 .data.__global_locale
                0x20000214      0x254 C:/toolchain/bin/../lib/gcc/arm-none-eabi/15.2.1/../../../../arm-none-eabi/lib/thumb/v7-m/nofp\libc.a(libc_a-locale.o)
                0x20000214                __global_locale
 .data.__default_locale
                0x20000468       0x20 C:/toolchain/bin/../lib/gcc/arm-none-eabi/15.2.1/../../../../arm-none-eabi/lib/thumb/v7-m/nofp\libc.a(libc_a-locale.o)
                0x20000468                __default_locale
 .data          0x20000488        0x0 C:/toolchain/bin/../lib/gcc/arm-none-eabi/15.2.1/../../../../arm-none-eabi/lib/thumb/v7-m/nofp\libc.a(libc_a-localeconv.o)
 .data          0x20000488        0x0 C:/toolchain/bin/../lib/gcc/arm-none-eabi/15.2.1/../../../../arm-none-eabi/lib/thumb/v7-m/nofp\libc.a(libc_a-closer.o)
 .data          0x20000488        0x0 C:/toolchain/bin/../lib/gcc/arm-none-eabi/15.2.1/../../../../arm-none-eabi/lib/thumb/v7-m/nofp\libc.a(libc_a-reent.o)
 .data          0x20000488        0x0 C:/toolchain/bin/../lib/gcc/arm-none-eabi/15.2.1/../../../../arm-none-eabi/lib/thumb/v7-m/nofp\libc.a(libc_a-lseekr.o)
 .data          0x20000488        0x0 C:/toolchain/bin/../lib/gcc/arm-none-eabi/15.2.1/../../../../arm-none-eabi/lib/thumb/v7-m/nofp\libc.a(libc_a-readr.o)
 .data          0x20000488        0x0 C:/toolchain/bin/../lib/gcc/arm-none-eabi/15.2.1/../../../../arm-none-eabi/lib/thumb/v7-m/nofp\libc.a(libc_a-writer.o)
 .data          0x20000488        0x0 C:/toolchain/bin/../lib/gcc/arm-none-eabi/15.2.1/../../../../arm-none-eabi/lib/thumb/v7-m/nofp\libc.a(libc_a-lock.o)
 .data          0x20000488        0x0 C:/toolchain/bin/../lib/gcc/arm-none-eabi/15.2.1/../../../../arm-none-eabi/lib/thumb/v7-m/nofp\libc.a(libc_a-strcmp.o)
 .data          0x20000488        0x0 C:/toolchain/bin/../lib/gcc/arm-none-eabi/15.2.1/../../../../arm-none-eabi/lib/thumb/v7-m/nofp\libc.a(libc_a-strcpy.o)
 .data          0x20000488        0x0 C:/toolchain/bin/../lib/gcc/arm-none-eabi/15.2.1/../../../../arm-none-eabi/lib/thumb/v7-m/nofp\libc.a(libc_a-memchr-stub.o)
 .data          0x20000488        0x0 C:/toolchain/bin/../lib/gcc/arm-none-eabi/15.2.1/../../../../arm-none-eabi/lib/thumb/v7-m/nofp\libc.a(libc_a-strlen-stub.o)
 .data          0x20000488        0x0 C:/toolchain/bin/../lib/gcc/arm-none-eabi/15.2.1/../../../../arm-none-eabi/lib/thumb/v7-m/nofp\libc.a(libm_a-s_frexp.o)
 .data          0x20000488        0x0 C:/toolchain/bin/../lib/gcc/arm-none-eabi/15.2.1/../../../../arm-none-eabi/lib/thumb/v7-m/nofp\libc.a(libc_a-dtoa.o)
 .data          0x20000488        0x0 C:/toolchain/bin/../lib/gcc/arm-none-eabi/15.2.1/../../../../arm-none-eabi/lib/thumb/v7-m/nofp\libc.a(libc_a-freer.o)
 .data          0x20000488        0x0 C:/toolchain/bin/../lib/gcc/arm-none-eabi/15.2.1/../../../../arm-none-eabi/lib/thumb/v7-m/nofp\libc.a(libc_a-getenv_r.o)
 .data          0x20000488        0x0 C:/toolchain/bin/../lib/gcc/arm-none-eabi/15.2.1/../../../../arm-none-eabi/lib/thumb/v7-m/nofp\libc.a(libc_a-mallocr.o)
 .data.__malloc_sbrk_base
                0x20000488        0x4 C:/toolchain/bin/../lib/gcc/arm-none-eabi/15.2.1/../../../../arm-none-eabi/lib/thumb/v7-m/nofp\libc.a(libc_a-mallocr.o)
                0x20000488                __malloc_sbrk_base
 .data.__malloc_trim_threshold
                0x2000048c        0x4 C:/toolchain/bin/../lib/gcc/arm-none-eabi/15.2.1/../../../../arm-none-eabi/lib/thumb/v7-m/nofp\libc.a(libc_a-mallocr.o)
                0x2000048c                __malloc_trim_threshold
 .data.__malloc_av_
                0x20000490      0x408 C:/toolchain/bin/../lib/gcc/arm-none-eabi/15.2.1/../../../../arm-none-eabi/lib/thumb/v7-m/nofp\libc.a(libc_a-mallocr.o)
                0x20000490                __malloc_av_
 .data          0x20000898        0x0 C:/toolchain/bin/../lib/gcc/arm-none-eabi/15.2.1/../../../../arm-none-eabi/lib/thumb/v7-m/nofp\libc.a(libc_a-mbtowc_r.o)
 .data          0x20000898        0x0 C:/toolchain/bin/../lib/gcc/arm-none-eabi/15.2.1/../../../../arm-none-eabi/lib/thumb/v7-m/nofp\libc.a(libc_a-mlock.o)
 .data          0x20000898        0x0 C:/toolchain/bin/../lib/gcc/arm-none-eabi/15.2.1/../../../../arm-none-eabi/lib/thumb/v7-m/nofp\libc.a(libc_a-mprec.o)
 .data          0x20000898        0x0 C:/toolchain/bin/../lib/gcc/arm-none-eabi/15.2.1/../../../../arm-none-eabi/lib/thumb/v7-m/nofp\libc.a(libc_a-strtol.o)
 .data          0x20000898        0x0 C:/toolchain/bin/../lib/gcc/arm-none-eabi/15.2.1/../../../../arm-none-eabi/lib/thumb/v7-m/nofp\libc.a(libc_a-wctomb_r.o)
 .data          0x20000898        0x0 C:/toolchain/bin/../lib/gcc/arm-none-eabi/15.2.1/../../../../arm-none-eabi/lib/thumb/v7-m/nofp\libc.a(libc_a-wcrtomb.o)
 .data          0x20000898        0x0 C:/toolchain/bin/../lib/gcc/arm-none-eabi/15.2.1/../../../../arm-none-eabi/lib/thumb/v7-m/nofp\libc.a(libc_a-wcsrtombs.o)
 .data          0x20000898        0x0 C:/toolchain/bin/../lib/gcc/arm-none-eabi/15.2.1/../../../../arm-none-eabi/lib/thumb/v7-m/nofp\libc.a(libc_a-ctype_.o)
 .data          0x20000898        0x0 C:/toolchain/bin/../lib/gcc/arm-none-eabi/15.2.1/../../../../arm-none-eabi/lib/thumb/v7-m/nofp\libc.a(libc_a-ssputs_r.o)
 .data          0x20000898        0x0 C:/toolchain/bin/../lib/gcc/arm-none-eabi/15.2.1/../../../../arm-none-eabi/lib/thumb/v7-m/nofp\libc.a(libc_a-fclose.o)
 .data          0x20000898        0x0 C:/toolchain/bin/../lib/gcc/arm-none-eabi/15.2.1/../../../../arm-none-eabi/lib/thumb/v7-m/nofp\libc.a(libc_a-fflush.o)
 .data          0x20000898        0x0 C:/toolchain/bin/../lib/gcc/arm-none-eabi/15.2.1/../../../../arm-none-eabi/lib/thumb/v7-m/nofp\libc.a(libc_a-memmove.o)
 .data          0x20000898        0x0 C:/toolchain/bin/../lib/gcc/arm-none-eabi/15.2.1/../../../../arm-none-eabi/lib/thumb/v7-m/nofp\libc.a(libc_a-strcasecmp.o)
 .data          0x20000898        0x0 C:/toolchain/bin/../lib/gcc/arm-none-eabi/15.2.1/../../../../arm-none-eabi/lib/thumb/v7-m/nofp\libc.a(libc_a-strcat.o)
 .data          0x20000898        0x0 C:/toolchain/bin/../lib/gcc/arm-none-eabi/15.2.1/../../../../arm-none-eabi/lib/thumb/v7-m/nofp\libc.a(libc_a-strchr.o)
 .data          0x20000898        0x0 C:/toolchain/bin/../lib/gcc/arm-none-eabi/15.2.1/../../../../arm-none-eabi/lib/thumb/v7-m/nofp\libc.a(libc_a-strlcpy.o)
 .data          0x20000898        0x0 C:/toolchain/bin/../lib/gcc/arm-none-eabi/15.2.1/../../../../arm-none-eabi/lib/thumb/v7-m/nofp\libc.a(libc_a-strncasecmp.o)
 .data          0x20000898        0x0 C:/toolchain/bin/../lib/gcc/arm-none-eabi/15.2.1/../../../../arm-none-eabi/lib/thumb/v7-m/nofp\libc.a(libc_a-strncmp.o)
 .data          0x20000898        0x0 C:/toolchain/bin/../lib/gcc/arm-none-eabi/15.2.1/../../../../arm-none-eabi/lib/thumb/v7-m/nofp\libc.a(libc_a-sbrkr.o)
 .data          0x20000898        0x0 C:/toolchain/bin/../lib/gcc/arm-none-eabi/15.2.1/../../../../arm-none-eabi/lib/thumb/v7-m/nofp\libc.a(libc_a-errno.o)
 .data          0x20000898        0x0 C:/toolchain/bin/../lib/gcc/arm-none-eabi/15.2.1/../../../../arm-none-eabi/lib/thumb/v7-m/nofp\libc.a(libc_a-sysconf.o)
 .data          0x20000898        0x0 C:/toolchain/bin/../lib/gcc/arm-none-eabi/15.2.1/../../../../arm-none-eabi/lib/thumb/v7-m/nofp\libc.a(libc_a-memcpy.o)
 .data          0x20000898        0x0 C:/toolchain/bin/../lib/gcc/arm-none-eabi/15.2.1/../../../../arm-none-eabi/lib/thumb/v7-m/nofp\libc.a(libc_a-assert.o)
 .data          0x20000898        0x0 C:/toolchain/bin/../lib/gcc/arm-none-eabi/15.2.1/../../../../arm-none-eabi/lib/thumb/v7-m/nofp\libc.a(libc_a-callocr.o)
 .data          0x20000898        0x0 C:/toolchain/bin/../lib/gcc/arm-none-eabi/15.2.1/../../../../arm-none-eabi/lib/thumb/v7-m/nofp\libc.a(libc_a-environ.o)
 .data.environ  0x20000898        0x4 C:/toolchain/bin/../lib/gcc/arm-none-eabi/15.2.1/../../../../arm-none-eabi/lib/thumb/v7-m/nofp\libc.a(libc_a-environ.o)
                0x20000898                environ
 .data          0x2000089c        0x0 C:/toolchain/bin/../lib/gcc/arm-none-eabi/15.2.1/../../../../arm-none-eabi/lib/thumb/v7-m/nofp\libc.a(libc_a-envlock.o)
 .data          0x2000089c        0x0 C:/toolchain/bin/../lib/gcc/arm-none-eabi/15.2.1/../../../../arm-none-eabi/lib/thumb/v7-m/nofp\libc.a(libc_a-reallocr.o)
 .data          0x2000089c        0x0 C:/toolchain/bin/../lib/gcc/arm-none-eabi/15.2.1/../../../../arm-none-eabi/lib/thumb/v7-m/nofp\libc.a(libc_a-wcsnrtombs.o)
 .data          0x2000089c        0x0 C:/toolchain/bin/../lib/gcc/arm-none-eabi/15.2.1/../../../../arm-none-eabi/lib/thumb/v7-m/nofp\libc.a(libc_a-fiprintf.o)
 .data          0x2000089c        0x0 C:/toolchain/bin/../lib/gcc/arm-none-eabi/15.2.1/../../../../arm-none-eabi/lib/thumb/v7-m/nofp\libc.a(libc_a-vfiprintf.o)
 .data          0x2000089c        0x0 C:/toolchain/bin/../lib/gcc/arm-none-eabi/15.2.1/../../../../arm-none-eabi/lib/thumb/v7-m/nofp\libc.a(libc_a-sprint_r.o)
 .data          0x2000089c        0x0 C:/toolchain/bin/../lib/gcc/arm-none-eabi/15.2.1/../../../../arm-none-eabi/lib/thumb/v7-m/nofp\libc.a(libc_a-fvwrite.o)
 .data          0x2000089c        0x0 C:/toolchain/bin/../lib/gcc/arm-none-eabi/15.2.1/../../../../arm-none-eabi/lib/thumb/v7-m/nofp\libc.a(libc_a-wsetup.o)
 .data          0x2000089c        0x0 C:/toolchain/bin/../lib/gcc/arm-none-eabi/15.2.1/../../../../arm-none-eabi/lib/thumb/v7-m/nofp\libc.a(libc_a-abort.o)
 .data          0x2000089c        0x0 C:/toolchain/bin/../lib/gcc/arm-none-eabi/15.2.1/../../../../arm-none-eabi/lib/thumb/v7-m/nofp\libc.a(libc_a-makebuf.o)
 .data          0x2000089c        0x0 C:/toolchain/bin/../lib/gcc/arm-none-eabi/15.2.1/../../../../arm-none-eabi/lib/thumb/v7-m/nofp\libc.a(libc_a-signal.o)
 .data          0x2000089c        0x0 C:/toolchain/bin/../lib/gcc/arm-none-eabi/15.2.1/../../../../arm-none-eabi/lib/thumb/v7-m/nofp\libc.a(libc_a-fstatr.o)
 .data          0x2000089c        0x0 C:/toolchain/bin/../lib/gcc/arm-none-eabi/15.2.1/../../../../arm-none-eabi/lib/thumb/v7-m/nofp\libc.a(libc_a-isattyr.o)
 .data          0x2000089c        0x0 C:/toolchain/bin/../lib/gcc/arm-none-eabi/15.2.1/../../../../arm-none-eabi/lib/thumb/v7-m/nofp\libc.a(libc_a-signalr.o)
 .data          0x2000089c        0x0 C:/toolchain/bin/../lib/gcc/arm-none-eabi/15.2.1/../../../../arm-none-eabi/lib/thumb/v7-m/nofp\libnosys.a(close.o)
 .data          0x2000089c        0x0 C:/toolchain/bin/../lib/gcc/arm-none-eabi/15.2.1/../../../../arm-none-eabi/lib/thumb/v7-m/nofp\libnosys.a(fstat.o)
 .data          0x2000089c        0x0 C:/toolchain/bin/../lib/gcc/arm-none-eabi/15.2.1/../../../../arm-none-eabi/lib/thumb/v7-m/nofp\libnosys.a(getpid.o)
 .data          0x2000089c        0x0 C:/toolchain/bin/../lib/gcc/arm-none-eabi/15.2.1/../../../../arm-none-eabi/lib/thumb/v7-m/nofp\libnosys.a(isatty.o)
 .data          0x2000089c        0x0 C:/toolchain/bin/../lib/gcc/arm-none-eabi/15.2.1/../../../../arm-none-eabi/lib/thumb/v7-m/nofp\libnosys.a(kill.o)
 .data          0x2000089c        0x0 C:/toolchain/bin/../lib/gcc/arm-none-eabi/15.2.1/../../../../arm-none-eabi/lib/thumb/v7-m/nofp\libnosys.a(lseek.o)
 .data          0x2000089c        0x0 C:/toolchain/bin/../lib/gcc/arm-none-eabi/15.2.1/../../../../arm-none-eabi/lib/thumb/v7-m/nofp\libnosys.a(read.o)
 .data          0x2000089c        0x0 C:/toolchain/bin/../lib/gcc/arm-none-eabi/15.2.1/../../../../arm-none-eabi/lib/thumb/v7-m/nofp\libnosys.a(sbrk.o)
 .data          0x2000089c        0x0 C:/toolchain/bin/../lib/gcc/arm-none-eabi/15.2.1/../../../../arm-none-eabi/lib/thumb/v7-m/nofp\libnosys.a(write.o)
 .data          0x2000089c        0x0 C:/toolchain/bin/../lib/gcc/arm-none-eabi/15.2.1/../../../../arm-none-eabi/lib/thumb/v7-m/nofp\libnosys.a(_exit.o)
 .data          0x2000089c        0x0 C:/toolchain/bin/../lib/gcc/arm-none-eabi/15.2.1/thumb/v7-m/nofp\libgcc.a(_arm_muldf3.o)
 .data          0x2000089c        0x0 C:/toolchain/bin/../lib/gcc/arm-none-eabi/15.2.1/thumb/v7-m/nofp\libgcc.a(_arm_addsubdf3.o)
 .data          0x2000089c        0x0 C:/toolchain/bin/../lib/gcc/arm-none-eabi/15.2.1/thumb/v7-m/nofp\libgcc.a(_arm_muldivdf3.o)
 .data          0x2000089c        0x0 C:/toolchain/bin/../lib/gcc/arm-none-eabi/15.2.1/thumb/v7-m/nofp\libgcc.a(_arm_cmpdf2.o)
 .data          0x2000089c        0x0 C:/toolchain/bin/../lib/gcc/arm-none-eabi/15.2.1/thumb/v7-m/nofp\libgcc.a(_arm_unorddf2.o)
 .data          0x2000089c        0x0 C:/toolchain/bin/../lib/gcc/arm-none-eabi/15.2.1/thumb/v7-m/nofp\libgcc.a(_arm_fixdfsi.o)
                0x2000089c                        _edata = .

.igot.plt       0x2000089c        0x0 load address 0x0800bd90
 .igot.plt      0x2000089c        0x0 build/obj/main.o

.bss            0x2000089c      0x478 load address 0x0800bd90
                0x2000089c                        _sbss = .
 *(.bss*)
 .bss           0x2000089c        0x0 build/obj/main.o
 .bss           0x2000089c        0x0 build/obj/startup_stm32f103c8.o
 .bss           0x2000089c        0x2 build/obj/app.o
                0x2000089c                gz_offset
 .bss           0x2000089e        0x0 build/obj/gpio.o
 .bss           0x2000089e        0x0 build/obj/i2c.o
 .bss           0x2000089e        0x0 build/obj/pwm.o
 *fill*         0x2000089e        0x2 
 .bss           0x200008a0        0x4 build/obj/systick.o
 .bss           0x200008a4       0x88 build/obj/uart.o
 .bss           0x2000092c       0x88 build/obj/uart_esp32.o
 .bss           0x200009b4        0x0 build/obj/MPU.o
 .bss           0x200009b4        0x0 build/obj/RGB_senser.o
 .bss           0x200009b4        0x0 build/obj/led.o
 .bss           0x200009b4        0x0 build/obj/motor.o
 .bss           0x200009b4        0x0 build/obj/ringbuff.o
 .bss           0x200009b4        0x0 C:/toolchain/bin/../lib/gcc/arm-none-eabi/15.2.1/../../../../arm-none-eabi/lib/thumb/v7-m/nofp\libc.a(libc_a-sprintf.o)
 .bss           0x200009b4        0x0 C:/toolchain/bin/../lib/gcc/arm-none-eabi/15.2.1/../../../../arm-none-eabi/lib/thumb/v7-m/nofp\libc.a(libc_a-impure.o)
 .bss           0x200009b4        0x0 C:/toolchain/bin/../lib/gcc/arm-none-eabi/15.2.1/../../../../arm-none-eabi/lib/thumb/v7-m/nofp\libc.a(libc_a-svfprintf.o)
 .bss           0x200009b4        0x0 C:/toolchain/bin/../lib/gcc/arm-none-eabi/15.2.1/../../../../arm-none-eabi/lib/thumb/v7-m/nofp\libc.a(libc_a-ssprint_r.o)
 .bss           0x200009b4        0x0 C:/toolchain/bin/../lib/gcc/arm-none-eabi/15.2.1/../../../../arm-none-eabi/lib/thumb/v7-m/nofp\libc.a(libc_a-findfp.o)
 .bss.__sf      0x200009b4      0x138 C:/toolchain/bin/../lib/gcc/arm-none-eabi/15.2.1/../../../../arm-none-eabi/lib/thumb/v7-m/nofp\libc.a(libc_a-findfp.o)
                0x200009b4                __sf
 .bss.__stdio_exit_handler
                0x20000aec        0x4 C:/toolchain/bin/../lib/gcc/arm-none-eabi/15.2.1/../../../../arm-none-eabi/lib/thumb/v7-m/nofp\libc.a(libc_a-findfp.o)
                0x20000aec                __stdio_exit_handler
 .bss           0x20000af0        0x0 C:/toolchain/bin/../lib/gcc/arm-none-eabi/15.2.1/../../../../arm-none-eabi/lib/thumb/v7-m/nofp\libc.a(libc_a-fwalk.o)
 .bss           0x20000af0        0x0 C:/toolchain/bin/../lib/gcc/arm-none-eabi/15.2.1/../../../../arm-none-eabi/lib/thumb/v7-m/nofp\libc.a(libc_a-stdio.o)
 .bss           0x20000af0        0x0 C:/toolchain/bin/../lib/gcc/arm-none-eabi/15.2.1/../../../../arm-none-eabi/lib/thumb/v7-m/nofp\libc.a(libc_a-memset.o)
 .bss           0x20000af0        0x0 C:/toolchain/bin/../lib/gcc/arm-none-eabi/15.2.1/../../../../arm-none-eabi/lib/thumb/v7-m/nofp\libc.a(libc_a-strncpy.o)
 .bss           0x20000af0        0x0 C:/toolchain/bin/../lib/gcc/arm-none-eabi/15.2.1/../../../../arm-none-eabi/lib/thumb/v7-m/nofp\libc.a(libc_a-locale.o)
 .bss.saved_categories.0
                0x20000af0       0xe0 C:/toolchain/bin/../lib/gcc/arm-none-eabi/15.2.1/../../../../arm-none-eabi/lib/thumb/v7-m/nofp\libc.a(libc_a-locale.o)
 .bss.new_categories.1
                0x20000bd0       0xe0 C:/toolchain/bin/../lib/gcc/arm-none-eabi/15.2.1/../../../../arm-none-eabi/lib/thumb/v7-m/nofp\libc.a(libc_a-locale.o)
 .bss._PathLocale
                0x20000cb0        0x4 C:/toolchain/bin/../lib/gcc/arm-none-eabi/15.2.1/../../../../arm-none-eabi/lib/thumb/v7-m/nofp\libc.a(libc_a-locale.o)
                0x20000cb0                _PathLocale
 .bss           0x20000cb4        0x0 C:/toolchain/bin/../lib/gcc/arm-none-eabi/15.2.1/../../../../arm-none-eabi/lib/thumb/v7-m/nofp\libc.a(libc_a-localeconv.o)
 .bss           0x20000cb4        0x0 C:/toolchain/bin/../lib/gcc/arm-none-eabi/15.2.1/../../../../arm-none-eabi/lib/thumb/v7-m/nofp\libc.a(libc_a-closer.o)
 .bss           0x20000cb4        0x0 C:/toolchain/bin/../lib/gcc/arm-none-eabi/15.2.1/../../../../arm-none-eabi/lib/thumb/v7-m/nofp\libc.a(libc_a-reent.o)
 .bss.errno     0x20000cb4        0x4 C:/toolchain/bin/../lib/gcc/arm-none-eabi/15.2.1/../../../../arm-none-eabi/lib/thumb/v7-m/nofp\libc.a(libc_a-reent.o)
                0x20000cb4                errno
 .bss           0x20000cb8        0x0 C:/toolchain/bin/../lib/gcc/arm-none-eabi/15.2.1/../../../../arm-none-eabi/lib/thumb/v7-m/nofp\libc.a(libc_a-lseekr.o)
 .bss           0x20000cb8        0x0 C:/toolchain/bin/../lib/gcc/arm-none-eabi/15.2.1/../../../../arm-none-eabi/lib/thumb/v7-m/nofp\libc.a(libc_a-readr.o)
 .bss           0x20000cb8        0x0 C:/toolchain/bin/../lib/gcc/arm-none-eabi/15.2.1/../../../../arm-none-eabi/lib/thumb/v7-m/nofp\libc.a(libc_a-writer.o)
 .bss           0x20000cb8        0x0 C:/toolchain/bin/../lib/gcc/arm-none-eabi/15.2.1/../../../../arm-none-eabi/lib/thumb/v7-m/nofp\libc.a(libc_a-lock.o)
 .bss.__lock___arc4random_mutex
                0x20000cb8        0x1 C:/toolchain/bin/../lib/gcc/arm-none-eabi/15.2.1/../../../../arm-none-eabi/lib/thumb/v7-m/nofp\libc.a(libc_a-lock.o)
                0x20000cb8                __lock___arc4random_mutex
 *fill*         0x20000cb9        0x3 
 .bss.__lock___dd_hash_mutex
                0x20000cbc        0x1 C:/toolchain/bin/../lib/gcc/arm-none-eabi/15.2.1/../../../../arm-none-eabi/lib/thumb/v7-m/nofp\libc.a(libc_a-lock.o)
                0x20000cbc                __lock___dd_hash_mutex
 *fill*         0x20000cbd        0x3 
 .bss.__lock___tz_mutex
                0x20000cc0        0x1 C:/toolchain/bin/../lib/gcc/arm-none-eabi/15.2.1/../../../../arm-none-eabi/lib/thumb/v7-m/nofp\libc.a(libc_a-lock.o)
                0x20000cc0                __lock___tz_mutex
 *fill*         0x20000cc1        0x3 
 .bss.__lock___env_recursive_mutex
                0x20000cc4        0x1 C:/toolchain/bin/../lib/gcc/arm-none-eabi/15.2.1/../../../../arm-none-eabi/lib/thumb/v7-m/nofp\libc.a(libc_a-lock.o)
                0x20000cc4                __lock___env_recursive_mutex
 *fill*         0x20000cc5        0x3 
 .bss.__lock___malloc_recursive_mutex
                0x20000cc8        0x1 C:/toolchain/bin/../lib/gcc/arm-none-eabi/15.2.1/../../../../arm-none-eabi/lib/thumb/v7-m/nofp\libc.a(libc_a-lock.o)
                0x20000cc8                __lock___malloc_recursive_mutex
 *fill*         0x20000cc9        0x3 
 .bss.__lock___at_quick_exit_mutex
                0x20000ccc        0x1 C:/toolchain/bin/../lib/gcc/arm-none-eabi/15.2.1/../../../../arm-none-eabi/lib/thumb/v7-m/nofp\libc.a(libc_a-lock.o)
                0x20000ccc                __lock___at_quick_exit_mutex
 *fill*         0x20000ccd        0x3 
 .bss.__lock___atexit_recursive_mutex
                0x20000cd0        0x1 C:/toolchain/bin/../lib/gcc/arm-none-eabi/15.2.1/../../../../arm-none-eabi/lib/thumb/v7-m/nofp\libc.a(libc_a-lock.o)
                0x20000cd0                __lock___atexit_recursive_mutex
 *fill*         0x20000cd1        0x3 
 .bss.__lock___sfp_recursive_mutex
                0x20000cd4        0x1 C:/toolchain/bin/../lib/gcc/arm-none-eabi/15.2.1/../../../../arm-none-eabi/lib/thumb/v7-m/nofp\libc.a(libc_a-lock.o)
                0x20000cd4                __lock___sfp_recursive_mutex
 .bss           0x20000cd5        0x0 C:/toolchain/bin/../lib/gcc/arm-none-eabi/15.2.1/../../../../arm-none-eabi/lib/thumb/v7-m/nofp\libc.a(libc_a-strcmp.o)
 .bss           0x20000cd5        0x0 C:/toolchain/bin/../lib/gcc/arm-none-eabi/15.2.1/../../../../arm-none-eabi/lib/thumb/v7-m/nofp\libc.a(libc_a-strcpy.o)
 .bss           0x20000cd5        0x0 C:/toolchain/bin/../lib/gcc/arm-none-eabi/15.2.1/../../../../arm-none-eabi/lib/thumb/v7-m/nofp\libc.a(libc_a-memchr-stub.o)
 .bss           0x20000cd5        0x0 C:/toolchain/bin/../lib/gcc/arm-none-eabi/15.2.1/../../../../arm-none-eabi/lib/thumb/v7-m/nofp\libc.a(libc_a-strlen-stub.o)
 .bss           0x20000cd5        0x0 C:/toolchain/bin/../lib/gcc/arm-none-eabi/15.2.1/../../../../arm-none-eabi/lib/thumb/v7-m/nofp\libc.a(libm_a-s_frexp.o)
 .bss           0x20000cd5        0x0 C:/toolchain/bin/../lib/gcc/arm-none-eabi/15.2.1/../../../../arm-none-eabi/lib/thumb/v7-m/nofp\libc.a(libc_a-dtoa.o)
 .bss           0x20000cd5        0x0 C:/toolchain/bin/../lib/gcc/arm-none-eabi/15.2.1/../../../../arm-none-eabi/lib/thumb/v7-m/nofp\libc.a(libc_a-freer.o)
 .bss           0x20000cd5        0x0 C:/toolchain/bin/../lib/gcc/arm-none-eabi/15.2.1/../../../../arm-none-eabi/lib/thumb/v7-m/nofp\libc.a(libc_a-getenv_r.o)
 .bss           0x20000cd5        0x0 C:/toolchain/bin/../lib/gcc/arm-none-eabi/15.2.1/../../../../arm-none-eabi/lib/thumb/v7-m/nofp\libc.a(libc_a-mallocr.o)
 *fill*         0x20000cd5        0x3 
 .bss.__malloc_current_mallinfo
                0x20000cd8       0x28 C:/toolchain/bin/../lib/gcc/arm-none-eabi/15.2.1/../../../../arm-none-eabi/lib/thumb/v7-m/nofp\libc.a(libc_a-mallocr.o)
                0x20000cd8                __malloc_current_mallinfo
 .bss.__malloc_max_total_mem
                0x20000d00        0x4 C:/toolchain/bin/../lib/gcc/arm-none-eabi/15.2.1/../../../../arm-none-eabi/lib/thumb/v7-m/nofp\libc.a(libc_a-mallocr.o)
                0x20000d00                __malloc_max_total_mem
 .bss.__malloc_max_sbrked_mem
                0x20000d04        0x4 C:/toolchain/bin/../lib/gcc/arm-none-eabi/15.2.1/../../../../arm-none-eabi/lib/thumb/v7-m/nofp\libc.a(libc_a-mallocr.o)
                0x20000d04                __malloc_max_sbrked_mem
 .bss.__malloc_top_pad
                0x20000d08        0x4 C:/toolchain/bin/../lib/gcc/arm-none-eabi/15.2.1/../../../../arm-none-eabi/lib/thumb/v7-m/nofp\libc.a(libc_a-mallocr.o)
                0x20000d08                __malloc_top_pad
 .bss           0x20000d0c        0x0 C:/toolchain/bin/../lib/gcc/arm-none-eabi/15.2.1/../../../../arm-none-eabi/lib/thumb/v7-m/nofp\libc.a(libc_a-mbtowc_r.o)
 .bss           0x20000d0c        0x0 C:/toolchain/bin/../lib/gcc/arm-none-eabi/15.2.1/../../../../arm-none-eabi/lib/thumb/v7-m/nofp\libc.a(libc_a-mlock.o)
 .bss           0x20000d0c        0x0 C:/toolchain/bin/../lib/gcc/arm-none-eabi/15.2.1/../../../../arm-none-eabi/lib/thumb/v7-m/nofp\libc.a(libc_a-mprec.o)
 .bss           0x20000d0c        0x0 C:/toolchain/bin/../lib/gcc/arm-none-eabi/15.2.1/../../../../arm-none-eabi/lib/thumb/v7-m/nofp\libc.a(libc_a-strtol.o)
 .bss           0x20000d0c        0x0 C:/toolchain/bin/../lib/gcc/arm-none-eabi/15.2.1/../../../../arm-none-eabi/lib/thumb/v7-m/nofp\libc.a(libc_a-wctomb_r.o)
 .bss           0x20000d0c        0x0 C:/toolchain/bin/../lib/gcc/arm-none-eabi/15.2.1/../../../../arm-none-eabi/lib/thumb/v7-m/nofp\libc.a(libc_a-wcrtomb.o)
 .bss           0x20000d0c        0x0 C:/toolchain/bin/../lib/gcc/arm-none-eabi/15.2.1/../../../../arm-none-eabi/lib/thumb/v7-m/nofp\libc.a(libc_a-wcsrtombs.o)
 .bss           0x20000d0c        0x0 C:/toolchain/bin/../lib/gcc/arm-none-eabi/15.2.1/../../../../arm-none-eabi/lib/thumb/v7-m/nofp\libc.a(libc_a-ctype_.o)
 .bss           0x20000d0c        0x0 C:/toolchain/bin/../lib/gcc/arm-none-eabi/15.2.1/../../../../arm-none-eabi/lib/thumb/v7-m/nofp\libc.a(libc_a-ssputs_r.o)
 .bss           0x20000d0c        0x0 C:/toolchain/bin/../lib/gcc/arm-none-eabi/15.2.1/../../../../arm-none-eabi/lib/thumb/v7-m/nofp\libc.a(libc_a-fclose.o)
 .bss           0x20000d0c        0x0 C:/toolchain/bin/../lib/gcc/arm-none-eabi/15.2.1/../../../../arm-none-eabi/lib/thumb/v7-m/nofp\libc.a(libc_a-fflush.o)
 .bss           0x20000d0c        0x0 C:/toolchain/bin/../lib/gcc/arm-none-eabi/15.2.1/../../../../arm-none-eabi/lib/thumb/v7-m/nofp\libc.a(libc_a-memmove.o)
 .bss           0x20000d0c        0x0 C:/toolchain/bin/../lib/gcc/arm-none-eabi/15.2.1/../../../../arm-none-eabi/lib/thumb/v7-m/nofp\libc.a(libc_a-strcasecmp.o)
 .bss           0x20000d0c        0x0 C:/toolchain/bin/../lib/gcc/arm-none-eabi/15.2.1/../../../../arm-none-eabi/lib/thumb/v7-m/nofp\libc.a(libc_a-strcat.o)
 .bss           0x20000d0c        0x0 C:/toolchain/bin/../lib/gcc/arm-none-eabi/15.2.1/../../../../arm-none-eabi/lib/thumb/v7-m/nofp\libc.a(libc_a-strchr.o)
 .bss           0x20000d0c        0x0 C:/toolchain/bin/../lib/gcc/arm-none-eabi/15.2.1/../../../../arm-none-eabi/lib/thumb/v7-m/nofp\libc.a(libc_a-strlcpy.o)
 .bss           0x20000d0c        0x0 C:/toolchain/bin/../lib/gcc/arm-none-eabi/15.2.1/../../../../arm-none-eabi/lib/thumb/v7-m/nofp\libc.a(libc_a-strncasecmp.o)
 .bss           0x20000d0c        0x0 C:/toolchain/bin/../lib/gcc/arm-none-eabi/15.2.1/../../../../arm-none-eabi/lib/thumb/v7-m/nofp\libc.a(libc_a-strncmp.o)
 .bss           0x20000d0c        0x0 C:/toolchain/bin/../lib/gcc/arm-none-eabi/15.2.1/../../../../arm-none-eabi/lib/thumb/v7-m/nofp\libc.a(libc_a-sbrkr.o)
 .bss           0x20000d0c        0x0 C:/toolchain/bin/../lib/gcc/arm-none-eabi/15.2.1/../../../../arm-none-eabi/lib/thumb/v7-m/nofp\libc.a(libc_a-errno.o)
 .bss           0x20000d0c        0x0 C:/toolchain/bin/../lib/gcc/arm-none-eabi/15.2.1/../../../../arm-none-eabi/lib/thumb/v7-m/nofp\libc.a(libc_a-sysconf.o)
 .bss           0x20000d0c        0x0 C:/toolchain/bin/../lib/gcc/arm-none-eabi/15.2.1/../../../../arm-none-eabi/lib/thumb/v7-m/nofp\libc.a(libc_a-memcpy.o)
 .bss           0x20000d0c        0x0 C:/toolchain/bin/../lib/gcc/arm-none-eabi/15.2.1/../../../../arm-none-eabi/lib/thumb/v7-m/nofp\libc.a(libc_a-assert.o)
 .bss           0x20000d0c        0x0 C:/toolchain/bin/../lib/gcc/arm-none-eabi/15.2.1/../../../../arm-none-eabi/lib/thumb/v7-m/nofp\libc.a(libc_a-callocr.o)
 .bss           0x20000d0c        0x0 C:/toolchain/bin/../lib/gcc/arm-none-eabi/15.2.1/../../../../arm-none-eabi/lib/thumb/v7-m/nofp\libc.a(libc_a-environ.o)
 .bss.initial_env
                0x20000d0c        0x4 C:/toolchain/bin/../lib/gcc/arm-none-eabi/15.2.1/../../../../arm-none-eabi/lib/thumb/v7-m/nofp\libc.a(libc_a-environ.o)
 .bss           0x20000d10        0x0 C:/toolchain/bin/../lib/gcc/arm-none-eabi/15.2.1/../../../../arm-none-eabi/lib/thumb/v7-m/nofp\libc.a(libc_a-envlock.o)
 .bss           0x20000d10        0x0 C:/toolchain/bin/../lib/gcc/arm-none-eabi/15.2.1/../../../../arm-none-eabi/lib/thumb/v7-m/nofp\libc.a(libc_a-reallocr.o)
 .bss           0x20000d10        0x0 C:/toolchain/bin/../lib/gcc/arm-none-eabi/15.2.1/../../../../arm-none-eabi/lib/thumb/v7-m/nofp\libc.a(libc_a-wcsnrtombs.o)
 .bss           0x20000d10        0x0 C:/toolchain/bin/../lib/gcc/arm-none-eabi/15.2.1/../../../../arm-none-eabi/lib/thumb/v7-m/nofp\libc.a(libc_a-fiprintf.o)
 .bss           0x20000d10        0x0 C:/toolchain/bin/../lib/gcc/arm-none-eabi/15.2.1/../../../../arm-none-eabi/lib/thumb/v7-m/nofp\libc.a(libc_a-vfiprintf.o)
 .bss           0x20000d10        0x0 C:/toolchain/bin/../lib/gcc/arm-none-eabi/15.2.1/../../../../arm-none-eabi/lib/thumb/v7-m/nofp\libc.a(libc_a-sprint_r.o)
 .bss           0x20000d10        0x0 C:/toolchain/bin/../lib/gcc/arm-none-eabi/15.2.1/../../../../arm-none-eabi/lib/thumb/v7-m/nofp\libc.a(libc_a-fvwrite.o)
 .bss           0x20000d10        0x0 C:/toolchain/bin/../lib/gcc/arm-none-eabi/15.2.1/../../../../arm-none-eabi/lib/thumb/v7-m/nofp\libc.a(libc_a-wsetup.o)
 .bss           0x20000d10        0x0 C:/toolchain/bin/../lib/gcc/arm-none-eabi/15.2.1/../../../../arm-none-eabi/lib/thumb/v7-m/nofp\libc.a(libc_a-abort.o)
 .bss           0x20000d10        0x0 C:/toolchain/bin/../lib/gcc/arm-none-eabi/15.2.1/../../../../arm-none-eabi/lib/thumb/v7-m/nofp\libc.a(libc_a-makebuf.o)
 .bss           0x20000d10        0x0 C:/toolchain/bin/../lib/gcc/arm-none-eabi/15.2.1/../../../../arm-none-eabi/lib/thumb/v7-m/nofp\libc.a(libc_a-signal.o)
 .bss           0x20000d10        0x0 C:/toolchain/bin/../lib/gcc/arm-none-eabi/15.2.1/../../../../arm-none-eabi/lib/thumb/v7-m/nofp\libc.a(libc_a-fstatr.o)
 .bss           0x20000d10        0x0 C:/toolchain/bin/../lib/gcc/arm-none-eabi/15.2.1/../../../../arm-none-eabi/lib/thumb/v7-m/nofp\libc.a(libc_a-isattyr.o)
 .bss           0x20000d10        0x0 C:/toolchain/bin/../lib/gcc/arm-none-eabi/15.2.1/../../../../arm-none-eabi/lib/thumb/v7-m/nofp\libc.a(libc_a-signalr.o)
 .bss           0x20000d10        0x0 C:/toolchain/bin/../lib/gcc/arm-none-eabi/15.2.1/../../../../arm-none-eabi/lib/thumb/v7-m/nofp\libnosys.a(close.o)
 .bss           0x20000d10        0x0 C:/toolchain/bin/../lib/gcc/arm-none-eabi/15.2.1/../../../../arm-none-eabi/lib/thumb/v7-m/nofp\libnosys.a(fstat.o)
 .bss           0x20000d10        0x0 C:/toolchain/bin/../lib/gcc/arm-none-eabi/15.2.1/../../../../arm-none-eabi/lib/thumb/v7-m/nofp\libnosys.a(getpid.o)
 .bss           0x20000d10        0x0 C:/toolchain/bin/../lib/gcc/arm-none-eabi/15.2.1/../../../../arm-none-eabi/lib/thumb/v7-m/nofp\libnosys.a(isatty.o)
 .bss           0x20000d10        0x0 C:/toolchain/bin/../lib/gcc/arm-none-eabi/15.2.1/../../../../arm-none-eabi/lib/thumb/v7-m/nofp\libnosys.a(kill.o)