Archive member included to satisfy reference by file (symbol)

C:/toolchain/bin/../lib/gcc/arm-none-eabi/15.2.1/../../../../arm-none-eabi/lib/thumb/v7-m/nofp\libc.a(libc_a-sprintf.o)
                              build/obj/app.o (sprintf)
C:/toolchain/bin/../lib/gcc/arm-none-eabi/15.2.1/../../../../arm-none-eabi/lib/thumb/v7-m/nofp\libc.a(libc_a-impure.o)
                              C:/toolchain/bin/../lib/gcc/arm-none-eabi/15.2.1/../../../../arm-none-eabi/lib/thumb/v7-m/nofp\libc.a(libc_a-sprintf.o) (_impure_ptr)
C:/toolchain/bin/../lib/gcc/arm-none-eabi/15.2.1/../../../../arm-none-eabi/lib/thumb/v7-m/nofp\libc.a(libc_a-svfprintf.o)
                              C:/toolchain/bin/../lib/gcc/arm-none-eabi/15.2.1/../../../../arm-none-eabi/lib/thumb/v7-m/nofp\libc.a(libc_a-sprintf.o) (_svfprintf_r)
C:/toolchain/bin/../lib/gcc/arm-none-eabi/15.2.1/../../../../arm-none-eabi/lib/thumb/v7-m/nofp\libc.a(libc_a-ssprint_r.o)
                              C:/toolchain/bin/../lib/gcc/arm-none-eabi/15.2.1/../../../../arm-none-eabi/lib/thumb/v7-m/nofp\libc.a(libc_a-svfprintf.o) (__ssprint_r)
C:/toolchain/bin/../lib/gcc/arm-none-eabi/15.2.1/../../../../arm-none-eabi/lib/thumb/v7-m/nofp\libc.a(libc_a-findfp.o)
                              C:/toolchain/bin/../lib/gcc/arm-none-eabi/15.2.1/../../../../arm-none-eabi/lib/thumb/v7-m/nofp\libc.a(libc_a-impure.o) (__sf)
C:/toolchain/bin/../lib/gcc/arm-none-eabi/15.2.1/../../../../arm-none-eabi/lib/thumb/v7-m/nofp\libc.a(libc_a-fwalk.o)
                              C:/toolchain/bin/../lib/gcc/arm-none-eabi/15.2.1/../../../../arm-none-eabi/lib/thumb/v7-m/nofp\libc.a(libc_a-findfp.o) (_fwalk_sglue)
C:/toolchain/bin/../lib/gcc/arm-none-eabi/15.2.1/../../../../arm-none-eabi/lib/thumb/v7-m/nofp\libc.a(libc_a-stdio.o)
                              C:/toolchain/bin/../lib/gcc/arm-none-eabi/15.2.1/../../../../arm-none-eabi/lib/thumb/v7-m/nofp\libc.a(libc_a-findfp.o) (__sread)
C:/toolchain/bin/../lib/gcc/arm-none-eabi/15.2.1/../../../../arm-none-eabi/lib/thumb/v7-m/nofp\libc.a(libc_a-memset.o)
                              C:/toolchain/bin/../lib/gcc/arm-none-eabi/15.2.1/../../../../arm-none-eabi/lib/thumb/v7-m/nofp\libc.a(libc_a-svfprintf.o) (memset)
C:/toolchain/bin/../lib/gcc/arm-none-eabi/15.2.1/../../../../arm-none-eabi/lib/thumb/v7-m/nofp\libc.a(libc_a-strncpy.o)
                              C:/toolchain/bin/../lib/gcc/arm-none-eabi/15.2.1/../../../../arm-none-eabi/lib/thumb/v7-m/nofp\libc.a(libc_a-svfprintf.o) (strncpy)
C:/toolchain/bin/../lib/gcc/arm-none-eabi/15.2.1/../../../../arm-none-eabi/lib/thumb/v7-m/nofp\libc.a(libc_a-locale.o)
                              C:/toolchain/bin/../lib/gcc/arm-none-eabi/15.2.1/../../../../arm-none-eabi/lib/thumb/v7-m/nofp\libc.a(libc_a-svfprintf.o) (__global_locale)
C:/toolchain/bin/../lib/gcc/arm-none-eabi/15.2.1/../../../../arm-none-eabi/lib/thumb/v7-m/nofp\libc.a(libc_a-localeconv.o)
                              C:/toolchain/bin/../lib/gcc/arm-none-eabi/15.2.1/../../../../arm-none-eabi/lib/thumb/v7-m/nofp\libc.a(libc_a-svfprintf.o) (_localeconv_r)
C:/toolchain/bin/../lib/gcc/arm-none-eabi/15.2.1/../../../../arm-none-eabi/lib/thumb/v7-m/nofp\libc.a(libc_a-closer.o)
                              C:/toolchain/bin/../lib/gcc/arm-none-eabi/15.2.1/../../../../arm-none-eabi/lib/thumb/v7-m/nofp\libc.a(libc_a-stdio.o) (_close_r)
C:/toolchain/bin/../lib/gcc/arm-none-eabi/15.2.1/../../../../arm-none-eabi/lib/thumb/v7-m/nofp\libc.a(libc_a-reent.o)
                              C:/toolchain/bin/../lib/gcc/arm-none-eabi/15.2.1/../../../../arm-none-eabi/lib/thumb/v7-m/nofp\libc.a(libc_a-closer.o) (errno)
C:/toolchain/bin/../lib/gcc/arm-none-eabi/15.2.1/../../../../arm-none-eabi/lib/thumb/v7-m/nofp\libc.a(libc_a-lseekr.o)
                              C:/toolchain/bin/../lib/gcc/arm-none-eabi/15.2.1/../../../../arm-none-eabi/lib/thumb/v7-m/nofp\libc.a(libc_a-stdio.o) (_lseek_r)
C:/toolchain/bin/../lib/gcc/arm-none-eabi/15.2.1/../../../../arm-none-eabi/lib/thumb/v7-m/nofp\libc.a(libc_a-readr.o)
                              C:/toolchain/bin/../lib/gcc/arm-none-eabi/15.2.1/../../../../arm-none-eabi/lib/thumb/v7-m/nofp\libc.a(libc_a-stdio.o) (_read_r)
C:/toolchain/bin/../lib/gcc/arm-none-eabi/15.2.1/../../../../arm-none-eabi/lib/thumb/v7-m/nofp\libc.a(libc_a-writer.o)
                              C:/toolchain/bin/../lib/gcc/arm-none-eabi/15.2.1/../../../../arm-none-eabi/lib/thumb/v7-m/nofp\libc.a(libc_a-stdio.o) (_write_r)
C:/toolchain/bin/../lib/gcc/arm-none-eabi/15.2.1/../../../../arm-none-eabi/lib/thumb/v7-m/nofp\libc.a(libc_a-lock.o)
                              C:/toolchain/bin/../lib/gcc/arm-none-eabi/15.2.1/../../../../arm-none-eabi/lib/thumb/v7-m/nofp\libc.a(libc_a-findfp.o) (__retarget_lock_init_recursive)
C:/toolchain/bin/../lib/gcc/arm-none-eabi/15.2.1/../../../../arm-none-eabi/lib/thumb/v7-m/nofp\libc.a(libc_a-strcmp.o)
[...]
Memory Configuration

Name             Origin             Length             Attributes
FLASH            0x08000000         0x00010000         xr
SRAM             0x20000000         0x00005000         xrw
*default*        0x00000000         0xffffffff

Linker script and memory map

LOAD build/obj/main.o
LOAD build/obj/startup_stm32f103c8.o
LOAD build/obj/app.o
LOAD build/obj/gpio.o
LOAD build/obj/i2c.o
LOAD build/obj/pwm.o
LOAD build/obj/systick.o
LOAD build/obj/uart.o
LOAD build/obj/uart_esp32.o
LOAD build/obj/MPU.o
LOAD build/obj/RGB_senser.o
LOAD build/obj/led.o
LOAD build/obj/motor.o
LOAD build/obj/ringbuff.o
LOAD build/obj/pid.o
LOAD C:/toolchain/bin/../lib/gcc/arm-none-eabi/15.2.1/../../../../arm-none-eabi/lib/thumb/v7-m/nofp\libc.a
LOAD C:/toolchain/bin/../lib/gcc/arm-none-eabi/15.2.1/../../../../arm-none-eabi/lib/thumb/v7-m/nofp\libm.a
LOAD C:/toolchain/bin/../lib/gcc/arm-none-eabi/15.2.1/../../../../arm-none-eabi/lib/thumb/v7-m/nofp\libnosys.a
START GROUP
LOAD C:/toolchain/bin/../lib/gcc/arm-none-eabi/15.2.1/thumb/v7-m/nofp\libgcc.a
LOAD C:/toolchain/bin/../lib/gcc/arm-none-eabi/15.2.1/../../../../arm-none-eabi/lib/thumb/v7-m/nofp\libg.a
LOAD C:/toolchain/bin/../lib/gcc/arm-none-eabi/15.2.1/../../../../arm-none-eabi/lib/thumb/v7-m/nofp\libc.a
END GROUP

.isr_vector     0x08000000       0xec
 *(.isr_vector)
 .isr_vector    0x08000000       0xec build/obj/startup_stm32f103c8.o
                0x08000000                vector_table

.ARM.extab      0x080000ec        0x0
 .ARM.extab     0x080000ec        0x0 C:/toolchain/bin/../lib/gcc/arm-none-eabi/15.2.1/../../../../arm-none-eabi/lib/thumb/v7-m/nofp\libc.a(libc_a-strcmp.o)
 .ARM.extab     0x080000ec        0x0 C:/toolchain/bin/../lib/gcc/arm-none-eabi/15.2.1/../../../../arm-none-eabi/lib/thumb/v7-m/nofp\libc.a(libc_a-memcpy.o)

.ARM.exidx      0x080000ec        0x8
 .ARM.exidx     0x080000ec        0x8 C:/toolchain/bin/../lib/gcc/arm-none-eabi/15.2.1/../../../../arm-none-eabi/lib/thumb/v7-m/nofp\libc.a(libc_a-strcmp.o)
 .ARM.exidx     0x080000f4        0x0 C:/toolchain/bin/../lib/gcc/arm-none-eabi/15.2.1/../../../../arm-none-eabi/lib/thumb/v7-m/nofp\libc.a(libc_a-memcpy.o)
                                  0x8 (size before relaxing)

.text           0x080000f8     0xc2ec
 *(.text*)
 .text          0x080000f8       0x12 build/obj/main.o
                0x080000f8                main
 *fill*         0x0800010a        0x2 
 .text          0x0800010c       0x64 build/obj/startup_stm32f103c8.o
                0x0800010c                Reset_Handler
                0x08000168                USART2_IRQHandler
                0x08000168                Default_Handler
 .text          0x08000170      0x450 build/obj/app.o
                0x08000170                calibrate_gyro
                0x080001c8                app_init
                0x08000264                test_pid
                0x08000388                test_color
                0x08000590                app_run
 .text          0x080005c0      0x12c build/obj/gpio.o
                0x080005c0                gpio_pin_init
                0x0800068c                gpio_write_pin
                0x080006c2                gpio_toggle_pin
 .text          0x080006ec      0x27c build/obj/i2c.o
                0x080006ec                i2c_init
                0x08000780                i2c_start
                0x080007dc                i2c_stop
                0x080007f8                i2c_send_address
                0x08000864                i2c_write
                0x080008c8                i2c_read_ack
                0x08000918                i2c_read_nack
 .text          0x08000968       0xe8 build/obj/pwm.o
                0x08000968                pwm_init
                0x080009fc                pwm_set_duty
 .text          0x08000a50       0x9c build/obj/systick.o
                0x08000a50                systick_init
                0x08000a8c                SysTick_Handler
                0x08000aa8                delay_ms
                0x08000ad8                get_tick_ms
 .text          0x08000aec      0x198 build/obj/uart.o
                0x08000aec                uart_init
                0x08000b74                uart_sendchar
                0x08000ba4                uart_getchar
                0x08000bc4                uart_sendstr
                0x08000bee                uart_send_array
                0x08000c24                uart_available
                0x08000c38                uart_rx_count
                0x08000c4c                USART1_IRQHandler
 .text          0x08000c84      0x154 build/obj/uart_esp32.o
                0x08000c84                uartesp_init
                0x08000d04                uartesp_sendchar
                0x08000d30                uartesp_getchar
                0x08000d50                uartesp_sendstr
                0x08000d7a                uartesp_available
                0x08000d90                uartesp_rx_count
                0x08000da4                USART3_IRQHandler
 .text          0x08000dd8      0x1b0 build/obj/MPU.o
                0x08000dd8                mpu6050_init
                0x08000e0e                mpu6050_write_byte
                0x08000e46                mpu6050_read_byte
                0x08000e82                mpu6050_read_all
                0x08000f6a                mpu6050_read_gz
 .text          0x08000f88      0x348 build/obj/RGB_senser.o
                0x08000f88                rgb_sensor_init
                0x08000fe8                rgb_write_byte
                0x08001026                rgb_read_byte
                0x0800106c                rgb_read_16
                0x080010c6                rgb_read_color
 .text          0x080012d0       0x64 build/obj/led.o
                0x080012d0                led_init
                0x080012e8                led_on
                0x08001300                led_off
                0x08001318                led_toggle
 .text          0x08001334      0x210 build/obj/motor.o
                0x08001334                motor_init
                0x0800136c                motor_forward
                0x080013c8                motor_backward
                0x0800141c                turn_left
                0x08001478                turn_right
                0x080014d4                motor_stop
                0x080014ec                motor_forward_pid
 .text          0x08001544      0x122 build/obj/ringbuff.o
                0x08001544                ring_buffer_init
                0x08001566                ring_buffer_write
                0x080015b0                ring_buffer_read
                0x080015fc                ring_buffer_available
                0x08001624                ring_buffer_count
 *fill*         0x08001666        0x2 
 .text          0x08001668      0x2b4 build/obj/pid.o
                0x08001668                pid_init
                0x080016b6                pid_reset
                0x080016d8                pid_compute
                0x08001816                heading_init
                0x08001838                heading_calibrate
                0x080018a0                heading_update
                0x08001900                heading_reset
 .text          0x0800191c        0x0 C:/toolchain/bin/../lib/gcc/arm-none-eabi/15.2.1/../../../../arm-none-eabi/lib/thumb/v7-m/nofp\libc.a(libc_a-sprintf.o)
 .text._sprintf_r
                0x0800191c       0x44 C:/toolchain/bin/../lib/gcc/arm-none-eabi/15.2.1/../../../../arm-none-eabi/lib/thumb/v7-m/nofp\libc.a(libc_a-sprintf.o)
                0x0800191c                _sprintf_r
 .text.sprintf  0x08001960       0x4c C:/toolchain/bin/../lib/gcc/arm-none-eabi/15.2.1/../../../../arm-none-eabi/lib/thumb/v7-m/nofp\libc.a(libc_a-sprintf.o)
                0x08001960                sprintf
 .text          0x080019ac        0x0 C:/toolchain/bin/../lib/gcc/arm-none-eabi/15.2.1/../../../../arm-none-eabi/lib/thumb/v7-m/nofp\libc.a(libc_a-impure.o)
 .text          0x080019ac        0x0 C:/toolchain/bin/../lib/gcc/arm-none-eabi/15.2.1/../../../../arm-none-eabi/lib/thumb/v7-m/nofp\libc.a(libc_a-svfprintf.o)
 .text._svfprintf_r
                0x080019ac     0x21d8 C:/toolchain/bin/../lib/gcc/arm-none-eabi/15.2.1/../../../../arm-none-eabi/lib/thumb/v7-m/nofp\libc.a(libc_a-svfprintf.o)
                0x080019ac                _svfprintf_r
 .text          0x08003b84        0x0 C:/toolchain/bin/../lib/gcc/arm-none-eabi/15.2.1/../../../../arm-none-eabi/lib/thumb/v7-m/nofp\libc.a(libc_a-ssprint_r.o)
 .text.__ssprint_r
                0x08003b84       0x58 C:/toolchain/bin/../lib/gcc/arm-none-eabi/15.2.1/../../../../arm-none-eabi/lib/thumb/v7-m/nofp\libc.a(libc_a-ssprint_r.o)
                0x08003b84                __ssprint_r
 .text          0x08003bdc        0x0 C:/toolchain/bin/../lib/gcc/arm-none-eabi/15.2.1/../../../../arm-none-eabi/lib/thumb/v7-m/nofp\libc.a(libc_a-findfp.o)
 .text.stdio_exit_handler
                0x08003bdc       0x18 C:/toolchain/bin/../lib/gcc/arm-none-eabi/15.2.1/../../../../arm-none-eabi/lib/thumb/v7-m/nofp\libc.a(libc_a-findfp.o)
 .text.cleanup_stdio
                0x08003bf4       0x40 C:/toolchain/bin/../lib/gcc/arm-none-eabi/15.2.1/../../../../arm-none-eabi/lib/thumb/v7-m/nofp\libc.a(libc_a-findfp.o)
 .text.__fp_lock
                0x08003c34       0x1c C:/toolchain/bin/../lib/gcc/arm-none-eabi/15.2.1/../../../../arm-none-eabi/lib/thumb/v7-m/nofp\libc.a(libc_a-findfp.o)
 .text.__fp_unlock
                0x08003c50       0x1c C:/toolchain/bin/../lib/gcc/arm-none-eabi/15.2.1/../../../../arm-none-eabi/lib/thumb/v7-m/nofp\libc.a(libc_a-findfp.o)
 .text.global_stdio_init.part.0
                0x08003c6c       0xf0 C:/toolchain/bin/../lib/gcc/arm-none-eabi/15.2.1/../../../../arm-none-eabi/lib/thumb/v7-m/nofp\libc.a(libc_a-findfp.o)
 .text.__sfp    0x08003d5c       0xc0 C:/toolchain/bin/../lib/gcc/arm-none-eabi/15.2.1/../../../../arm-none-eabi/lib/thumb/v7-m/nofp\libc.a(libc_a-findfp.o)
                0x08003d5c                __sfp
 .text.__sinit  0x08003e1c       0x3c C:/toolchain/bin/../lib/gcc/arm-none-eabi/15.2.1/../../../../arm-none-eabi/lib/thumb/v7-m/nofp\libc.a(libc_a-findfp.o)
                0x08003e1c                __sinit
 .text.__sfp_lock_acquire
                0x08003e58        0xc C:/toolchain/bin/../lib/gcc/arm-none-eabi/15.2.1/../../../../arm-none-eabi/lib/thumb/v7-m/nofp\libc.a(libc_a-findfp.o)
                0x08003e58                __sfp_lock_acquire
 .text.__sfp_lock_release
                0x08003e64        0xc C:/toolchain/bin/../lib/gcc/arm-none-eabi/15.2.1/../../../../arm-none-eabi/lib/thumb/v7-m/nofp\libc.a(libc_a-findfp.o)
                0x08003e64                __sfp_lock_release
 .text.__fp_lock_all
                0x08003e70       0x24 C:/toolchain/bin/../lib/gcc/arm-none-eabi/15.2.1/../../../../arm-none-eabi/lib/thumb/v7-m/nofp\libc.a(libc_a-findfp.o)
                0x08003e70                __fp_lock_all
 .text.__fp_unlock_all
                0x08003e94       0x24 C:/toolchain/bin/../lib/gcc/arm-none-eabi/15.2.1/../../../../arm-none-eabi/lib/thumb/v7-m/nofp\libc.a(libc_a-findfp.o)
                0x08003e94                __fp_unlock_all
 .text          0x08003eb8        0x0 C:/toolchain/bin/../lib/gcc/arm-none-eabi/15.2.1/../../../../arm-none-eabi/lib/thumb/v7-m/nofp\libc.a(libc_a-fwalk.o)
 .text._fwalk_sglue
                0x08003eb8       0x44 C:/toolchain/bin/../lib/gcc/arm-none-eabi/15.2.1/../../../../arm-none-eabi/lib/thumb/v7-m/nofp\libc.a(libc_a-fwalk.o)
                0x08003eb8                _fwalk_sglue
 .text          0x08003efc        0x0 C:/toolchain/bin/../lib/gcc/arm-none-eabi/15.2.1/../../../../arm-none-eabi/lib/thumb/v7-m/nofp\libc.a(libc_a-stdio.o)
 .text.__sread  0x08003efc       0x24 C:/toolchain/bin/../lib/gcc/arm-none-eabi/15.2.1/../../../../arm-none-eabi/lib/thumb/v7-m/nofp\libc.a(libc_a-stdio.o)
                0x08003efc                __sread
 .text.__seofread
                0x08003f20        0x4 C:/toolchain/bin/../lib/gcc/arm-none-eabi/15.2.1/../../../../arm-none-eabi/lib/thumb/v7-m/nofp\libc.a(libc_a-stdio.o)
                0x08003f20                __seofread
 .text.__swrite
                0x08003f24       0x40 C:/toolchain/bin/../lib/gcc/arm-none-eabi/15.2.1/../../../../arm-none-eabi/lib/thumb/v7-m/nofp\libc.a(libc_a-stdio.o)
                0x08003f24                __swrite
 .text.__sseek  0x08003f64       0x24 C:/toolchain/bin/../lib/gcc/arm-none-eabi/15.2.1/../../../../arm-none-eabi/lib/thumb/v7-m/nofp\libc.a(libc_a-stdio.o)
                0x08003f64                __sseek
 .text.__sclose
                0x08003f88        0x8 C:/toolchain/bin/../lib/gcc/arm-none-eabi/15.2.1/../../../../arm-none-eabi/lib/thumb/v7-m/nofp\libc.a(libc_a-stdio.o)
                0x08003f88                __sclose
 .text          0x08003f90        0x0 C:/toolchain/bin/../lib/gcc/arm-none-eabi/15.2.1/../../../../arm-none-eabi/lib/thumb/v7-m/nofp\libc.a(libc_a-memset.o)
 .text.memset   0x08003f90       0x88 C:/toolchain/bin/../lib/gcc/arm-none-eabi/15.2.1/../../../../arm-none-eabi/lib/thumb/v7-m/nofp\libc.a(libc_a-memset.o)
                0x08003f90                memset
 .text          0x08004018        0x0 C:/toolchain/bin/../lib/gcc/arm-none-eabi/15.2.1/../../../../arm-none-eabi/lib/thumb/v7-m/nofp\libc.a(libc_a-strncpy.o)
 .text.strncpy  0x08004018       0x70 C:/toolchain/bin/../lib/gcc/arm-none-eabi/15.2.1/../../../../arm-none-eabi/lib/thumb/v7-m/nofp\libc.a(libc_a-strncpy.o)
                0x08004018                strncpy
 .text          0x08004088        0x0 C:/toolchain/bin/../lib/gcc/arm-none-eabi/15.2.1/../../../../arm-none-eabi/lib/thumb/v7-m/nofp\libc.a(libc_a-locale.o)
 .text.__currentlocale
                0x08004088       0x50 C:/toolchain/bin/../lib/gcc/arm-none-eabi/15.2.1/../../../../arm-none-eabi/lib/thumb/v7-m/nofp\libc.a(libc_a-locale.o)
                0x08004088                __currentlocale
 .text.__loadlocale
                0x080040d8      0x6c0 C:/toolchain/bin/../lib/gcc/arm-none-eabi/15.2.1/../../../../arm-none-eabi/lib/thumb/v7-m/nofp\libc.a(libc_a-locale.o)
                0x080040d8                __loadlocale
 .text.__get_locale_env
                0x08004798       0x50 C:/toolchain/bin/../lib/gcc/arm-none-eabi/15.2.1/../../../../arm-none-eabi/lib/thumb/v7-m/nofp\libc.a(libc_a-locale.o)
                0x08004798                __get_locale_env
 .text._setlocale_r
                0x080047e8      0x224 C:/toolchain/bin/../lib/gcc/arm-none-eabi/15.2.1/../../../../arm-none-eabi/lib/thumb/v7-m/nofp\libc.a(libc_a-locale.o)
                0x080047e8                _setlocale_r
 .text.__locale_mb_cur_max
                0x08004a0c        0xc C:/toolchain/bin/../lib/gcc/arm-none-eabi/15.2.1/../../../../arm-none-eabi/lib/thumb/v7-m/nofp\libc.a(libc_a-locale.o)
                0x08004a0c                __locale_mb_cur_max
 .text.setlocale
                0x08004a18       0x14 C:/toolchain/bin/../lib/gcc/arm-none-eabi/15.2.1/../../../../arm-none-eabi/lib/thumb/v7-m/nofp\libc.a(libc_a-locale.o)
                0x08004a18                setlocale
 .text          0x08004a2c        0x0 C:/toolchain/bin/../lib/gcc/arm-none-eabi/15.2.1/../../../../arm-none-eabi/lib/thumb/v7-m/nofp\libc.a(libc_a-localeconv.o)
 .text.__localeconv_l
                0x08004a2c        0x8 C:/toolchain/bin/../lib/gcc/arm-none-eabi/15.2.1/../../../../arm-none-eabi/lib/thumb/v7-m/nofp\libc.a(libc_a-localeconv.o)
                0x08004a2c                __localeconv_l
 .text._localeconv_r
                0x08004a34        0x8 C:/toolchain/bin/../lib/gcc/arm-none-eabi/15.2.1/../../../../arm-none-eabi/lib/thumb/v7-m/nofp\libc.a(libc_a-localeconv.o)
                0x08004a34                _localeconv_r
 .text.localeconv
                0x08004a3c        0x8 C:/toolchain/bin/../lib/gcc/arm-none-eabi/15.2.1/../../../../arm-none-eabi/lib/thumb/v7-m/nofp\libc.a(libc_a-localeconv.o)
                0x08004a3c                localeconv
 .text          0x08004a44        0x0 C:/toolchain/bin/../lib/gcc/arm-none-eabi/15.2.1/../../../../arm-none-eabi/lib/thumb/v7-m/nofp\libc.a(libc_a-closer.o)
 .text._close_r
                0x08004a44       0x24 C:/toolchain/bin/../lib/gcc/arm-none-eabi/15.2.1/../../../../arm-none-eabi/lib/thumb/v7-m/nofp\libc.a(libc_a-closer.o)
                0x08004a44                _close_r
 .text          0x08004a68        0x0 C:/toolchain/bin/../lib/gcc/arm-none-eabi/15.2.1/../../../../arm-none-eabi/lib/thumb/v7-m/nofp\libc.a(libc_a-reent.o)
 .text._reclaim_reent
                0x08004a68       0x6c C:/toolchain/bin/../lib/gcc/arm-none-eabi/15.2.1/../../../../arm-none-eabi/lib/thumb/v7-m/nofp\libc.a(libc_a-reent.o)
                0x08004a68                _reclaim_reent
 .text          0x08004ad4        0x0 C:/toolchain/bin/../lib/gcc/arm-none-eabi/15.2.1/../../../../arm-none-eabi/lib/thumb/v7-m/nofp\libc.a(libc_a-lseekr.o)
 .text._lseek_r
                0x08004ad4       0x2c C:/toolchain/bin/../lib/gcc/arm-none-eabi/15.2.1/../../../../arm-none-eabi/lib/thumb/v7-m/nofp\libc.a(libc_a-lseekr.o)
                0x08004ad4                _lseek_r
 .text          0x08004b00        0x0 C:/toolchain/bin/../lib/gcc/arm-none-eabi/15.2.1/../../../../arm-none-eabi/lib/thumb/v7-m/nofp\libc.a(libc_a-readr.o)
 .text._read_r  0x08004b00       0x2c C:/toolchain/bin/../lib/gcc/arm-none-eabi/15.2.1/../../../../arm-none-eabi/lib/thumb/v7-m/nofp\libc.a(libc_a-readr.o)
                0x08004b00                _read_r
 .text          0x08004b2c        0x0 C:/toolchain/bin/../lib/gcc/arm-none-eabi/15.2.1/../../../../arm-none-eabi/lib/thumb/v7-m/nofp\libc.a(libc_a-writer.o)
 .text._write_r
                0x08004b2c       0x2c C:/toolchain/bin/../lib/gcc/arm-none-eabi/15.2.1/../../../../arm-none-eabi/lib/thumb/v7-m/nofp\libc.a(libc_a-writer.o)
                0x08004b2c                _write_r
 .text          0x08004b58        0x0 C:/toolchain/bin/../lib/gcc/arm-none-eabi/15.2.1/../../../../arm-none-eabi/lib/thumb/v7-m/nofp\libc.a(libc_a-lock.o)
 .text.__retarget_lock_init
                0x08004b58        0x4 C:/toolchain/bin/../lib/gcc/arm-none-eabi/15.2.1/../../../../arm-none-eabi/lib/thumb/v7-m/nofp\libc.a(libc_a-lock.o)
                0x08004b58                __retarget_lock_init
 .text.__retarget_lock_init_recursive
                0x08004b5c        0x4 C:/toolchain/bin/../lib/gcc/arm-none-eabi/15.2.1/../../../../arm-none-eabi/lib/thumb/v7-m/nofp\libc.a(libc_a-lock.o)
                0x08004b5c                __retarget_lock_init_recursive
 .text.__retarget_lock_close
                0x08004b60        0x4 C:/toolchain/bin/../lib/gcc/arm-none-eabi/15.2.1/../../../../arm-none-eabi/lib/thumb/v7-m/nofp\libc.a(libc_a-lock.o)
                0x08004b60                __retarget_lock_close
 .text.__retarget_lock_close_recursive
                0x08004b64        0x4 C:/toolchain/bin/../lib/gcc/arm-none-eabi/15.2.1/../../../../arm-none-eabi/lib/thumb/v7-m/nofp\libc.a(libc_a-lock.o)
                0x08004b64                __retarget_lock_close_recursive
 .text.__retarget_lock_acquire
                0x08004b68        0x4 C:/toolchain/bin/../lib/gcc/arm-none-eabi/15.2.1/../../../../arm-none-eabi/lib/thumb/v7-m/nofp\libc.a(libc_a-lock.o)
                0x08004b68                __retarget_lock_acquire
 .text.__retarget_lock_acquire_recursive
                0x08004b6c        0x4 C:/toolchain/bin/../lib/gcc/arm-none-eabi/15.2.1/../../../../arm-none-eabi/lib/thumb/v7-m/nofp\libc.a(libc_a-lock.o)
                0x08004b6c                __retarget_lock_acquire_recursive
 .text.__retarget_lock_try_acquire
                0x08004b70        0x4 C:/toolchain/bin/../lib/gcc/arm-none-eabi/15.2.1/../../../../arm-none-eabi/lib/thumb/v7-m/nofp\libc.a(libc_a-lock.o)
                0x08004b70                __retarget_lock_try_acquire
 .text.__retarget_lock_try_acquire_recursive
                0x08004b74        0x4 C:/toolchain/bin/../lib/gcc/arm-none-eabi/15.2.1/../../../../arm-none-eabi/lib/thumb/v7-m/nofp\libc.a(libc_a-lock.o)
                0x08004b74                __retarget_lock_try_acquire_recursive
 .text.__retarget_lock_release
                0x08004b78        0x4 C:/toolchain/bin/../lib/gcc/arm-none-eabi/15.2.1/../../../../arm-none-eabi/lib/thumb/v7-m/nofp\libc.a(libc_a-lock.o)
                0x08004b78                __retarget_lock_release
 .text.__retarget_lock_release_recursive
                0x08004b7c        0x4 C:/toolchain/bin/../lib/gcc/arm-none-eabi/15.2.1/../../../../arm-none-eabi/lib/thumb/v7-m/nofp\libc.a(libc_a-lock.o)
                0x08004b7c                __retarget_lock_release_recursive
 .text          0x08004b80      0x1bc C:/toolchain/bin/../lib/gcc/arm-none-eabi/15.2.1/../../../../arm-none-eabi/lib/thumb/v7-m/nofp\libc.a(libc_a-strcmp.o)
                0x08004b80                strcmp
 .text          0x08004d3c        0x0 C:/toolchain/bin/../lib/gcc/arm-none-eabi/15.2.1/../../../../arm-none-eabi/lib/thumb/v7-m/nofp\libc.a(libc_a-strcpy.o)
 .text.strcpy   0x08004d3c       0xbc C:/toolchain/bin/../lib/gcc/arm-none-eabi/15.2.1/../../../../arm-none-eabi/lib/thumb/v7-m/nofp\libc.a(libc_a-strcpy.o)
                0x08004d3c                strcpy
 .text          0x08004df8        0x0 C:/toolchain/bin/../lib/gcc/arm-none-eabi/15.2.1/../../../../arm-none-eabi/lib/thumb/v7-m/nofp\libc.a(libc_a-memchr-stub.o)
 .text.memchr   0x08004df8       0x80 C:/toolchain/bin/../lib/gcc/arm-none-eabi/15.2.1/../../../../arm-none-eabi/lib/thumb/v7-m/nofp\libc.a(libc_a-memchr-stub.o)
                0x08004df8                memchr
 .text          0x08004e78        0x0 C:/toolchain/bin/../lib/gcc/arm-none-eabi/15.2.1/../../../../arm-none-eabi/lib/thumb/v7-m/nofp\libc.a(libc_a-strlen-stub.o)
 .text.strlen   0x08004e78       0x5c C:/toolchain/bin/../lib/gcc/arm-none-eabi/15.2.1/../../../../arm-none-eabi/lib/thumb/v7-m/nofp\libc.a(libc_a-strlen-stub.o)
                0x08004e78                strlen
 .text          0x08004ed4        0x0 C:/toolchain/bin/../lib/gcc/arm-none-eabi/15.2.1/../../../../arm-none-eabi/lib/thumb/v7-m/nofp\libc.a(libm_a-s_frexp.o)
 .text.frexp    0x08004ed4       0x68 C:/toolchain/bin/../lib/gcc/arm-none-eabi/15.2.1/../../../../arm-none-eabi/lib/thumb/v7-m/nofp\libc.a(libm_a-s_frexp.o)
                0x08004ed4                frexp
 .text          0x08004f3c        0x0 C:/toolchain/bin/../lib/gcc/arm-none-eabi/15.2.1/../../../../arm-none-eabi/lib/thumb/v7-m/nofp\libc.a(libc_a-dtoa.o)
 .text.quorem   0x08004f3c      0x138 C:/toolchain/bin/../lib/gcc/arm-none-eabi/15.2.1/../../../../arm-none-eabi/lib/thumb/v7-m/nofp\libc.a(libc_a-dtoa.o)
 *fill*         0x08005074        0x4 
 .text._dtoa_r  0x08005078     0x1060 C:/toolchain/bin/../lib/gcc/arm-none-eabi/15.2.1/../../../../arm-none-eabi/lib/thumb/v7-m/nofp\libc.a(libc_a-dtoa.o)
                0x08005078                _dtoa_r
 .text          0x080060d8        0x0 C:/toolchain/bin/../lib/gcc/arm-none-eabi/15.2.1/../../../../arm-none-eabi/lib/thumb/v7-m/nofp\libc.a(libc_a-freer.o)
 .text._malloc_trim_r
                0x080060d8       0xac C:/toolchain/bin/../lib/gcc/arm-none-eabi/15.2.1/../../../../arm-none-eabi/lib/thumb/v7-m/nofp\libc.a(libc_a-freer.o)
                0x080060d8                _malloc_trim_r
 .text._free_r  0x08006184      0x208 C:/toolchain/bin/../lib/gcc/arm-none-eabi/15.2.1/../../../../arm-none-eabi/lib/thumb/v7-m/nofp\libc.a(libc_a-freer.o)
                0x08006184                _free_r
 .text          0x0800638c        0x0 C:/toolchain/bin/../lib/gcc/arm-none-eabi/15.2.1/../../../../arm-none-eabi/lib/thumb/v7-m/nofp\libc.a(libc_a-getenv_r.o)
 .text._findenv_r
                0x0800638c       0x80 C:/toolchain/bin/../lib/gcc/arm-none-eabi/15.2.1/../../../../arm-none-eabi/lib/thumb/v7-m/nofp\libc.a(libc_a-getenv_r.o)
                0x0800638c                _findenv_r
 .text._getenv_r
                0x0800640c       0x10 C:/toolchain/bin/../lib/gcc/arm-none-eabi/15.2.1/../../../../arm-none-eabi/lib/thumb/v7-m/nofp\libc.a(libc_a-getenv_r.o)
                0x0800640c                _getenv_r
 .text          0x0800641c        0x0 C:/toolchain/bin/../lib/gcc/arm-none-eabi/15.2.1/../../../../arm-none-eabi/lib/thumb/v7-m/nofp\libc.a(libc_a-mallocr.o)
 .text._malloc_r
                0x0800641c      0x584 C:/toolchain/bin/../lib/gcc/arm-none-eabi/15.2.1/../../../../arm-none-eabi/lib/thumb/v7-m/nofp\libc.a(libc_a-mallocr.o)
                0x0800641c                _malloc_r
 .text          0x080069a0        0x0 C:/toolchain/bin/../lib/gcc/arm-none-eabi/15.2.1/../../../../arm-none-eabi/lib/thumb/v7-m/nofp\libc.a(libc_a-mbtowc_r.o)
 .text._mbtowc_r
                0x080069a0       0x14 C:/toolchain/bin/../lib/gcc/arm-none-eabi/15.2.1/../../../../arm-none-eabi/lib/thumb/v7-m/nofp\libc.a(libc_a-mbtowc_r.o)
                0x080069a0                _mbtowc_r
 .text.__ascii_mbtowc
                0x080069b4       0x2c C:/toolchain/bin/../lib/gcc/arm-none-eabi/15.2.1/../../../../arm-none-eabi/lib/thumb/v7-m/nofp\libc.a(libc_a-mbtowc_r.o)
                0x080069b4                __ascii_mbtowc
 .text.__utf8_mbtowc
                0x080069e0      0x238 C:/toolchain/bin/../lib/gcc/arm-none-eabi/15.2.1/../../../../arm-none-eabi/lib/thumb/v7-m/nofp\libc.a(libc_a-mbtowc_r.o)
                0x080069e0                __utf8_mbtowc
 .text.__sjis_mbtowc
                0x08006c18       0x9c C:/toolchain/bin/../lib/gcc/arm-none-eabi/15.2.1/../../../../arm-none-eabi/lib/thumb/v7-m/nofp\libc.a(libc_a-mbtowc_r.o)
                0x08006c18                __sjis_mbtowc
 .text.__eucjp_mbtowc
                0x08006cb4       0xdc C:/toolchain/bin/../lib/gcc/arm-none-eabi/15.2.1/../../../../arm-none-eabi/lib/thumb/v7-m/nofp\libc.a(libc_a-mbtowc_r.o)
                0x08006cb4                __eucjp_mbtowc
 .text.__jis_mbtowc
                0x08006d90      0x140 C:/toolchain/bin/../lib/gcc/arm-none-eabi/15.2.1/../../../../arm-none-eabi/lib/thumb/v7-m/nofp\libc.a(libc_a-mbtowc_r.o)
                0x08006d90                __jis_mbtowc
 .text          0x08006ed0        0x0 C:/toolchain/bin/../lib/gcc/arm-none-eabi/15.2.1/../../../../arm-none-eabi/lib/thumb/v7-m/nofp\libc.a(libc_a-mlock.o)
 .text.__malloc_lock
                0x08006ed0        0xc C:/toolchain/bin/../lib/gcc/arm-none-eabi/15.2.1/../../../../arm-none-eabi/lib/thumb/v7-m/nofp\libc.a(libc_a-mlock.o)
                0x08006ed0                __malloc_lock
 .text.__malloc_unlock
                0x08006edc        0xc C:/toolchain/bin/../lib/gcc/arm-none-eabi/15.2.1/../../../../arm-none-eabi/lib/thumb/v7-m/nofp\libc.a(libc_a-mlock.o)
                0x08006edc                __malloc_unlock
 .text          0x08006ee8        0x0 C:/toolchain/bin/../lib/gcc/arm-none-eabi/15.2.1/../../../../arm-none-eabi/lib/thumb/v7-m/nofp\libc.a(libc_a-mprec.o)
 .text._Balloc  0x08006ee8       0x4c C:/toolchain/bin/../lib/gcc/arm-none-eabi/15.2.1/../../../../arm-none-eabi/lib/thumb/v7-m/nofp\libc.a(libc_a-mprec.o)
                0x08006ee8                _Balloc
 .text._Bfree   0x08006f34       0x14 C:/toolchain/bin/../lib/gcc/arm-none-eabi/15.2.1/../../../../arm-none-eabi/lib/thumb/v7-m/nofp\libc.a(libc_a-mprec.o)
                0x08006f34                _Bfree
 .text.__multadd
                0x08006f48       0xa4 C:/toolchain/bin/../lib/gcc/arm-none-eabi/15.2.1/../../../../arm-none-eabi/lib/thumb/v7-m/nofp\libc.a(libc_a-mprec.o)
                0x08006f48                __multadd
 .text.__s2b    0x08006fec       0xa8 C:/toolchain/bin/../lib/gcc/arm-none-eabi/15.2.1/../../../../arm-none-eabi/lib/thumb/v7-m/nofp\libc.a(libc_a-mprec.o)
                0x08006fec                __s2b
 .text.__hi0bits
                0x08007094       0x54 C:/toolchain/bin/../lib/gcc/arm-none-eabi/15.2.1/../../../../arm-none-eabi/lib/thumb/v7-m/nofp\libc.a(libc_a-mprec.o)
                0x08007094                __hi0bits
 .text.__lo0bits
                0x080070e8       0x7c C:/toolchain/bin/../lib/gcc/arm-none-eabi/15.2.1/../../../../arm-none-eabi/lib/thumb/v7-m/nofp\libc.a(libc_a-mprec.o)
                0x080070e8                __lo0bits
 .text.__i2b    0x08007164       0x5c C:/toolchain/bin/../lib/gcc/arm-none-eabi/15.2.1/../../../../arm-none-eabi/lib/thumb/v7-m/nofp\libc.a(libc_a-mprec.o)
                0x08007164                __i2b
 .text.__multiply
                0x080071c0      0x188 C:/toolchain/bin/../lib/gcc/arm-none-eabi/15.2.1/../../../../arm-none-eabi/lib/thumb/v7-m/nofp\libc.a(libc_a-mprec.o)
                0x080071c0                __multiply
 .text.__pow5mult
                0x08007348       0xb8 C:/toolchain/bin/../lib/gcc/arm-none-eabi/15.2.1/../../../../arm-none-eabi/lib/thumb/v7-m/nofp\libc.a(libc_a-mprec.o)
                0x08007348                __pow5mult
 .text.__lshift
                0x08007400       0xe8 C:/toolchain/bin/../lib/gcc/arm-none-eabi/15.2.1/../../../../arm-none-eabi/lib/thumb/v7-m/nofp\libc.a(libc_a-mprec.o)
                0x08007400                __lshift
 .text.__mcmp   0x080074e8       0x40 C:/toolchain/bin/../lib/gcc/arm-none-eabi/15.2.1/../../../../arm-none-eabi/lib/thumb/v7-m/nofp\libc.a(libc_a-mprec.o)
                0x080074e8                __mcmp
 .text.__mdiff  0x08007528      0x180 C:/toolchain/bin/../lib/gcc/arm-none-eabi/15.2.1/../../../../arm-none-eabi/lib/thumb/v7-m/nofp\libc.a(libc_a-mprec.o)
                0x08007528                __mdiff
 .text.__ulp    0x080076a8       0x4c C:/toolchain/bin/../lib/gcc/arm-none-eabi/15.2.1/../../../../arm-none-eabi/lib/thumb/v7-m/nofp\libc.a(libc_a-mprec.o)
                0x080076a8                __ulp
 .text.__b2d    0x080076f4       0xbc C:/toolchain/bin/../lib/gcc/arm-none-eabi/15.2.1/../../../../arm-none-eabi/lib/thumb/v7-m/nofp\libc.a(libc_a-mprec.o)
                0x080076f4                __b2d
 .text.__d2b    0x080077b0       0xb8 C:/toolchain/bin/../lib/gcc/arm-none-eabi/15.2.1/../../../../arm-none-eabi/lib/thumb/v7-m/nofp\libc.a(libc_a-mprec.o)
                0x080077b0                __d2b
 .text.__ratio  0x08007868       0x5c C:/toolchain/bin/../lib/gcc/arm-none-eabi/15.2.1/../../../../arm-none-eabi/lib/thumb/v7-m/nofp\libc.a(libc_a-mprec.o)
                0x08007868                __ratio
 .text._mprec_log10
                0x080078c4       0x38 C:/toolchain/bin/../lib/gcc/arm-none-eabi/15.2.1/../../../../arm-none-eabi/lib/thumb/v7-m/nofp\libc.a(libc_a-mprec.o)
                0x080078c4                _mprec_log10
 .text.__copybits
                0x080078fc       0x50 C:/toolchain/bin/../lib/gcc/arm-none-eabi/15.2.1/../../../../arm-none-eabi/lib/thumb/v7-m/nofp\libc.a(libc_a-mprec.o)
                0x080078fc                __copybits
 .text.__any_on
                0x0800794c       0x40 C:/toolchain/bin/../lib/gcc/arm-none-eabi/15.2.1/../../../../arm-none-eabi/lib/thumb/v7-m/nofp\libc.a(libc_a-mprec.o)
                0x0800794c                __any_on
 .text          0x0800798c        0x0 C:/toolchain/bin/../lib/gcc/arm-none-eabi/15.2.1/../../../../arm-none-eabi/lib/thumb/v7-m/nofp\libc.a(libc_a-strtol.o)
 .text._strtol_l.isra.0
                0x0800798c      0x148 C:/toolchain/bin/../lib/gcc/arm-none-eabi/15.2.1/../../../../arm-none-eabi/lib/thumb/v7-m/nofp\libc.a(libc_a-strtol.o)
 .text._strtol_r
                0x08007ad4        0x4 C:/toolchain/bin/../lib/gcc/arm-none-eabi/15.2.1/../../../../arm-none-eabi/lib/thumb/v7-m/nofp\libc.a(libc_a-strtol.o)
                0x08007ad4                _strtol_r
 .text.strtol_l
                0x08007ad8       0x1c C:/toolchain/bin/../lib/gcc/arm-none-eabi/15.2.1/../../../../arm-none-eabi/lib/thumb/v7-m/nofp\libc.a(libc_a-strtol.o)
                0x08007ad8                strtol_l
 .text.strtol   0x08007af4       0x1c C:/toolchain/bin/../lib/gcc/arm-none-eabi/15.2.1/../../../../arm-none-eabi/lib/thumb/v7-m/nofp\libc.a(libc_a-strtol.o)
                0x08007af4                strtol
 .text          0x08007b10        0x0 C:/toolchain/bin/../lib/gcc/arm-none-eabi/15.2.1/../../../../arm-none-eabi/lib/thumb/v7-m/nofp\libc.a(libc_a-wctomb_r.o)
 .text._wctomb_r
                0x08007b10       0x14 C:/toolchain/bin/../lib/gcc/arm-none-eabi/15.2.1/../../../../arm-none-eabi/lib/thumb/v7-m/nofp\libc.a(libc_a-wctomb_r.o)
                0x08007b10                _wctomb_r
 .text.__ascii_wctomb
                0x08007b24       0x20 C:/toolchain/bin/../lib/gcc/arm-none-eabi/15.2.1/../../../../arm-none-eabi/lib/thumb/v7-m/nofp\libc.a(libc_a-wctomb_r.o)
                0x08007b24                __ascii_wctomb
 .text.__utf8_wctomb
                0x08007b44       0xa8 C:/toolchain/bin/../lib/gcc/arm-none-eabi/15.2.1/../../../../arm-none-eabi/lib/thumb/v7-m/nofp\libc.a(libc_a-wctomb_r.o)
                0x08007b44                __utf8_wctomb
 .text.__sjis_wctomb
                0x08007bec       0x58 C:/toolchain/bin/../lib/gcc/arm-none-eabi/15.2.1/../../../../arm-none-eabi/lib/thumb/v7-m/nofp\libc.a(libc_a-wctomb_r.o)
                0x08007bec                __sjis_wctomb
 .text.__eucjp_wctomb
                0x08007c44       0x74 C:/toolchain/bin/../lib/gcc/arm-none-eabi/15.2.1/../../../../arm-none-eabi/lib/thumb/v7-m/nofp\libc.a(libc_a-wctomb_r.o)
                0x08007c44                __eucjp_wctomb
 .text.__jis_wctomb
                0x08007cb8       0x80 C:/toolchain/bin/../lib/gcc/arm-none-eabi/15.2.1/../../../../arm-none-eabi/lib/thumb/v7-m/nofp\libc.a(libc_a-wctomb_r.o)
                0x08007cb8                __jis_wctomb
 .text          0x08007d38        0x0 C:/toolchain/bin/../lib/gcc/arm-none-eabi/15.2.1/../../../../arm-none-eabi/lib/thumb/v7-m/nofp\libc.a(libc_a-wcrtomb.o)
 .text._wcrtomb_r
                0x08007d38       0x50 C:/toolchain/bin/../lib/gcc/arm-none-eabi/15.2.1/../../../../arm-none-eabi/lib/thumb/v7-m/nofp\libc.a(libc_a-wcrtomb.o)
                0x08007d38                _wcrtomb_r
 .text.wcrtomb  0x08007d88       0x5c C:/toolchain/bin/../lib/gcc/arm-none-eabi/15.2.1/../../../../arm-none-eabi/lib/thumb/v7-m/nofp\libc.a(libc_a-wcrtomb.o)
                0x08007d88                wcrtomb
 .text          0x08007de4        0x0 C:/toolchain/bin/../lib/gcc/arm-none-eabi/15.2.1/../../../../arm-none-eabi/lib/thumb/v7-m/nofp\libc.a(libc_a-wcsrtombs.o)
 .text._wcsrtombs_r
                0x08007de4       0x1c C:/toolchain/bin/../lib/gcc/arm-none-eabi/15.2.1/../../../../arm-none-eabi/lib/thumb/v7-m/nofp\libc.a(libc_a-wcsrtombs.o)
                0x08007de4                _wcsrtombs_r
 .text.wcsrtombs
                0x08007e00       0x24 C:/toolchain/bin/../lib/gcc/arm-none-eabi/15.2.1/../../../../arm-none-eabi/lib/thumb/v7-m/nofp\libc.a(libc_a-wcsrtombs.o)
                0x08007e00                wcsrtombs
 .text          0x08007e24        0x0 C:/toolchain/bin/../lib/gcc/arm-none-eabi/15.2.1/../../../../arm-none-eabi/lib/thumb/v7-m/nofp\libc.a(libc_a-ctype_.o)
 .text.__set_ctype
                0x08007e24        0xc C:/toolchain/bin/../lib/gcc/arm-none-eabi/15.2.1/../../../../arm-none-eabi/lib/thumb/v7-m/nofp\libc.a(libc_a-ctype_.o)
                0x08007e24                __set_ctype
 .text          0x08007e30        0x0 C:/toolchain/bin/../lib/gcc/arm-none-eabi/15.2.1/../../../../arm-none-eabi/lib/thumb/v7-m/nofp\libc.a(libc_a-ssputs_r.o)
 .text.__ssputs_r
                0x08007e30       0xc8 C:/toolchain/bin/../lib/gcc/arm-none-eabi/15.2.1/../../../../arm-none-eabi/lib/thumb/v7-m/nofp\libc.a(libc_a-ssputs_r.o)
                0x08007e30                __ssputs_r
 .text          0x08007ef8        0x0 C:/toolchain/bin/../lib/gcc/arm-none-eabi/15.2.1/../../../../arm-none-eabi/lib/thumb/v7-m/nofp\libc.a(libc_a-fclose.o)
 .text._fclose_r
                0x08007ef8       0xc4 C:/toolchain/bin/../lib/gcc/arm-none-eabi/15.2.1/../../../../arm-none-eabi/lib/thumb/v7-m/nofp\libc.a(libc_a-fclose.o)
                0x08007ef8                _fclose_r
 .text.fclose   0x08007fbc       0x10 C:/toolchain/bin/../lib/gcc/arm-none-eabi/15.2.1/../../../../arm-none-eabi/lib/thumb/v7-m/nofp\libc.a(libc_a-fclose.o)
                0x08007fbc                fclose
 .text          0x08007fcc        0x0 C:/toolchain/bin/../lib/gcc/arm-none-eabi/15.2.1/../../../../arm-none-eabi/lib/thumb/v7-m/nofp\libc.a(libc_a-fflush.o)
 .text.__sflush_r
                0x08007fcc      0x120 C:/toolchain/bin/../lib/gcc/arm-none-eabi/15.2.1/../../../../arm-none-eabi/lib/thumb/v7-m/nofp\libc.a(libc_a-fflush.o)
                0x08007fcc                __sflush_r
 .text._fflush_r
                0x080080ec       0x70 C:/toolchain/bin/../lib/gcc/arm-none-eabi/15.2.1/../../../../arm-none-eabi/lib/thumb/v7-m/nofp\libc.a(libc_a-fflush.o)
                0x080080ec                _fflush_r
 .text.fflush   0x0800815c       0x90 C:/toolchain/bin/../lib/gcc/arm-none-eabi/15.2.1/../../../../arm-none-eabi/lib/thumb/v7-m/nofp\libc.a(libc_a-fflush.o)
                0x0800815c                fflush
 .text          0x080081ec        0x0 C:/toolchain/bin/../lib/gcc/arm-none-eabi/15.2.1/../../../../arm-none-eabi/lib/thumb/v7-m/nofp\libc.a(libc_a-memmove.o)
 .text.memmove  0x080081ec      0x124 C:/toolchain/bin/../lib/gcc/arm-none-eabi/15.2.1/../../../../arm-none-eabi/lib/thumb/v7-m/nofp\libc.a(libc_a-memmove.o)
                0x080081ec                memmove
 .text          0x08008310        0x0 C:/toolchain/bin/../lib/gcc/arm-none-eabi/15.2.1/../../../../arm-none-eabi/lib/thumb/v7-m/nofp\libc.a(libc_a-strcasecmp.o)
 .text.strcasecmp
                0x08008310       0x48 C:/toolchain/bin/../lib/gcc/arm-none-eabi/15.2.1/../../../../arm-none-eabi/lib/thumb/v7-m/nofp\libc.a(libc_a-strcasecmp.o)
                0x08008310                strcasecmp
 .text          0x08008358        0x0 C:/toolchain/bin/../lib/gcc/arm-none-eabi/15.2.1/../../../../arm-none-eabi/lib/thumb/v7-m/nofp\libc.a(libc_a-strcat.o)
 .text.strcat   0x08008358       0x6c C:/toolchain/bin/../lib/gcc/arm-none-eabi/15.2.1/../../../../arm-none-eabi/lib/thumb/v7-m/nofp\libc.a(libc_a-strcat.o)
                0x08008358                strcat
 .text          0x080083c4        0x0 C:/toolchain/bin/../lib/gcc/arm-none-eabi/15.2.1/../../../../arm-none-eabi/lib/thumb/v7-m/nofp\libc.a(libc_a-strchr.o)
 .text.strchr   0x080083c4       0xd0 C:/toolchain/bin/../lib/gcc/arm-none-eabi/15.2.1/../../../../arm-none-eabi/lib/thumb/v7-m/nofp\libc.a(libc_a-strchr.o)
                0x080083c4                strchr
 .text          0x08008494        0x0 C:/toolchain/bin/../lib/gcc/arm-none-eabi/15.2.1/../../../../arm-none-eabi/lib/thumb/v7-m/nofp\libc.a(libc_a-strlcpy.o)
 .text.strlcpy  0x08008494       0x28 C:/toolchain/bin/../lib/gcc/arm-none-eabi/15.2.1/../../../../arm-none-eabi/lib/thumb/v7-m/nofp\libc.a(libc_a-strlcpy.o)
                0x08008494                strlcpy
 .text          0x080084bc        0x0 C:/toolchain/bin/../lib/gcc/arm-none-eabi/15.2.1/../../../../arm-none-eabi/lib/thumb/v7-m/nofp\libc.a(libc_a-strncasecmp.o)
 .text.strncasecmp
                0x080084bc       0x58 C:/toolchain/bin/../lib/gcc/arm-none-eabi/15.2.1/../../../../arm-none-eabi/lib/thumb/v7-m/nofp\libc.a(libc_a-strncasecmp.o)
                0x080084bc                strncasecmp
 .text          0x08008514        0x0 C:/toolchain/bin/../lib/gcc/arm-none-eabi/15.2.1/../../../../arm-none-eabi/lib/thumb/v7-m/nofp\libc.a(libc_a-strncmp.o)
 .text.strncmp  0x08008514       0x78 C:/toolchain/bin/../lib/gcc/arm-none-eabi/15.2.1/../../../../arm-none-eabi/lib/thumb/v7-m/nofp\libc.a(libc_a-strncmp.o)
                0x08008514                strncmp
 .text          0x0800858c        0x0 C:/toolchain/bin/../lib/gcc/arm-none-eabi/15.2.1/../../../../arm-none-eabi/lib/thumb/v7-m/nofp\libc.a(libc_a-sbrkr.o)
 .text._sbrk_r  0x0800858c       0x24 C:/toolchain/bin/../lib/gcc/arm-none-eabi/15.2.1/../../../../arm-none-eabi/lib/thumb/v7-m/nofp\libc.a(libc_a-sbrkr.o)
                0x0800858c                _sbrk_r
 .text          0x080085b0        0x0 C:/toolchain/bin/../lib/gcc/arm-none-eabi/15.2.1/../../../../arm-none-eabi/lib/thumb/v7-m/nofp\libc.a(libc_a-errno.o)
 .text.__errno  0x080085b0        0xc C:/toolchain/bin/../lib/gcc/arm-none-eabi/15.2.1/../../../../arm-none-eabi/lib/thumb/v7-m/nofp\libc.a(libc_a-errno.o)
                0x080085b0                __errno
 .text          0x080085bc        0x0 C:/toolchain/bin/../lib/gcc/arm-none-eabi/15.2.1/../../../../arm-none-eabi/lib/thumb/v7-m/nofp\libc.a(libc_a-sysconf.o)
 .text.sysconf  0x080085bc       0x1c C:/toolchain/bin/../lib/gcc/arm-none-eabi/15.2.1/../../../../arm-none-eabi/lib/thumb/v7-m/nofp\libc.a(libc_a-sysconf.o)
                0x080085bc                sysconf
 .text          0x080085d8       0xec C:/toolchain/bin/../lib/gcc/arm-none-eabi/15.2.1/../../../../arm-none-eabi/lib/thumb/v7-m/nofp\libc.a(libc_a-memcpy.o)
                0x080085d8                memcpy
 .text          0x080086c4        0x0 C:/toolchain/bin/../lib/gcc/arm-none-eabi/15.2.1/../../../../arm-none-eabi/lib/thumb/v7-m/nofp\libc.a(libc_a-assert.o)
 .text.__assert_func
                0x080086c4       0x44 C:/toolchain/bin/../lib/gcc/arm-none-eabi/15.2.1/../../../../arm-none-eabi/lib/thumb/v7-m/nofp\libc.a(libc_a-assert.o)
                0x080086c4                __assert_func
 .text.__assert
                0x08008708        0xc C:/toolchain/bin/../lib/gcc/arm-none-eabi/15.2.1/../../../../arm-none-eabi/lib/thumb/v7-m/nofp\libc.a(libc_a-assert.o)
                0x08008708                __assert
 .text          0x08008714        0x0 C:/toolchain/bin/../lib/gcc/arm-none-eabi/15.2.1/../../../../arm-none-eabi/lib/thumb/v7-m/nofp\libc.a(libc_a-callocr.o)
 .text._calloc_r
                0x08008714       0x78 C:/toolchain/bin/../lib/gcc/arm-none-eabi/15.2.1/../../../../arm-none-eabi/lib/thumb/v7-m/nofp\libc.a(libc_a-callocr.o)
                0x08008714                _calloc_r
 .text          0x0800878c        0x0 C:/toolchain/bin/../lib/gcc/arm-none-eabi/15.2.1/../../../../arm-none-eabi/lib/thumb/v7-m/nofp\libc.a(libc_a-environ.o)
 .text          0x0800878c        0x0 C:/toolchain/bin/../lib/gcc/arm-none-eabi/15.2.1/../../../../arm-none-eabi/lib/thumb/v7-m/nofp\libc.a(libc_a-envlock.o)
 .text.__env_lock
                0x0800878c        0xc C:/toolchain/bin/../lib/gcc/arm-none-eabi/15.2.1/../../../../arm-none-eabi/lib/thumb/v7-m/nofp\libc.a(libc_a-envlock.o)
                0x0800878c                __env_lock
 .text.__env_unlock
                0x08008798        0xc C:/toolchain/bin/../lib/gcc/arm-none-eabi/15.2.1/../../../../arm-none-eabi/lib/thumb/v7-m/nofp\libc.a(libc_a-envlock.o)
                0x08008798                __env_unlock
 .text          0x080087a4        0x0 C:/toolchain/bin/../lib/gcc/arm-none-eabi/15.2.1/../../../../arm-none-eabi/lib/thumb/v7-m/nofp\libc.a(libc_a-reallocr.o)
 .text._realloc_r
                0x080087a4      0x354 C:/toolchain/bin/../lib/gcc/arm-none-eabi/15.2.1/../../../../arm-none-eabi/lib/thumb/v7-m/nofp\libc.a(libc_a-reallocr.o)
                0x080087a4                _realloc_r
 .text          0x08008af8        0x0 C:/toolchain/bin/../lib/gcc/arm-none-eabi/15.2.1/../../../../arm-none-eabi/lib/thumb/v7-m/nofp\libc.a(libc_a-wcsnrtombs.o)
 .text._wcsnrtombs_l
                0x08008af8       0xec C:/toolchain/bin/../lib/gcc/arm-none-eabi/15.2.1/../../../../arm-none-eabi/lib/thumb/v7-m/nofp\libc.a(libc_a-wcsnrtombs.o)
                0x08008af8                _wcsnrtombs_l
 .text._wcsnrtombs_r
                0x08008be4       0x28 C:/toolchain/bin/../lib/gcc/arm-none-eabi/15.2.1/../../../../arm-none-eabi/lib/thumb/v7-m/nofp\libc.a(libc_a-wcsnrtombs.o)
                0x08008be4                _wcsnrtombs_r
 .text.wcsnrtombs
                0x08008c0c       0x30 C:/toolchain/bin/../lib/gcc/arm-none-eabi/15.2.1/../../../../arm-none-eabi/lib/thumb/v7-m/nofp\libc.a(libc_a-wcsnrtombs.o)
                0x08008c0c                wcsnrtombs
 .text          0x08008c3c        0x0 C:/toolchain/bin/../lib/gcc/arm-none-eabi/15.2.1/../../../../arm-none-eabi/lib/thumb/v7-m/nofp\libc.a(libc_a-fiprintf.o)
 .text._fiprintf_r
                0x08008c3c       0x1c C:/toolchain/bin/../lib/gcc/arm-none-eabi/15.2.1/../../../../arm-none-eabi/lib/thumb/v7-m/nofp\libc.a(libc_a-fiprintf.o)
                0x08008c3c                _fiprintf_r
 .text.fiprintf
                0x08008c58       0x28 C:/toolchain/bin/../lib/gcc/arm-none-eabi/15.2.1/../../../../arm-none-eabi/lib/thumb/v7-m/nofp\libc.a(libc_a-fiprintf.o)
                0x08008c58                fiprintf
 .text          0x08008c80        0x0 C:/toolchain/bin/../lib/gcc/arm-none-eabi/15.2.1/../../../../arm-none-eabi/lib/thumb/v7-m/nofp\libc.a(libc_a-vfiprintf.o)
 .text._vfiprintf_r
                0x08008c80     0x1210 C:/toolchain/bin/../lib/gcc/arm-none-eabi/15.2.1/../../../../arm-none-eabi/lib/thumb/v7-m/nofp\libc.a(libc_a-vfiprintf.o)
                0x08008c80                _vfiprintf_r
 .text.vfiprintf
                0x08009e90       0x1c C:/toolchain/bin/../lib/gcc/arm-none-eabi/15.2.1/../../../../arm-none-eabi/lib/thumb/v7-m/nofp\libc.a(libc_a-vfiprintf.o)
                0x08009e90                vfiprintf
 .text.__sbprintf
                0x08009eac       0x80 C:/toolchain/bin/../lib/gcc/arm-none-eabi/15.2.1/../../../../arm-none-eabi/lib/thumb/v7-m/nofp\libc.a(libc_a-vfiprintf.o)
 .text          0x08009f2c        0x0 C:/toolchain/bin/../lib/gcc/arm-none-eabi/15.2.1/../../../../arm-none-eabi/lib/thumb/v7-m/nofp\libc.a(libc_a-sprint_r.o)
 .text.__sprint_r
                0x08009f2c       0x20 C:/toolchain/bin/../lib/gcc/arm-none-eabi/15.2.1/../../../../arm-none-eabi/lib/thumb/v7-m/nofp\libc.a(libc_a-sprint_r.o)
                0x08009f2c                __sprint_r
 .text          0x08009f4c        0x0 C:/toolchain/bin/../lib/gcc/arm-none-eabi/15.2.1/../../../../arm-none-eabi/lib/thumb/v7-m/nofp\libc.a(libc_a-fvwrite.o)
 .text.__sfvwrite_r
                0x08009f4c      0x2e0 C:/toolchain/bin/../lib/gcc/arm-none-eabi/15.2.1/../../../../arm-none-eabi/lib/thumb/v7-m/nofp\libc.a(libc_a-fvwrite.o)
                0x08009f4c                __sfvwrite_r
 .text          0x0800a22c        0x0 C:/toolchain/bin/../lib/gcc/arm-none-eabi/15.2.1/../../../../arm-none-eabi/lib/thumb/v7-m/nofp\libc.a(libc_a-wsetup.o)
 .text.__swsetup_r
                0x0800a22c       0xdc C:/toolchain/bin/../lib/gcc/arm-none-eabi/15.2.1/../../../../arm-none-eabi/lib/thumb/v7-m/nofp\libc.a(libc_a-wsetup.o)
                0x0800a22c                __swsetup_r
 .text          0x0800a308        0x0 C:/toolchain/bin/../lib/gcc/arm-none-eabi/15.2.1/../../../../arm-none-eabi/lib/thumb/v7-m/nofp\libc.a(libc_a-abort.o)
 .text.abort    0x0800a308       0x10 C:/toolchain/bin/../lib/gcc/arm-none-eabi/15.2.1/../../../../arm-none-eabi/lib/thumb/v7-m/nofp\libc.a(libc_a-abort.o)
                0x0800a308                abort
 .text          0x0800a318        0x0 C:/toolchain/bin/../lib/gcc/arm-none-eabi/15.2.1/../../../../arm-none-eabi/lib/thumb/v7-m/nofp\libc.a(libc_a-makebuf.o)
 .text.__smakebuf_r
                0x0800a318       0xe8 C:/toolchain/bin/../lib/gcc/arm-none-eabi/15.2.1/../../../../arm-none-eabi/lib/thumb/v7-m/nofp\libc.a(libc_a-makebuf.o)
                0x0800a318                __smakebuf_r
 .text.__swhatbuf_r
                0x0800a400       0x64 C:/toolchain/bin/../lib/gcc/arm-none-eabi/15.2.1/../../../../arm-none-eabi/lib/thumb/v7-m/nofp\libc.a(libc_a-makebuf.o)
                0x0800a400                __swhatbuf_r
 .text          0x0800a464        0x0 C:/toolchain/bin/../lib/gcc/arm-none-eabi/15.2.1/../../../../arm-none-eabi/lib/thumb/v7-m/nofp\libc.a(libc_a-signal.o)
 .text._init_signal_r
                0x0800a464       0x3c C:/toolchain/bin/../lib/gcc/arm-none-eabi/15.2.1/../../../../arm-none-eabi/lib/thumb/v7-m/nofp\libc.a(libc_a-signal.o)
                0x0800a464                _init_signal_r
 .text._signal_r
                0x0800a4a0       0x58 C:/toolchain/bin/../lib/gcc/arm-none-eabi/15.2.1/../../../../arm-none-eabi/lib/thumb/v7-m/nofp\libc.a(libc_a-signal.o)
                0x0800a4a0                _signal_r
 .text._raise_r
                0x0800a4f8       0x64 C:/toolchain/bin/../lib/gcc/arm-none-eabi/15.2.1/../../../../arm-none-eabi/lib/thumb/v7-m/nofp\libc.a(libc_a-signal.o)
                0x0800a4f8                _raise_r
 .text.__sigtramp_r
                0x0800a55c       0x74 C:/toolchain/bin/../lib/gcc/arm-none-eabi/15.2.1/../../../../arm-none-eabi/lib/thumb/v7-m/nofp\libc.a(libc_a-signal.o)
                0x0800a55c                __sigtramp_r
 .text.raise    0x0800a5d0       0x64 C:/toolchain/bin/../lib/gcc/arm-none-eabi/15.2.1/../../../../arm-none-eabi/lib/thumb/v7-m/nofp\libc.a(libc_a-signal.o)
                0x0800a5d0                raise
 .text.signal   0x0800a634       0x60 C:/toolchain/bin/../lib/gcc/arm-none-eabi/15.2.1/../../../../arm-none-eabi/lib/thumb/v7-m/nofp\libc.a(libc_a-signal.o)
                0x0800a634                signal
 .text._init_signal
                0x0800a694       0x44 C:/toolchain/bin/../lib/gcc/arm-none-eabi/15.2.1/../../../../arm-none-eabi/lib/thumb/v7-m/nofp\libc.a(libc_a-signal.o)
                0x0800a694                _init_signal
 .text.__sigtramp
                0x0800a6d8       0x80 C:/toolchain/bin/../lib/gcc/arm-none-eabi/15.2.1/../../../../arm-none-eabi/lib/thumb/v7-m/nofp\libc.a(libc_a-signal.o)
                0x0800a6d8                __sigtramp
 .text          0x0800a758        0x0 C:/toolchain/bin/../lib/gcc/arm-none-eabi/15.2.1/../../../../arm-none-eabi/lib/thumb/v7-m/nofp\libc.a(libc_a-fstatr.o)
 .text._fstat_r
                0x0800a758       0x28 C:/toolchain/bin/../lib/gcc/arm-none-eabi/15.2.1/../../../../arm-none-eabi/lib/thumb/v7-m/nofp\libc.a(libc_a-fstatr.o)
                0x0800a758                _fstat_r
 .text          0x0800a780        0x0 C:/toolchain/bin/../lib/gcc/arm-none-eabi/15.2.1/../../../../arm-none-eabi/lib/thumb/v7-m/nofp\libc.a(libc_a-isattyr.o)
 .text._isatty_r
                0x0800a780       0x24 C:/toolchain/bin/../lib/gcc/arm-none-eabi/15.2.1/../../../../arm-none-eabi/lib/thumb/v7-m/nofp\libc.a(libc_a-isattyr.o)
                0x0800a780                _isatty_r
 .text          0x0800a7a4        0x0 C:/toolchain/bin/../lib/gcc/arm-none-eabi/15.2.1/../../../../arm-none-eabi/lib/thumb/v7-m/nofp\libc.a(libc_a-signalr.o)
 .text._kill_r  0x0800a7a4       0x28 C:/toolchain/bin/../lib/gcc/arm-none-eabi/15.2.1/../../../../arm-none-eabi/lib/thumb/v7-m/nofp\libc.a(libc_a-signalr.o)
                0x0800a7a4                _kill_r
 .text._getpid_r
                0x0800a7cc        0x4 C:/toolchain/bin/../lib/gcc/arm-none-eabi/15.2.1/../../../../arm-none-eabi/lib/thumb/v7-m/nofp\libc.a(libc_a-signalr.o)
                0x0800a7cc                _getpid_r
 .text          0x0800a7d0        0x0 C:/toolchain/bin/../lib/gcc/arm-none-eabi/15.2.1/../../../../arm-none-eabi/lib/thumb/v7-m/nofp\libnosys.a(close.o)
 .text._close   0x0800a7d0       0x10 C:/toolchain/bin/../lib/gcc/arm-none-eabi/15.2.1/../../../../arm-none-eabi/lib/thumb/v7-m/nofp\libnosys.a(close.o)
                0x0800a7d0                _close
 .text          0x0800a7e0        0x0 C:/toolchain/bin/../lib/gcc/arm-none-eabi/15.2.1/../../../../arm-none-eabi/lib/thumb/v7-m/nofp\libnosys.a(fstat.o)
 .text._fstat   0x0800a7e0       0x10 C:/toolchain/bin/../lib/gcc/arm-none-eabi/15.2.1/../../../../arm-none-eabi/lib/thumb/v7-m/nofp\libnosys.a(fstat.o)
                0x0800a7e0                _fstat
 .text          0x0800a7f0        0x0 C:/toolchain/bin/../lib/gcc/arm-none-eabi/15.2.1/../../../../arm-none-eabi/lib/thumb/v7-m/nofp\libnosys.a(getpid.o)
 .text._getpid  0x0800a7f0       0x10 C:/toolchain/bin/../lib/gcc/arm-none-eabi/15.2.1/../../../../arm-none-eabi/lib/thumb/v7-m/nofp\libnosys.a(getpid.o)
                0x0800a7f0                _getpid
 .text          0x0800a800        0x0 C:/toolchain/bin/../lib/gcc/arm-none-eabi/15.2.1/../../../../arm-none-eabi/lib/thumb/v7-m/nofp\libnosys.a(isatty.o)
 .text._isatty  0x0800a800       0x10 C:/toolchain/bin/../lib/gcc/arm-none-eabi/15.2.1/../../../../arm-none-eabi/lib/thumb/v7-m/nofp\libnosys.a(isatty.o)
                0x0800a800                _isatty
 .text          0x0800a810        0x0 C:/toolchain/bin/../lib/gcc/arm-none-eabi/15.2.1/../../../../arm-none-eabi/lib/thumb/v7-m/nofp\libnosys.a(kill.o)
 .text._kill    0x0800a810       0x10 C:/toolchain/bin/../lib/gcc/arm-none-eabi/15.2.1/../../../../arm-none-eabi/lib/thumb/v7-m/nofp\libnosys.a(kill.o)
                0x0800a810                _kill
 .text          0x0800a820        0x0 C:/toolchain/bin/../lib/gcc/arm-none-eabi/15.2.1/../../../../arm-none-eabi/lib/thumb/v7-m/nofp\libnosys.a(lseek.o)
 .text._lseek   0x0800a820       0x10 C:/toolchain/bin/../lib/gcc/arm-none-eabi/15.2.1/../../../../arm-none-eabi/lib/thumb/v7-m/nofp\libnosys.a(lseek.o)
                0x0800a820                _lseek
 .text          0x0800a830        0x0 C:/toolchain/bin/../lib/gcc/arm-none-eabi/15.2.1/../../../../arm-none-eabi/lib/thumb/v7-m/nofp\libnosys.a(read.o)
 .text._read    0x0800a830       0x10 C:/toolchain/bin/../lib/gcc/arm-none-eabi/15.2.1/../../../../arm-none-eabi/lib/thumb/v7-m/nofp\libnosys.a(read.o)
                0x0800a830                _read
 .text          0x0800a840        0x0 C:/toolchain/bin/../lib/gcc/arm-none-eabi/15.2.1/../../../../arm-none-eabi/lib/thumb/v7-m/nofp\libnosys.a(sbrk.o)
 .text._sbrk    0x0800a840       0x1c C:/toolchain/bin/../lib/gcc/arm-none-eabi/15.2.1/../../../../arm-none-eabi/lib/thumb/v7-m/nofp\libnosys.a(sbrk.o)
                0x0800a840                _sbrk
 .text          0x0800a85c        0x0 C:/toolchain/bin/../lib/gcc/arm-none-eabi/15.2.1/../../../../arm-none-eabi/lib/thumb/v7-m/nofp\libnosys.a(write.o)
 .text._write   0x0800a85c       0x10 C:/toolchain/bin/../lib/gcc/arm-none-eabi/15.2.1/../../../../arm-none-eabi/lib/thumb/v7-m/nofp\libnosys.a(write.o)
                0x0800a85c                _write
 .text          0x0800a86c        0x0 C:/toolchain/bin/../lib/gcc/arm-none-eabi/15.2.1/../../../../arm-none-eabi/lib/thumb/v7-m/nofp\libnosys.a(_exit.o)
 .text._exit    0x0800a86c        0x4 C:/toolchain/bin/../lib/gcc/arm-none-eabi/15.2.1/../../../../arm-none-eabi/lib/thumb/v7-m/nofp\libnosys.a(_exit.o)
                0x0800a86c                _exit
 .text          0x0800a870      0x254 C:/toolchain/bin/../lib/gcc/arm-none-eabi/15.2.1/thumb/v7-m/nofp\libgcc.a(_arm_muldf3.o)
 .text          0x0800aac4      0x168 C:/toolchain/bin/../lib/gcc/arm-none-eabi/15.2.1/thumb/v7-m/nofp\libgcc.a(_arm_mulsf3.o)
 .text          0x0800ac2c      0x378 C:/toolchain/bin/../lib/gcc/arm-none-eabi/15.2.1/thumb/v7-m/nofp\libgcc.a(_arm_addsubdf3.o)
                0x0800ac2c                __aeabi_drsub
                0x0800ac34                __aeabi_dsub
                0x0800ac34                __subdf3
                0x0800ac38                __aeabi_dadd
                0x0800ac38                __adddf3
                0x0800aeb0                __floatunsidf
                0x0800aeb0                __aeabi_ui2d
                0x0800aed0                __floatsidf
                0x0800aed0                __aeabi_i2d
                0x0800aef4                __aeabi_f2d
                0x0800aef4                __extendsfdf2
                0x0800af38                __floatundidf
                0x0800af38                __aeabi_ul2d
                0x0800af48                __floatdidf
                0x0800af48                __aeabi_l2d
 .text          0x0800afa4      0x424 C:/toolchain/bin/../lib/gcc/arm-none-eabi/15.2.1/thumb/v7-m/nofp\libgcc.a(_arm_muldivdf3.o)
                0x0800afa4                __aeabi_dmul
                0x0800afa4                __muldf3
                0x0800b1f8                __divdf3
                0x0800b1f8                __aeabi_ddiv
 .text          0x0800b3c8      0x110 C:/toolchain/bin/../lib/gcc/arm-none-eabi/15.2.1/thumb/v7-m/nofp\libgcc.a(_arm_cmpdf2.o)
                0x0800b3c8                __gtdf2
                0x0800b3c8                __gedf2
                0x0800b3d0                __ltdf2
                0x0800b3d0                __ledf2
                0x0800b3d8                __nedf2
                0x0800b3d8                __eqdf2
                0x0800b3d8                __cmpdf2
                0x0800b454                __aeabi_cdrcmple
                0x0800b464                __aeabi_cdcmpeq
                0x0800b464                __aeabi_cdcmple
                0x0800b474                __aeabi_dcmpeq
                0x0800b488                __aeabi_dcmplt
                0x0800b49c                __aeabi_dcmple
                0x0800b4b0                __aeabi_dcmpge
                0x0800b4c4                __aeabi_dcmpgt
 .text          0x0800b4d8       0x2c C:/toolchain/bin/../lib/gcc/arm-none-eabi/15.2.1/thumb/v7-m/nofp\libgcc.a(_arm_unorddf2.o)
                0x0800b4d8                __unorddf2
                0x0800b4d8                __aeabi_dcmpun
 .text          0x0800b504       0x50 C:/toolchain/bin/../lib/gcc/arm-none-eabi/15.2.1/thumb/v7-m/nofp\libgcc.a(_arm_fixdfsi.o)
                0x0800b504                __aeabi_d2iz
                0x0800b504                __fixdfsi
 .text          0x0800b554      0x21c C:/toolchain/bin/../lib/gcc/arm-none-eabi/15.2.1/thumb/v7-m/nofp\libgcc.a(_arm_addsubsf3.o)
                0x0800b554                __aeabi_frsub
                0x0800b55c                __subsf3
                0x0800b55c                __aeabi_fsub
                0x0800b560                __aeabi_fadd
                0x0800b560                __addsf3
                0x0800b6c0                __aeabi_ui2f
                0x0800b6c0                __floatunsisf
                0x0800b6c8                __aeabi_i2f
                0x0800b6c8                __floatsisf
                0x0800b6e4                __aeabi_ul2f
                0x0800b6e4                __floatundisf
                0x0800b6f4                __aeabi_l2f
                0x0800b6f4                __floatdisf
 .text          0x0800b770      0x2a0 C:/toolchain/bin/../lib/gcc/arm-none-eabi/15.2.1/thumb/v7-m/nofp\libgcc.a(_arm_muldivsf3.o)
                0x0800b770                __mulsf3
                0x0800b770                __aeabi_fmul
                0x0800b8d8                __aeabi_fdiv
                0x0800b8d8                __divsf3
 .text          0x0800ba10       0xec C:/toolchain/bin/../lib/gcc/arm-none-eabi/15.2.1/thumb/v7-m/nofp\libgcc.a(_arm_cmpsf2.o)
                0x0800ba10                __gesf2
                0x0800ba10                __gtsf2
                0x0800ba18                __lesf2
                0x0800ba18                __ltsf2
                0x0800ba20                __nesf2
                0x0800ba20                __eqsf2
                0x0800ba20                __cmpsf2
                0x0800ba80                __aeabi_cfrcmple
                0x0800ba88                __aeabi_cfcmpeq
                0x0800ba88                __aeabi_cfcmple
                0x0800ba98                __aeabi_fcmpeq
                0x0800baac                __aeabi_fcmplt
                0x0800bac0                __aeabi_fcmple
                0x0800bad4                __aeabi_fcmpge
                0x0800bae8                __aeabi_fcmpgt
 .text          0x0800bafc       0x4c C:/toolchain/bin/../lib/gcc/arm-none-eabi/15.2.1/thumb/v7-m/nofp\libgcc.a(_arm_fixsfsi.o)
                0x0800bafc                __aeabi_f2iz
                0x0800bafc                __fixsfsi
 *(.rodata*)
 .rodata        0x0800bb48       0x4c build/obj/app.o
 .rodata        0x0800bb94       0x2a build/obj/RGB_senser.o
 *fill*         0x0800bbbe        0x2 
 .rodata        0x0800bbc0       0x1c build/obj/motor.o
 .rodata._svfprintf_r.str1.4
                0x0800bbdc      0x29b C:/toolchain/bin/../lib/gcc/arm-none-eabi/15.2.1/../../../../arm-none-eabi/lib/thumb/v7-m/nofp\libc.a(libc_a-svfprintf.o)
                                 0x42 (size before relaxing)
 *fill*         0x0800be77        0x1 
 .rodata.zeroes.0
                0x0800be78       0x10 C:/toolchain/bin/../lib/gcc/arm-none-eabi/15.2.1/../../../../arm-none-eabi/lib/thumb/v7-m/nofp\libc.a(libc_a-svfprintf.o)
 .rodata.blanks.1
                0x0800be88       0x10 C:/toolchain/bin/../lib/gcc/arm-none-eabi/15.2.1/../../../../arm-none-eabi/lib/thumb/v7-m/nofp\libc.a(libc_a-svfprintf.o)
 .rodata.__currentlocale.str1.4
                0x0800be98        0x0 C:/toolchain/bin/../lib/gcc/arm-none-eabi/15.2.1/../../../../arm-none-eabi/lib/thumb/v7-m/nofp\libc.a(libc_a-locale.o)
                                  0x2 (size before relaxing)
 .rodata.__loadlocale.str1.4
                0x0800be98        0x0 C:/toolchain/bin/../lib/gcc/arm-none-eabi/15.2.1/../../../../arm-none-eabi/lib/thumb/v7-m/nofp\libc.a(libc_a-locale.o)
                                 0xde (size before relaxing)
 .rodata.__get_locale_env.str1.4
                0x0800be98        0x0 C:/toolchain/bin/../lib/gcc/arm-none-eabi/15.2.1/../../../../arm-none-eabi/lib/thumb/v7-m/nofp\libc.a(libc_a-locale.o)
                                  0xd (size before relaxing)
 .rodata.str1.4
                0x0800be98        0x0 C:/toolchain/bin/../lib/gcc/arm-none-eabi/15.2.1/../../../../arm-none-eabi/lib/thumb/v7-m/nofp\libc.a(libc_a-locale.o)
                                 0x4c (size before relaxing)
 .rodata.__C_locale
                0x0800be98      0x254 C:/toolchain/bin/../lib/gcc/arm-none-eabi/15.2.1/../../../../arm-none-eabi/lib/thumb/v7-m/nofp\libc.a(libc_a-locale.o)
                0x0800be98                __C_locale
 .rodata.categories
                0x0800c0ec       0x1c C:/toolchain/bin/../lib/gcc/arm-none-eabi/15.2.1/../../../../arm-none-eabi/lib/thumb/v7-m/nofp\libc.a(libc_a-locale.o)
 .rodata._dtoa_r.str1.4
                0x0800c108        0x0 C:/toolchain/bin/../lib/gcc/arm-none-eabi/15.2.1/../../../../arm-none-eabi/lib/thumb/v7-m/nofp\libc.a(libc_a-dtoa.o)
                                 0x81 (size before relaxing)
 .rodata.JIS_action_table
                0x0800c108       0x48 C:/toolchain/bin/../lib/gcc/arm-none-eabi/15.2.1/../../../../arm-none-eabi/lib/thumb/v7-m/nofp\libc.a(libc_a-mbtowc_r.o)
 .rodata.JIS_state_table
                0x0800c150       0x48 C:/toolchain/bin/../lib/gcc/arm-none-eabi/15.2.1/../../../../arm-none-eabi/lib/thumb/v7-m/nofp\libc.a(libc_a-mbtowc_r.o)
 .rodata.__multadd.str1.4
                0x0800c198        0x0 C:/toolchain/bin/../lib/gcc/arm-none-eabi/15.2.1/../../../../arm-none-eabi/lib/thumb/v7-m/nofp\libc.a(libc_a-mprec.o)
                                 0x6e (size before relaxing)
 .rodata.p05.0  0x0800c198        0xc C:/toolchain/bin/../lib/gcc/arm-none-eabi/15.2.1/../../../../arm-none-eabi/lib/thumb/v7-m/nofp\libc.a(libc_a-mprec.o)
 *fill*         0x0800c1a4        0x4 
 .rodata.__mprec_tinytens
                0x0800c1a8       0x28 C:/toolchain/bin/../lib/gcc/arm-none-eabi/15.2.1/../../../../arm-none-eabi/lib/thumb/v7-m/nofp\libc.a(libc_a-mprec.o)
                0x0800c1a8                __mprec_tinytens
 .rodata.__mprec_bigtens
                0x0800c1d0       0x28 C:/toolchain/bin/../lib/gcc/arm-none-eabi/15.2.1/../../../../arm-none-eabi/lib/thumb/v7-m/nofp\libc.a(libc_a-mprec.o)
                0x0800c1d0                __mprec_bigtens
 .rodata.__mprec_tens
                0x0800c1f8       0xc8 C:/toolchain/bin/../lib/gcc/arm-none-eabi/15.2.1/../../../../arm-none-eabi/lib/thumb/v7-m/nofp\libc.a(libc_a-mprec.o)
                0x0800c1f8                __mprec_tens
 .rodata._ctype_
                0x0800c2c0      0x101 C:/toolchain/bin/../lib/gcc/arm-none-eabi/15.2.1/../../../../arm-none-eabi/lib/thumb/v7-m/nofp\libc.a(libc_a-ctype_.o)
                0x0800c2c0                _ctype_
 .rodata.__assert_func.str1.4
                0x0800c3c1        0x0 C:/toolchain/bin/../lib/gcc/arm-none-eabi/15.2.1/../../../../arm-none-eabi/lib/thumb/v7-m/nofp\libc.a(libc_a-assert.o)
                                 0x43 (size before relaxing)
 .rodata._vfiprintf_r.str1.4
                0x0800c3c1        0x0 C:/toolchain/bin/../lib/gcc/arm-none-eabi/15.2.1/../../../../arm-none-eabi/lib/thumb/v7-m/nofp\libc.a(libc_a-vfiprintf.o)
                                 0x2f (size before relaxing)
 *fill*         0x0800c3c1        0x3 
 .rodata.zeroes.0
                0x0800c3c4       0x10 C:/toolchain/bin/../lib/gcc/arm-none-eabi/15.2.1/../../../../arm-none-eabi/lib/thumb/v7-m/nofp\libc.a(libc_a-vfiprintf.o)
 .rodata.blanks.1
                0x0800c3d4       0x10 C:/toolchain/bin/../lib/gcc/arm-none-eabi/15.2.1/../../../../arm-none-eabi/lib/thumb/v7-m/nofp\libc.a(libc_a-vfiprintf.o)
                0x0800c3e4                        _etext = .

.glue_7         0x0800c3e4        0x0
 .glue_7        0x0800c3e4        0x0 linker stubs

.glue_7t        0x0800c3e4        0x0
 .glue_7t       0x0800c3e4        0x0 linker stubs

.vfp11_veneer   0x0800c3e4        0x0
 .vfp11_veneer  0x0800c3e4        0x0 linker stubs

.v4_bx          0x0800c3e4        0x0
 .v4_bx         0x0800c3e4        0x0 linker stubs

.iplt           0x0800c3e4        0x0
 .iplt          0x0800c3e4        0x0 build/obj/main.o

.rel.dyn        0x0800c3e4        0x0
 .rel.iplt      0x0800c3e4        0x0 build/obj/main.o

.data           0x20000000      0x89c load address 0x0800c3e4
                0x20000000                        _sdata = .
 *(.data*)
 .data          0x20000000        0x0 build/obj/main.o
 .data          0x20000000        0x0 build/obj/startup_stm32f103c8.o
 .data          0x20000000        0x1 build/obj/app.o
 .data          0x20000001        0x0 build/obj/gpio.o
 .data          0x20000001        0x0 build/obj/i2c.o
 .data          0x20000001        0x0 build/obj/pwm.o
 .data          0x20000001        0x0 build/obj/systick.o
 .data          0x20000001        0x0 build/obj/uart.o
 .data          0x20000001        0x0 build/obj/uart_esp32.o
 .data          0x20000001        0x0 build/obj/MPU.o
 .data          0x20000001        0x0 build/obj/RGB_senser.o
 .data          0x20000001        0x0 build/obj/led.o
 .data          0x20000001        0x0 build/obj/motor.o
 .data          0x20000001        0x0 build/obj/ringbuff.o
 .data          0x20000001        0x0 build/obj/pid.o
 .data          0x20000001        0x0 C:/toolchain/bin/../lib/gcc/arm-none-eabi/15.2.1/../../../../arm-none-eabi/lib/thumb/v7-m/nofp\libc.a(libc_a-sprintf.o)
 .data          0x20000001        0x0 C:/toolchain/bin/../lib/gcc/arm-none-eabi/15.2.1/../../../../arm-none-eabi/lib/thumb/v7-m/nofp\libc.a(libc_a-impure.o)
 *fill*         0x20000001        0x3 
 .data._impure_ptr
                0x20000004        0x4 C:/toolchain/bin/../lib/gcc/arm-none-eabi/15.2.1/../../../../arm-none-eabi/lib/thumb/v7-m/nofp\libc.a(libc_a-impure.o)
                0x20000004                _impure_ptr
 .data._impure_data
                0x20000008      0x200 C:/toolchain/bin/../lib/gcc/arm-none-eabi/15.2.1/../../../../arm-none-eabi/lib/thumb/v7-m/nofp\libc.a(libc_a-impure.o)
                0x20000008                _impure_data
 .data          0x20000208        0x0 C:/toolchain/bin/../lib/gcc/arm-none-eabi/15.2.1/../../../../arm-none-eabi/lib/thumb/v7-m/nofp\libc.a(libc_a-svfprintf.o)
 .data          0x20000208        0x0 C:/toolchain/bin/../lib/gcc/arm-none-eabi/15.2.1/../../../../arm-none-eabi/lib/thumb/v7-m/nofp\libc.a(libc_a-ssprint_r.o)
 .data          0x20000208        0x0 C:/toolchain/bin/../lib/gcc/arm-none-eabi/15.2.1/../../../../arm-none-eabi/lib/thumb/v7-m/nofp\libc.a(libc_a-findfp.o)
 .data.__sglue  0x20000208        0xc C:/toolchain/bin/../lib/gcc/arm-none-eabi/15.2.1/../../../../arm-none-eabi/lib/thumb/v7-m/nofp\libc.a(libc_a-findfp.o)
                0x20000208                __sglue
 .data          0x20000214        0x0 C:/toolchain/bin/../lib/gcc/arm-none-eabi/15.2.1/../../../../arm-none-eabi/lib/thumb/v7-m/nofp\libc.a(libc_a-fwalk.o)
 .data          0x20000214        0x0 C:/toolchain/bin/../lib/gcc/arm-none-eabi/15.2.1/../../../../arm-none-eabi/lib/thumb/v7-m/nofp\libc.a(libc_a-stdio.o)
 .data          0x20000214        0x0 C:/toolchain/bin/../lib/gcc/arm-none-eabi/15.2.1/../../../../arm-none-eabi/lib/thumb/v7-m/nofp\libc.a(libc_a-memset.o)
 .data          0x20000214        0x0 C:/toolchain/bin/../lib/gcc/arm-none-eabi/15.2.1/../../../../arm-none-eabi/lib/thumb/v7-m/nofp\libc.a(libc_a-strncpy.o)
 .data          0x20000214        0x0 C:/toolchain/bin/../lib/gcc/arm-none-eabi/15.2.1/../../../../arm-none-eabi/lib/thumb/v7-m/nofp\libc.a(libc_a-locale.o)
 .data.__global_locale
                0x20000214      0x254 C:/toolchain/bin/../lib/gcc/arm-none-eabi/15.2.1/../../../../arm-none-eabi/lib/thumb/v7-m/nofp\libc.a(libc_a-locale.o)
                0x20000214                __global_locale
 .data.__default_locale
                0x20000468       0x20 C:/toolchain/bin/../lib/gcc/arm-none-eabi/15.2.1/../../../../arm-none-eabi/lib/thumb/v7-m/nofp\libc.a(libc_a-locale.o)
                0x20000468                __default_locale
 .data          0x20000488        0x0 C:/toolchain/bin/../lib/gcc/arm-none-eabi/15.2.1/../../../../arm-none-eabi/lib/thumb/v7-m/nofp\libc.a(libc_a-localeconv.o)
 .data          0x20000488        0x0 C:/toolchain/bin/../lib/gcc/arm-none-eabi/15.2.1/../../../../arm-none-eabi/lib/thumb/v7-m/nofp\libc.a(libc_a-closer.o)
 .data          0x20000488        0x0 C:/toolchain/bin/../lib/gcc/arm-none-eabi/15.2.1/../../../../arm-none-eabi/lib/thumb/v7-m/nofp\libc.a(libc_a-reent.o)
 .data          0x20000488        0x0 C:/toolchain/bin/../lib/gcc/arm-none-eabi/15.2.1/../../../../arm-none-eabi/lib/thumb/v7-m/nofp\libc.a(libc_a-lseekr.o)
 .data          0x20000488        0x0 C:/toolchain/bin/../lib/gcc/arm-none-eabi/15.2.1/../../../../arm-none-eabi/lib/thumb/v7-m/nofp\libc.a(libc_a-readr.o)
 .data          0x20000488        0x0 C:/toolchain/bin/../lib/gcc/arm-none-eabi/15.2.1/../../../../arm-none-eabi/lib/thumb/v7-m/nofp\libc.a(libc_a-writer.o)
 .data          0x20000488        0x0 C:/toolchain/bin/../lib/gcc/arm-none-eabi/15.2.1/../../../../arm-none-eabi/lib/thumb/v7-m/nofp\libc.a(libc_a-lock.o)
 .data          0x20000488        0x0 C:/toolchain/bin/../lib/gcc/arm-none-eabi/15.2.1/../../../../arm-none-eabi/lib/thumb/v7-m/nofp\libc.a(libc_a-strcmp.o)
 .data          0x20000488        0x0 C:/toolchain/bin/../lib/gcc/arm-none-eabi/15.2.1/../../../../arm-none-eabi/lib/thumb/v7-m/nofp\libc.a(libc_a-strcpy.o)
 .data          0x20000488        0x0 C:/toolchain/bin/../lib/gcc/arm-none-eabi/15.2.1/../../../../arm-none-eabi/lib/thumb/v7-m/nofp\libc.a(libc_a-memchr-stub.o)
 .data          0x20000488        0x0 C:/toolchain/bin/../lib/gcc/arm-none-eabi/15.2.1/../../../../arm-none-eabi/lib/thumb/v7-m/nofp\libc.a(libc_a-strlen-stub.o)
 .data          0x20000488        0x0 C:/toolchain/bin/../lib/gcc/arm-none-eabi/15.2.1/../../../../arm-none-eabi/lib/thumb/v7-m/nofp\libc.a(libm_a-s_frexp.o)
 .data          0x20000488        0x0 C:/toolchain/bin/../lib/gcc/arm-none-eabi/15.2.1/../../../../arm-none-eabi/lib/thumb/v7-m/nofp\libc.a(libc_a-dtoa.o)
 .data          0x20000488        0x0 C:/toolchain/bin/../lib/gcc/arm-none-eabi/15.2.1/../../../../arm-none-eabi/lib/thumb/v7-m/nofp\libc.a(libc_a-freer.o)
 .data          0x20000488        0x0 C:/toolchain/bin/../lib/gcc/arm-none-eabi/15.2.1/../../../../arm-none-eabi/lib/thumb/v7-m/nofp\libc.a(libc_a-getenv_r.o)
 .data          0x20000488        0x0 C:/toolchain/bin/../lib/gcc/arm-none-eabi/15.2.1/../../../../arm-none-eabi/lib/thumb/v7-m/nofp\libc.a(libc_a-mallocr.o)
 .data.__malloc_sbrk_base
                0x20000488        0x4 C:/toolchain/bin/../lib/gcc/arm-none-eabi/15.2.1/../../../../arm-none-eabi/lib/thumb/v7-m/nofp\libc.a(libc_a-mallocr.o)
                0x20000488                __malloc_sbrk_base
 .data.__malloc_trim_threshold
                0x2000048c        0x4 C:/toolchain/bin/../lib/gcc/arm-none-eabi/15.2.1/../../../../arm-none-eabi/lib/thumb/v7-m/nofp\libc.a(libc_a-mallocr.o)
                0x2000048c                __malloc_trim_threshold
 .data.__malloc_av_
                0x20000490      0x408 C:/toolchain/bin/../lib/gcc/arm-none-eabi/15.2.1/../../../../arm-none-eabi/lib/thumb/v7-m/nofp\libc.a(libc_a-mallocr.o)
                0x20000490                __malloc_av_
 .data          0x20000898        0x0 C:/toolchain/bin/../lib/gcc/arm-none-eabi/15.2.1/../../../../arm-none-eabi/lib/thumb/v7-m/nofp\libc.a(libc_a-mbtowc_r.o)
 .data          0x20000898        0x0 C:/toolchain/bin/../lib/gcc/arm-none-eabi/15.2.1/../../../../arm-none-eabi/lib/thumb/v7-m/nofp\libc.a(libc_a-mlock.o)
 .data          0x20000898        0x0 C:/toolchain/bin/../lib/gcc/arm-none-eabi/15.2.1/../../../../arm-none-eabi/lib/thumb/v7-m/nofp\libc.a(libc_a-mprec.o)
 .data          0x20000898        0x0 C:/toolchain/bin/../lib/gcc/arm-none-eabi/15.2.1/../../../../arm-none-eabi/lib/thumb/v7-m/nofp\libc.a(libc_a-strtol.o)
 .data          0x20000898        0x0 C:/toolchain/bin/../lib/gcc/arm-none-eabi/15.2.1/../../../../arm-none-eabi/lib/thumb/v7-m/nofp\libc.a(libc_a-wctomb_r.o)
 .data          0x20000898        0x0 C:/toolchain/bin/../lib/gcc/arm-none-eabi/15.2.1/../../../../arm-none-eabi/lib/thumb/v7-m/nofp\libc.a(libc_a-wcrtomb.o)
 .data          0x20000898        0x0 C:/toolchain/bin/../lib/gcc/arm-none-eabi/15.2.1/../../../../arm-none-eabi/lib/thumb/v7-m/nofp\libc.a(libc_a-wcsrtombs.o)
 .data          0x20000898        0x0 C:/toolchain/bin/../lib/gcc/arm-none-eabi/15.2.1/../../../../arm-none-eabi/lib/thumb/v7-m/nofp\libc.a(libc_a-ctype_.o)
 .data          0x20000898        0x0 C:/toolchain/bin/../lib/gcc/arm-none-eabi/15.2.1/../../../../arm-none-eabi/lib/thumb/v7-m/nofp\libc.a(libc_a-ssputs_r.o)
 .data          0x20000898        0x0 C:/toolchain/bin/../lib/gcc/arm-none-eabi/15.2.1/../../../../arm-none-eabi/lib/thumb/v7-m/nofp\libc.a(libc_a-fclose.o)
 .data          0x20000898        0x0 C:/toolchain/bin/../lib/gcc/arm-none-eabi/15.2.1/../../../../arm-none-eabi/lib/thumb/v7-m/nofp\libc.a(libc_a-fflush.o)
 .data          0x20000898        0x0 C:/toolchain/bin/../lib/gcc/arm-none-eabi/15.2.1/../../../../arm-none-eabi/lib/thumb/v7-m/nofp\libc.a(libc_a-memmove.o)
 .data          0x20000898        0x0 C:/toolchain/bin/../lib/gcc/arm-none-eabi/15.2.1/../../../../arm-none-eabi/lib/thumb/v7-m/nofp\libc.a(libc_a-strcasecmp.o)
 .data          0x20000898        0x0 C:/toolchain/bin/../lib/gcc/arm-none-eabi/15.2.1/../../../../arm-none-eabi/lib/thumb/v7-m/nofp\libc.a(libc_a-strcat.o)
 .data          0x20000898        0x0 C:/toolchain/bin/../lib/gcc/arm-none-eabi/15.2.1/../../../../arm-none-eabi/lib/thumb/v7-m/nofp\libc.a(libc_a-strchr.o)
 .data          0x20000898        0x0 C:/toolchain/bin/../lib/gcc/arm-none-eabi/15.2.1/../../../../arm-none-eabi/lib/thumb/v7-m/nofp\libc.a(libc_a-strlcpy.o)
 .data          0x20000898        0x0 C:/toolchain/bin/../lib/gcc/arm-none-eabi/15.2.1/../../../../arm-none-eabi/lib/thumb/v7-m/nofp\libc.a(libc_a-strncasecmp.o)
 .data          0x20000898        0x0 C:/toolchain/bin/../lib/gcc/arm-none-eabi/15.2.1/../../../../arm-none-eabi/lib/thumb/v7-m/nofp\libc.a(libc_a-strncmp.o)
 .data          0x20000898        0x0 C:/toolchain/bin/../lib/gcc/arm-none-eabi/15.2.1/../../../../arm-none-eabi/lib/thumb/v7-m/nofp\libc.a(libc_a-sbrkr.o)
 .data          0x20000898        0x0 C:/toolchain/bin/../lib/gcc/arm-none-eabi/15.2.1/../../../../arm-none-eabi/lib/thumb/v7-m/nofp\libc.a(libc_a-errno.o)
 .data          0x20000898        0x0 C:/toolchain/bin/../lib/gcc/arm-none-eabi/15.2.1/../../../../arm-none-eabi/lib/thumb/v7-m/nofp\libc.a(libc_a-sysconf.o)
 .data          0x20000898        0x0 C:/toolchain/bin/../lib/gcc/arm-none-eabi/15.2.1/../../../../arm-none-eabi/lib/thumb/v7-m/nofp\libc.a(libc_a-memcpy.o)
 .data          0x20000898        0x0 C:/toolchain/bin/../lib/gcc/arm-none-eabi/15.2.1/../../../../arm-none-eabi/lib/thumb/v7-m/nofp\libc.a(libc_a-assert.o)
 .data          0x20000898        0x0 C:/toolchain/bin/../lib/gcc/arm-none-eabi/15.2.1/../../../../arm-none-eabi/lib/thumb/v7-m/nofp\libc.a(libc_a-callocr.o)
 .data          0x20000898        0x0 C:/toolchain/bin/../lib/gcc/arm-none-eabi/15.2.1/../../../../arm-none-eabi/lib/thumb/v7-m/nofp\libc.a(libc_a-environ.o)
 .data.environ  0x20000898        0x4 C:/toolchain/bin/../lib/gcc/arm-none-eabi/15.2.1/../../../../arm-none-eabi/lib/thumb/v7-m/nofp\libc.a(libc_a-environ.o)
                0x20000898                environ
 .data          0x2000089c        0x0 C:/toolchain/bin/../lib/gcc/arm-none-eabi/15.2.1/../../../../arm-none-eabi/lib/thumb/v7-m/nofp\libc.a(libc_a-envlock.o)
 .data          0x2000089c        0x0 C:/toolchain/bin/../lib/gcc/arm-none-eabi/15.2.1/../../../../arm-none-eabi/lib/thumb/v7-m/nofp\libc.a(libc_a-reallocr.o)
 .data          0x2000089c        0x0 C:/toolchain/bin/../lib/gcc/arm-none-eabi/15.2.1/../../../../arm-none-eabi/lib/thumb/v7-m/nofp\libc.a(libc_a-wcsnrtombs.o)
 .data          0x2000089c        0x0 C:/toolchain/bin/../lib/gcc/arm-none-eabi/15.2.1/../../../../arm-none-eabi/lib/thumb/v7-m/nofp\libc.a(libc_a-fiprintf.o)
 .data          0x2000089c        0x0 C:/toolchain/bin/../lib/gcc/arm-none-eabi/15.2.1/../../../../arm-none-eabi/lib/thumb/v7-m/nofp\libc.a(libc_a-vfiprintf.o)
 .data          0x2000089c        0x0 C:/toolchain/bin/../lib/gcc/arm-none-eabi/15.2.1/../../../../arm-none-eabi/lib/thumb/v7-m/nofp\libc.a(libc_a-sprint_r.o)
 .data          0x2000089c        0x0 C:/toolchain/bin/../lib/gcc/arm-none-eabi/15.2.1/../../../../arm-none-eabi/lib/thumb/v7-m/nofp\libc.a(libc_a-fvwrite.o)
 .data          0x2000089c        0x0 C:/toolchain/bin/../lib/gcc/arm-none-eabi/15.2.1/../../../../arm-none-eabi/lib/thumb/v7-m/nofp\libc.a(libc_a-wsetup.o)
 .data          0x2000089c        0x0 C:/toolchain/bin/../lib/gcc/arm-none-eabi/15.2.1/../../../../arm-none-eabi/lib/thumb/v7-m/nofp\libc.a(libc_a-abort.o)
 .data          0x2000089c        0x0 C:/toolchain/bin/../lib/gcc/arm-none-eabi/15.2.1/../../../../arm-none-eabi/lib/thumb/v7-m/nofp\libc.a(libc_a-makebuf.o)
 .data          0x2000089c        0x0 C:/toolchain/bin/../lib/gcc/arm-none-eabi/15.2.1/../../../../arm-none-eabi/lib/thumb/v7-m/nofp\libc.a(libc_a-signal.o)
 .data          0x2000089c        0x0 C:/toolchain/bin/../lib/gcc/arm-none-eabi/15.2.1/../../../../arm-none-eabi/lib/thumb/v7-m/nofp\libc.a(libc_a-fstatr.o)
 .data          0x2000089c        0x0 C:/toolchain/bin/../lib/gcc/arm-none-eabi/15.2.1/../../../../arm-none-eabi/lib/thumb/v7-m/nofp\libc.a(libc_a-isattyr.o)
 .data          0x2000089c        0x0 C:/toolchain/bin/../lib/gcc/arm-none-eabi/15.2.1/../../../../arm-none-eabi/lib/thumb/v7-m/nofp\libc.a(libc_a-signalr.o)
 .data          0x2000089c        0x0 C:/toolchain/bin/../lib/gcc/arm-none-eabi/15.2.1/../../../../arm-none-eabi/lib/thumb/v7-m/nofp\libnosys.a(close.o)
 .data          0x2000089c        0x0 C:/toolchain/bin/../lib/gcc/arm-none-eabi/15.2.1/../../../../arm-none-eabi/lib/thumb/v7-m/nofp\libnosys.a(fstat.o)
 .data          0x2000089c        0x0 C:/toolchain/bin/../lib/gcc/arm-none-eabi/15.2.1/../../../../arm-none-eabi/lib/thumb/v7-m/nofp\libnosys.a(getpid.o)
 .data          0x2000089c        0x0 C:/toolchain/bin/../lib/gcc/arm-none-eabi/15.2.1/../../../../arm-none-eabi/lib/thumb/v7-m/nofp\libnosys.a(isatty.o)
 .data          0x2000089c        0x0 C:/toolchain/bin/../lib/gcc/arm-none-eabi/15.2.1/../../../../arm-none-eabi/lib/thumb/v7-m/nofp\libnosys.a(kill.o)
 .data          0x2000089c        0x0 C:/toolchain/bin/../lib/gcc/arm-none-eabi/15.2.1/../../../../arm-none-eabi/lib/thumb/v7-m/nofp\libnosys.a(lseek.o)
 .data          0x2000089c        0x0 C:/toolchain/bin/../lib/gcc/arm-none-eabi/15.2.1/../../../../arm-none-eabi/lib/thumb/v7-m/nofp\libnosys.a(read.o)
 .data          0x2000089c        0x0 C:/toolchain/bin/../lib/gcc/arm-none-eabi/15.2.1/../../../../arm-none-eabi/lib/thumb/v7-m/nofp\libnosys.a(sbrk.o)
 .data          0x2000089c        0x0 C:/toolchain/bin/../lib/gcc/arm-none-eabi/15.2.1/../../../../arm-none-eabi/lib/thumb/v7-m/nofp\libnosys.a(write.o)
 .data          0x2000089c        0x0 C:/toolchain/bin/../lib/gcc/arm-none-eabi/15.2.1/../../../../arm-none-eabi/lib/thumb/v7-m/nofp\libnosys.a(_exit.o)
 .data          0x2000089c        0x0 C:/toolchain/bin/../lib/gcc/arm-none-eabi/15.2.1/thumb/v7-m/nofp\libgcc.a(_arm_muldf3.o)
 .data          0x2000089c        0x0 C:/toolchain/bin/../lib/gcc/arm-none-eabi/15.2.1/thumb/v7-m/nofp\libgcc.a(_arm_mulsf3.o)
 .data          0x2000089c        0x0 C:/toolchain/bin/../lib/gcc/arm-none-eabi/15.2.1/thumb/v7-m/nofp\libgcc.a(_arm_addsubdf3.o)
 .data          0x2000089c        0x0 C:/toolchain/bin/../lib/gcc/arm-none-eabi/15.2.1/thumb/v7-m/nofp\libgcc.a(_arm_muldivdf3.o)
 .data          0x2000089c        0x0 C:/toolchain/bin/../lib/gcc/arm-none-eabi/15.2.1/thumb/v7-m/nofp\libgcc.a(_arm_cmpdf2.o)
 .data          0x2000089c        0x0 C:/toolchain/bin/../lib/gcc/arm-none-eabi/15.2.1/thumb/v7-m/nofp\libgcc.a(_arm_unorddf2.o)
 .data          0x2000089c        0x0 C:/toolchain/bin/../lib/gcc/arm-none-eabi/15.2.1/thumb/v7-m/nofp\libgcc.a(_arm_fixdfsi.o)
 .data          0x2000089c        0x0 C:/toolchain/bin/../lib/gcc/arm-none-eabi/15.2.1/thumb/v7-m/nofp\libgcc.a(_arm_addsubsf3.o)
 .data          0x2000089c        0x0 C:/toolchain/bin/../lib/gcc/arm-none-eabi/15.2.1/thumb/v7-m/nofp\libgcc.a(_arm_muldivsf3.o)
 .data          0x2000089c        0x0 C:/toolchain/bin/../lib/gcc/arm-none-eabi/15.2.1/thumb/v7-m/nofp\libgcc.a(_arm_cmpsf2.o)
 .data          0x2000089c        0x0 C:/toolchain/bin/../lib/gcc/arm-none-eabi/15.2.1/thumb/v7-m/nofp\libgcc.a(_arm_fixsfsi.o)
                0x2000089c                        _edata = .

.igot.plt       0x2000089c        0x0 load address 0x0800cc80
 .igot.plt      0x2000089c        0x0 build/obj/main.o

.bss            0x2000089c      0x4b4 load address 0x0800cc80
                0x2000089c                        _sbss = .
 *(.bss*)
 .bss           0x2000089c        0x0 build/obj/main.o
 .bss           0x2000089c        0x0 build/obj/startup_stm32f103c8.o
 .bss           0x2000089c       0x38 build/obj/app.o
                0x2000089c                gz_offset
                0x200008a0                pid
                0x200008c0                heading
 .bss           0x200008d4        0x0 build/obj/gpio.o
 .bss           0x200008d4        0x0 build/obj/i2c.o
 .bss           0x200008d4        0x0 build/obj/pwm.o
 .bss           0x200008d4        0x4 build/obj/systick.o
 .bss           0x200008d8       0x88 build/obj/uart.o
 .bss           0x20000960       0x88 build/obj/uart_esp32.o
 .bss           0x200009e8        0x0 build/obj/MPU.o
 .bss           0x200009e8        0x8 build/obj/RGB_senser.o
                0x200009e8                clear
                0x200009ea                red
                0x200009ec                green
                0x200009ee                blue
 .bss           0x200009f0        0x0 build/obj/led.o
 .bss           0x200009f0        0x0 build/obj/motor.o
 .bss           0x200009f0        0x0 build/obj/ringbuff.o
 .bss           0x200009f0        0x0 build/obj/pid.o
 .bss           0x200009f0        0x0 C:/toolchain/bin/../lib/gcc/arm-none-eabi/15.2.1/../../../../arm-none-eabi/lib/thumb/v7-m/nofp\libc.a(libc_a-sprintf.o)
 .bss           0x200009f0        0x0 C:/toolchain/bin/../lib/gcc/arm-none-eabi/15.2.1/../../../../arm-none-eabi/lib/thumb/v7-m/nofp\libc.a(libc_a-impure.o)
 .bss           0x200009f0        0x0 C:/toolchain/bin/../lib/gcc/arm-none-eabi/15.2.1/../../../../arm-none-eabi/lib/thumb/v7-m/nofp\libc.a(libc_a-svfprintf.o)
 .bss           0x200009f0        0x0 C:/toolchain/bin/../lib/gcc/arm-none-eabi/15.2.1/../../../../arm-none-eabi/lib/thumb/v7-m/nofp\libc.a(libc_a-ssprint_r.o)
 .bss           0x200009f0        0x0 C:/toolchain/bin/../lib/gcc/arm-none-eabi/15.2.1/../../../../arm-none-eabi/lib/thumb/v7-m/nofp\libc.a(libc_a-findfp.o)
 .bss.__sf      0x200009f0      0x138 C:/toolchain/bin/../lib/gcc/arm-none-eabi/15.2.1/../../../../arm-none-eabi/lib/thumb/v7-m/nofp\libc.a(libc_a-findfp.o)
                0x200009f0                __sf
 .bss.__stdio_exit_handler
                0x20000b28        0x4 C:/toolchain/bin/../lib/gcc/arm-none-eabi/15.2.1/../../../../arm-none-eabi/lib/thumb/v7-m/nofp\libc.a(libc_a-findfp.o)
                0x20000b28                __stdio_exit_handler
 .bss           0x20000b2c        0x0 C:/toolchain/bin/../lib/gcc/arm-none-eabi/15.2.1/../../../../arm-none-eabi/lib/thumb/v7-m/nofp\libc.a(libc_a-fwalk.o)
 .bss           0x20000b2c        0x0 C:/toolchain/bin/../lib/gcc/arm-none-eabi/15.2.1/../../../../arm-none-eabi/lib/thumb/v7-m/nofp\libc.a(libc_a-stdio.o)
 .bss           0x20000b2c        0x0 C:/toolchain/bin/../lib/gcc/arm-none-eabi/15.2.1/../../../../arm-none-eabi/lib/thumb/v7-m/nofp\libc.a(libc_a-memset.o)
 .bss           0x20000b2c        0x0 C:/toolchain/bin/../lib/gcc/arm-none-eabi/15.2.1/../../../../arm-none-eabi/lib/thumb/v7-m/nofp\libc.a(libc_a-strncpy.o)
 .bss           0x20000b2c        0x0 C:/toolchain/bin/../lib/gcc/arm-none-eabi/15.2.1/../../../../arm-none-eabi/lib/thumb/v7-m/nofp\libc.a(libc_a-locale.o)
 .bss.saved_categories.0
                0x20000b2c       0xe0 C:/toolchain/bin/../lib/gcc/arm-none-eabi/15.2.1/../../../../arm-none-eabi/lib/thumb/v7-m/nofp\libc.a(libc_a-locale.o)
 .bss.new_categories.1
                0x20000c0c       0xe0 C:/toolchain/bin/../lib/gcc/arm-none-eabi/15.2.1/../../../../arm-none-eabi/lib/thumb/v7-m/nofp\libc.a(libc_a-locale.o)
 .bss._PathLocale
                0x20000cec        0x4 C:/toolchain/bin/../lib/gcc/arm-none-eabi/15.2.1/../../../../arm-none-eabi/lib/thumb/v7-m/nofp\libc.a(libc_a-locale.o)
                0x20000cec                _PathLocale
 .bss           0x20000cf0        0x0 C:/toolchain/bin/../lib/gcc/arm-none-eabi/15.2.1/../../../../arm-none-eabi/lib/thumb/v7-m/nofp\libc.a(libc_a-localeconv.o)
 .bss           0x20000cf0        0x0 C:/toolchain/bin/../lib/gcc/arm-none-eabi/15.2.1/../../../../arm-none-eabi/lib/thumb/v7-m/nofp\libc.a(libc_a-closer.o)
 .bss           0x20000cf0        0x0 C:/toolchain/bin/../lib/gcc/arm-none-eabi/15.2.1/../../../../arm-none-eabi/lib/thumb/v7-m/nofp\libc.a(libc_a-reent.o)
 .bss.errno     0x20000cf0        0x4 C:/toolchain/bin/../lib/gcc/arm-none-eabi/15.2.1/../../../../arm-none-eabi/lib/thumb/v7-m/nofp\libc.a(libc_a-reent.o)
                0x20000cf0                errno
 .bss           0x20000cf4        0x0 C:/toolchain/bin/../lib/gcc/arm-none-eabi/15.2.1/../../../../arm-none-eabi/lib/thumb/v7-m/nofp\libc.a(libc_a-lseekr.o)
 .bss           0x20000cf4        0x0 C:/toolchain/bin/../lib/gcc/arm-none-eabi/15.2.1/../../../../arm-none-eabi/lib/thumb/v7-m/nofp\libc.a(libc_a-readr.o)
 .bss           0x20000cf4        0x0 C:/toolchain/bin/../lib/gcc/arm-none-eabi/15.2.1/../../../../arm-none-eabi/lib/thumb/v7-m/nofp\libc.a(libc_a-writer.o)
 .bss           0x20000cf4        0x0 C:/toolchain/bin/../lib/gcc/arm-none-eabi/15.2.1/../../../../arm-none-eabi/lib/thumb/v7-m/nofp\libc.a(libc_a-lock.o)
 .bss.__lock___arc4random_mutex
                0x20000cf4        0x1 C:/toolchain/bin/../lib/gcc/arm-none-eabi/15.2.1/../../../../arm-none-eabi/lib/thumb/v7-m/nofp\libc.a(libc_a-lock.o)
                0x20000cf4                __lock___arc4random_mutex
 *fill*         0x20000cf5        0x3 
 .bss.__lock___dd_hash_mutex
                0x20000cf8        0x1 C:/toolchain/bin/../lib/gcc/arm-none-eabi/15.2.1/../../../../arm-none-eabi/lib/thumb/v7-m/nofp\libc.a(libc_a-lock.o)
                0x20000cf8                __lock___dd_hash_mutex
 *fill*         0x20000cf9        0x3 
 .bss.__lock___tz_mutex
                0x20000cfc        0x1 C:/toolchain/bin/../lib/gcc/arm-none-eabi/15.2.1/../../../../arm-none-eabi/lib/thumb/v7-m/nofp\libc.a(libc_a-lock.o)
                0x20000cfc                __lock___tz_mutex
 *fill*         0x20000cfd        0x3 
 .bss.__lock___env_recursive_mutex
                0x20000d00        0x1 C:/toolchain/bin/../lib/gcc/arm-none-eabi/15.2.1/../../../../arm-none-eabi/lib/thumb/v7-m/nofp\libc.a(libc_a-lock.o)
                0x20000d00                __lock___env_recursive_mutex
 *fill*         0x20000d01        0x3 
 .bss.__lock___malloc_recursive_mutex
                0x20000d04        0x1 C:/toolchain/bin/../lib/gcc/arm-none-eabi/15.2.1/../../../../arm-none-eabi/lib/thumb/v7-m/nofp\libc.a(libc_a-lock.o)
                0x20000d04                __lock___malloc_recursive_mutex
 *fill*         0x20000d05        0x3 
 .bss.__lock___at_quick_exit_mutex
                0x20000d08        0x1 C:/toolchain/bin/../lib/gcc/arm-none-eabi/15.2.1/../../../../arm-none-eabi/lib/thumb/v7-m/nofp\libc.a(libc_a-lock.o)
                0x20000d08                __lock___at_quick_exit_mutex
 *fill*         0x20000d09        0x3 
 .bss.__lock___atexit_recursive_mutex
                0x20000d0c        0x1 C:/toolchain/bin/../lib/gcc/arm-none-eabi/15.2.1/../../../../arm-none-eabi/lib/thumb/v7-m/nofp\libc.a(libc_a-lock.o)
                0x20000d0c                __lock___atexit_recursive_mutex
 *fill*         0x20000d0d        0x3 
 .bss.__lock___sfp_recursive_mutex
                0x20000d10        0x1 C:/toolchain/bin/../lib/gcc/arm-none-eabi/15.2.1/../../../../arm-none-eabi/lib/thumb/v7-m/nofp\libc.a(libc_a-lock.o)
                0x20000d10                __lock___sfp_recursive_mutex
 .bss           0x20000d11        0x0 C:/toolchain/bin/../lib/gcc/arm-none-eabi/15.2.1/../../../../arm-none-eabi/lib/thumb/v7-m/nofp\libc.a(libc_a-strcmp.o)
 .bss           0x20000d11        0x0 C:/toolchain/bin/../lib/gcc/arm-none-eabi/15.2.1/../../../../arm-none-eabi/lib/thumb/v7-m/nofp\libc.a(libc_a-strcpy.o)
 .bss           0x20000d11        0x0 C:/toolchain/bin/../lib/gcc/arm-none-eabi/15.2.1/../../../../arm-none-eabi/lib/thumb/v7-m/nofp\libc.a(libc_a-memchr-stub.o)
 .bss           0x20000d11        0x0 C:/toolchain/bin/../lib/gcc/arm-none-eabi/15.2.1/../../../../arm-none-eabi/lib/thumb/v7-m/nofp\libc.a(libc_a-strlen-stub.o)
 .bss           0x20000d11        0x0 C:/toolchain/bin/../lib/gcc/arm-none-eabi/15.2.1/../../../../arm-none-eabi/lib/thumb/v7-m/nofp\libc.a(libm_a-s_frexp.o)
 .bss           0x20000d11        0x0 C:/toolchain/bin/../lib/gcc/arm-none-eabi/15.2.1/../../../../arm-none-eabi/lib/thumb/v7-m/nofp\libc.a(libc_a-dtoa.o)
 .bss           0x20000d11        0x0 C:/toolchain/bin/../lib/gcc/arm-none-eabi/15.2.1/../../../../arm-none-eabi/lib/thumb/v7-m/nofp\libc.a(libc_a-freer.o)
 .bss           0x20000d11        0x0 C:/toolchain/bin/../lib/gcc/arm-none-eabi/15.2.1/../../../../arm-none-eabi/lib/thumb/v7-m/nofp\libc.a(libc_a-getenv_r.o)
 .bss           0x20000d11        0x0 C:/toolchain/bin/../lib/gcc/arm-none-eabi/15.2.1/../../../../arm-none-eabi/lib/thumb/v7-m/nofp\libc.a(libc_a-mallocr.o)
 *fill*         0x20000d11        0x3 
 .bss.__malloc_current_mallinfo
                0x20000d14       0x28 C:/toolchain/bin/../lib/gcc/arm-none-eabi/15.2.1/../../../../arm-none-eabi/lib/thumb/v7-m/nofp\libc.a(libc_a-mallocr.o)
                0x20000d14                __malloc_current_mallinfo
 .bss.__malloc_max_total_mem
                0x20000d3c        0x4 C:/toolchain/bin/../lib/gcc/arm-none-eabi/15.2.1/../../../../arm-none-eabi/lib/thumb/v7-m/nofp\libc.a(libc_a-mallocr.o)
                0x20000d3c                __malloc_max_total_mem
 .bss.__malloc_max_sbrked_mem
                0x20000d40        0x4 C:/toolchain/bin/../lib/gcc/arm-none-eabi/15.2.1/../../../../arm-none-eabi/lib/thumb/v7-m/nofp\libc.a(libc_a-mallocr.o)
                0x20000d40                __malloc_max_sbrked_mem
 .bss.__malloc_top_pad
                0x20000d44        0x4 C:/toolchain/bin/../lib/gcc/arm-none-eabi/15.2.1/../../../../arm-none-eabi/lib/thumb/v7-m/nofp\libc.a(libc_a-mallocr.o)
                0x20000d44                __malloc_top_pad
 .bss           0x20000d48        0x0 C:/toolchain/bin/../lib/gcc/arm-none-eabi/15.2.1/../../../../arm-none-eabi/lib/thumb/v7-m/nofp\libc.a(libc_a-mbtowc_r.o)
 .bss           0x20000d48        0x0 C:/toolchain/bin/../lib/gcc/arm-none-eabi/15.2.1/../../../../arm-none-eabi/lib/thumb/v7-m/nofp\libc.a(libc_a-mlock.o)
 .bss           0x20000d48        0x0 C:/toolchain/bin/../lib/gcc/arm-none-eabi/15.2.1/../../../../arm-none-eabi/lib/thumb/v7-m/nofp\libc.a(libc_a-mprec.o)
 .bss           0x20000d48        0x0 C:/toolchain/bin/../lib/gcc/arm-none-eabi/15.2.1/../../../../arm-none-eabi/lib/thumb/v7-m/nofp\libc.a(libc_a-strtol.o)
 .bss           0x20000d48        0x0 C:/toolchain/bin/../lib/gcc/arm-none-eabi/15.2.1/../../../../arm-none-eabi/lib/thumb/v7-m/nofp\libc.a(libc_a-wctomb_r.o)
 .bss           0x20000d48        0x0 C:/toolchain/bin/../lib/gcc/arm-none-eabi/15.2.1/../../../../arm-none-eabi/lib/thumb/v7-m/nofp\libc.a(libc_a-wcrtomb.o)
 .bss           0x20000d48        0x0 C:/toolchain/bin/../lib/gcc/arm-none-eabi/15.2.1/../../../../arm-none-eabi/lib/thumb/v7-m/nofp\libc.a(libc_a-wcsrtombs.o)
 .bss           0x20000d48        0x0 C:/toolchain/bin/../lib/gcc/arm-none-eabi/15.2.1/../../../../arm-none-eabi/lib/thumb/v7-m/nofp\libc.a(libc_a-ctype_.o)
 .bss           0x20000d48        0x0 C:/toolchain/bin/../lib/gcc/arm-none-eabi/15.2.1/../../../../arm-none-eabi/lib/thumb/v7-m/nofp\libc.a(libc_a-ssputs_r.o)
 .bss           0x20000d48        0x0 C:/toolchain/bin/../lib/gcc/arm-none-eabi/15.2.1/../../../../arm-none-eabi/lib/thumb/v7-m/nofp\libc.a(libc_a-fclose.o)
 .bss           0x20000d48        0x0 C:/toolchain/bin/../lib/gcc/arm-none-eabi/15.2.1/../../../../arm-none-eabi/lib/thumb/v7-m/nofp\libc.a(libc_a-fflush.o)
 .bss           0x20000d48        0x0 C:/toolchain/bin/../lib/gcc/arm-none-eabi/15.2.1/../../../../arm-none-eabi/lib/thumb/v7-m/nofp\libc.a(libc_a-memmove.o)
 .bss           0x20000d48        0x0 C:/toolchain/bin/../lib/gcc/arm-none-eabi/15.2.1/../../../../arm-none-eabi/lib/thumb/v7-m/nofp\libc.a(libc_a-strcasecmp.o)
 .bss           0x20000d48        0x0 C:/toolchain/bin/../lib/gcc/arm-none-eabi/15.2.1/../../../../arm-none-eabi/lib/thumb/v7-m/nofp\libc.a(libc_a-strcat.o)
 .bss           0x20000d48        0x0 C:/toolchain/bin/../lib/gcc/arm-none-eabi/15.2.1/../../../../arm-none-eabi/lib/thumb/v7-m/nofp\libc.a(libc_a-strchr.o)
 .bss           0x20000d48        0x0 C:/toolchain/bin/../lib/gcc/arm-none-eabi/15.2.1/../../../../arm-none-eabi/lib/thumb/v7-m/nofp\libc.a(libc_a-strlcpy.o)
 .bss           0x20000d48        0x0 C:/toolchain/bin/../lib/gcc/arm-none-eabi/15.2.1/../../../../arm-none-eabi/lib/thumb/v7-m/nofp\libc.a(libc_a-strncasecmp.o)
 .bss           0x20000d48        0x0 C:/toolchain/bin/../lib/gcc/arm-none-eabi/15.2.1/../../../../arm-none-eabi/lib/thumb/v7-m/nofp\libc.a(libc_a-strncmp.o)
 .bss           0x20000d48        0x0 C:/toolchain/bin/../lib/gcc/arm-none-eabi/15.2.1/../../../../arm-none-eabi/lib/thumb/v7-m/nofp\libc.a(libc_a-sbrkr.o)