
Discarded input sections

 .group         0x00000000        0xc build/obj/main.o
 .group         0x00000000        0xc build/obj/main.o
 .group         0x00000000        0xc build/obj/startup_stm32f103c8.o
 .group         0x00000000        0xc build/obj/startup_stm32f103c8.o
 .debug_macro   0x00000000      0xaba build/obj/startup_stm32f103c8.o
 .debug_macro   0x00000000      0x34e build/obj/startup_stm32f103c8.o
 .group         0x00000000        0xc build/obj/delay.o
 .debug_macro   0x00000000      0xaba build/obj/delay.o
 .group         0x00000000        0xc build/obj/gpio.o
 .group         0x00000000        0xc build/obj/gpio.o
 .group         0x00000000        0xc build/obj/gpio.o
 .group         0x00000000        0xc build/obj/gpio.o
 .debug_macro   0x00000000      0xaba build/obj/gpio.o
 .debug_macro   0x00000000      0x34e build/obj/gpio.o
 .group         0x00000000        0xc build/obj/rcc.o
 .debug_macro   0x00000000      0xaba build/obj/rcc.o
 .group         0x00000000        0xc build/obj/led.o
 .group         0x00000000        0xc build/obj/led.o
 .group         0x00000000        0xc build/obj/led.o
 .group         0x00000000        0xc build/obj/led.o
 .debug_macro   0x00000000      0xaba build/obj/led.o
 .debug_macro   0x00000000      0x34e build/obj/led.o
 .debug_macro   0x00000000       0x3a build/obj/led.o
 .debug_macro   0x00000000       0x28 build/obj/led.o
 .group         0x00000000        0xc build/obj/motor.o
 .group         0x00000000        0xc build/obj/motor.o
 .group         0x00000000        0xc build/obj/motor.o
 .debug_macro   0x00000000      0xaba build/obj/motor.o
 .debug_macro   0x00000000      0x34e build/obj/motor.o
 .debug_macro   0x00000000       0x3a build/obj/motor.o

Memory Configuration

Name             Origin             Length             Attributes
FLASH            0x08000000         0x00010000         xr
SRAM             0x20000000         0x00005000         xrw
*default*        0x00000000         0xffffffff

Linker script and memory map

LOAD build/obj/main.o
LOAD build/obj/startup_stm32f103c8.o
LOAD build/obj/delay.o
LOAD build/obj/gpio.o
LOAD build/obj/rcc.o
LOAD build/obj/led.o
LOAD build/obj/motor.o

.isr_vector     0x08000000      0x11c
 *(.isr_vector)
 .isr_vector    0x08000000      0x11c build/obj/startup_stm32f103c8.o
                0x08000000                vector_table

.text           0x0800011c      0x2a8
 *(.text*)
 .text          0x0800011c        0xe build/obj/main.o
                0x0800011c                main
 *fill*         0x0800012a        0x2 
 .text          0x0800012c       0x64 build/obj/startup_stm32f103c8.o
                0x0800012c                TIM6_IRQHandler
                0x0800012c                Default_Handler
                0x0800012c                TIM2_IRQHandler
                0x0800012c                USART1_IRQHandler
                0x08000134                Reset_Handler
 .text          0x08000190        0x0 build/obj/delay.o
 .text          0x08000190      0x12c build/obj/gpio.o
                0x08000190                gpio_pin_init
                0x0800025c                gpio_write_pin
                0x08000292                gpio_toggle_pin
 .text          0x080002bc        0x0 build/obj/rcc.o
 .text          0x080002bc       0x74 build/obj/led.o
                0x080002bc                led_init
                0x080002e4                led_on
                0x080002fc                led_off
                0x08000314                led_toggle
 .text          0x08000330       0x94 build/obj/motor.o
                0x08000330                motor_init
                0x08000364                motor_forward
                0x08000384                motor_backward
                0x080003a4                turn_left
 *(.rodata*)
                0x080003c4                        _etext = .

.glue_7         0x080003c4        0x0
 .glue_7        0x080003c4        0x0 linker stubs

.glue_7t        0x080003c4        0x0
 .glue_7t       0x080003c4        0x0 linker stubs

.vfp11_veneer   0x080003c4        0x0
 .vfp11_veneer  0x080003c4        0x0 linker stubs

.v4_bx          0x080003c4        0x0
 .v4_bx         0x080003c4        0x0 linker stubs

.iplt           0x080003c4        0x0
 .iplt          0x080003c4        0x0 build/obj/main.o

.rel.dyn        0x080003c4        0x0
 .rel.iplt      0x080003c4        0x0 build/obj/main.o

.data           0x20000000        0x0 load address 0x080003c4
                0x20000000                        _sdata = .
 *(.data*)
 .data          0x20000000        0x0 build/obj/main.o
 .data          0x20000000        0x0 build/obj/startup_stm32f103c8.o
 .data          0x20000000        0x0 build/obj/delay.o
 .data          0x20000000        0x0 build/obj/gpio.o
 .data          0x20000000        0x0 build/obj/rcc.o
 .data          0x20000000        0x0 build/obj/led.o
 .data          0x20000000        0x0 build/obj/motor.o
                0x20000000                        _edata = .

.igot.plt       0x20000000        0x0 load address 0x080003c4
 .igot.plt      0x20000000        0x0 build/obj/main.o

.bss            0x20000000        0x0 load address 0x080003c4
                0x20000000                        _sbss = .
 *(.bss*)
 .bss           0x20000000        0x0 build/obj/main.o
 .bss           0x20000000        0x0 build/obj/startup_stm32f103c8.o
 .bss           0x20000000        0x0 build/obj/delay.o
 .bss           0x20000000        0x0 build/obj/gpio.o
 .bss           0x20000000        0x0 build/obj/rcc.o
 .bss           0x20000000        0x0 build/obj/led.o
 .bss           0x20000000        0x0 build/obj/motor.o
 *(COMMON)
                0x20000000                        _ebss = .
OUTPUT(build/esdev.elf elf32-littlearm)
LOAD linker stubs

.debug_info     0x00000000      0x795
 .debug_info    0x00000000       0x93 build/obj/main.o
 .debug_info    0x00000093      0x13a build/obj/startup_stm32f103c8.o
 .debug_info    0x000001cd       0x22 build/obj/delay.o
 .debug_info    0x000001ef      0x234 build/obj/gpio.o
 .debug_info    0x00000423       0x22 build/obj/rcc.o
 .debug_info    0x00000445      0x1e5 build/obj/led.o
 .debug_info    0x0000062a      0x16b build/obj/motor.o

.debug_abbrev   0x00000000      0x3cb
 .debug_abbrev  0x00000000       0x5c build/obj/main.o
 .debug_abbrev  0x0000005c       0xe8 build/obj/startup_stm32f103c8.o
 .debug_abbrev  0x00000144       0x12 build/obj/delay.o
 .debug_abbrev  0x00000156       0xda build/obj/gpio.o
 .debug_abbrev  0x00000230       0x12 build/obj/rcc.o
 .debug_abbrev  0x00000242       0xd0 build/obj/led.o
 .debug_abbrev  0x00000312       0xb9 build/obj/motor.o

.debug_aranges  0x00000000       0xd0
 .debug_aranges
                0x00000000       0x20 build/obj/main.o
 .debug_aranges
                0x00000020       0x20 build/obj/startup_stm32f103c8.o
 .debug_aranges
                0x00000040       0x18 build/obj/delay.o
 .debug_aranges
                0x00000058       0x20 build/obj/gpio.o
 .debug_aranges
                0x00000078       0x18 build/obj/rcc.o
 .debug_aranges
                0x00000090       0x20 build/obj/led.o
 .debug_aranges
                0x000000b0       0x20 build/obj/motor.o

.debug_macro    0x00000000      0xfbb
 .debug_macro   0x00000000       0x38 build/obj/main.o
 .debug_macro   0x00000038      0xaba build/obj/main.o
 .debug_macro   0x00000af2      0x34e build/obj/main.o
 .debug_macro   0x00000e40       0x2a build/obj/startup_stm32f103c8.o
 .debug_macro   0x00000e6a       0x11 build/obj/delay.o
 .debug_macro   0x00000e7b       0x3c build/obj/gpio.o
 .debug_macro   0x00000eb7       0x3a build/obj/gpio.o
 .debug_macro   0x00000ef1       0x28 build/obj/gpio.o
 .debug_macro   0x00000f19       0x11 build/obj/rcc.o
 .debug_macro   0x00000f2a       0x46 build/obj/led.o
 .debug_macro   0x00000f70       0x4b build/obj/motor.o

.debug_line     0x00000000      0x612
 .debug_line    0x00000000       0xe7 build/obj/main.o
 .debug_line    0x000000e7      0x121 build/obj/startup_stm32f103c8.o
 .debug_line    0x00000208       0x35 build/obj/delay.o
 .debug_line    0x0000023d      0x174 build/obj/gpio.o
 .debug_line    0x000003b1       0x33 build/obj/rcc.o
 .debug_line    0x000003e4      0x128 build/obj/led.o
 .debug_line    0x0000050c      0x106 build/obj/motor.o

.debug_str      0x00000000     0x3ad1
 .debug_str     0x00000000     0x3ad1 build/obj/main.o
                               0x3882 (size before relaxing)
 .debug_str     0x00003ad1     0x38ce build/obj/startup_stm32f103c8.o
 .debug_str     0x00003ad1     0x2da3 build/obj/delay.o
 .debug_str     0x00003ad1     0x3aa8 build/obj/gpio.o
 .debug_str     0x00003ad1     0x2da1 build/obj/rcc.o
 .debug_str     0x00003ad1     0x3aa4 build/obj/led.o
 .debug_str     0x00003ad1     0x3a2d build/obj/motor.o

.comment        0x00000000       0x46
 .comment       0x00000000       0x46 build/obj/main.o
                                 0x47 (size before relaxing)
 .comment       0x00000046       0x47 build/obj/startup_stm32f103c8.o
 .comment       0x00000046       0x47 build/obj/delay.o
 .comment       0x00000046       0x47 build/obj/gpio.o
 .comment       0x00000046       0x47 build/obj/rcc.o
 .comment       0x00000046       0x47 build/obj/led.o
 .comment       0x00000046       0x47 build/obj/motor.o

.ARM.attributes
                0x00000000       0x2d
 .ARM.attributes
                0x00000000       0x2d build/obj/main.o
 .ARM.attributes
                0x0000002d       0x2d build/obj/startup_stm32f103c8.o
 .ARM.attributes
                0x0000005a       0x2d build/obj/delay.o
 .ARM.attributes
                0x00000087       0x2d build/obj/gpio.o
 .ARM.attributes
                0x000000b4       0x2d build/obj/rcc.o
 .ARM.attributes
                0x000000e1       0x2d build/obj/led.o
 .ARM.attributes
                0x0000010e       0x2d build/obj/motor.o

.debug_frame    0x00000000      0x208
 .debug_frame   0x00000000       0x2c build/obj/main.o
 .debug_frame   0x0000002c       0x48 build/obj/startup_stm32f103c8.o
 .debug_frame   0x00000074       0x88 build/obj/gpio.o
 .debug_frame   0x000000fc       0x8c build/obj/led.o
 .debug_frame   0x00000188       0x80 build/obj/motor.o
