
Discarded input sections

 .group         0x00000000        0xc build/obj/main.o
 .group         0x00000000        0xc build/obj/main.o
 .group         0x00000000        0xc build/obj/startup_stm32f103c8.o
 .group         0x00000000        0xc build/obj/startup_stm32f103c8.o
 .debug_macro   0x00000000      0xaba build/obj/startup_stm32f103c8.o
 .debug_macro   0x00000000      0x34e build/obj/startup_stm32f103c8.o
 .group         0x00000000        0xc build/obj/delay.o
 .debug_macro   0x00000000      0xaba build/obj/delay.o
 .group         0x00000000        0xc build/obj/gpio.o
 .group         0x00000000        0xc build/obj/gpio.o
 .group         0x00000000        0xc build/obj/gpio.o
 .group         0x00000000        0xc build/obj/gpio.o
 .debug_macro   0x00000000      0xaba build/obj/gpio.o
 .debug_macro   0x00000000      0x34e build/obj/gpio.o
 .group         0x00000000        0xc build/obj/led.o
 .group         0x00000000        0xc build/obj/led.o
 .group         0x00000000        0xc build/obj/led.o
 .debug_macro   0x00000000      0xaba build/obj/led.o
 .debug_macro   0x00000000      0x34e build/obj/led.o
 .debug_macro   0x00000000       0x3a build/obj/led.o
 .group         0x00000000        0xc build/obj/motor.o
 .group         0x00000000        0xc build/obj/motor.o
 .group         0x00000000        0xc build/obj/motor.o
 .debug_macro   0x00000000      0xaba build/obj/motor.o
 .debug_macro   0x00000000      0x34e build/obj/motor.o
 .debug_macro   0x00000000       0x3a build/obj/motor.o

Memory Configuration

Name             Origin             Length             Attributes
FLASH            0x08000000         0x00010000         xr
SRAM             0x20000000         0x00005000         xrw
*default*        0x00000000         0xffffffff

Linker script and memory map

LOAD build/obj/main.o
LOAD build/obj/startup_stm32f103c8.o
LOAD build/obj/delay.o
LOAD build/obj/gpio.o
LOAD build/obj/led.o
LOAD build/obj/motor.o

.isr_vector     0x08000000      0x11c
 *(.isr_vector)
 .isr_vector    0x08000000      0x11c build/obj/startup_stm32f103c8.o
                0x08000000                vector_table

.text           0x0800011c      0x33c
 *(.text*)
 .text          0x0800011c       0x20 build/obj/main.o
                0x0800011c                main
 .text          0x0800013c       0x64 build/obj/startup_stm32f103c8.o
                0x0800013c                TIM6_IRQHandler
                0x0800013c                Default_Handler
                0x0800013c                TIM2_IRQHandler
                0x0800013c                USART1_IRQHandler
                0x08000144                Reset_Handler
 .text          0x080001a0       0x3c build/obj/delay.o
                0x080001a0                delay_ms
 .text          0x080001dc      0x12c build/obj/gpio.o
                0x080001dc                gpio_pin_init
                0x080002a8                gpio_write_pin
                0x080002de                gpio_toggle_pin
 .text          0x08000308       0x64 build/obj/led.o
                0x08000308                led_init
                0x08000320                led_on
                0x08000338                led_off
                0x08000350                led_toggle
 .text          0x0800036c       0xec build/obj/motor.o
                0x0800036c                motor_init
                0x080003a4                motor_forward
                0x080003c4                motor_backward
                0x080003e4                turn_left
                0x08000404                turn_right
                0x08000424                motor_stop
 *(.rodata*)
                0x08000458                        _etext = .

.glue_7         0x08000458        0x0
 .glue_7        0x08000458        0x0 linker stubs

.glue_7t        0x08000458        0x0
 .glue_7t       0x08000458        0x0 linker stubs

.vfp11_veneer   0x08000458        0x0
 .vfp11_veneer  0x08000458        0x0 linker stubs

.v4_bx          0x08000458        0x0
 .v4_bx         0x08000458        0x0 linker stubs

.iplt           0x08000458        0x0
 .iplt          0x08000458        0x0 build/obj/main.o

.rel.dyn        0x08000458        0x0
 .rel.iplt      0x08000458        0x0 build/obj/main.o

.data           0x20000000        0x0 load address 0x08000458
                0x20000000                        _sdata = .
 *(.data*)
 .data          0x20000000        0x0 build/obj/main.o
 .data          0x20000000        0x0 build/obj/startup_stm32f103c8.o
 .data          0x20000000        0x0 build/obj/delay.o
 .data          0x20000000        0x0 build/obj/gpio.o
 .data          0x20000000        0x0 build/obj/led.o
 .data          0x20000000        0x0 build/obj/motor.o
                0x20000000                        _edata = .

.igot.plt       0x20000000        0x0 load address 0x08000458
 .igot.plt      0x20000000        0x0 build/obj/main.o

.bss            0x20000000        0x0 load address 0x08000458
                0x20000000                        _sbss = .
 *(.bss*)
 .bss           0x20000000        0x0 build/obj/main.o
 .bss           0x20000000        0x0 build/obj/startup_stm32f103c8.o
 .bss           0x20000000        0x0 build/obj/delay.o
 .bss           0x20000000        0x0 build/obj/gpio.o
 .bss           0x20000000        0x0 build/obj/led.o
 .bss           0x20000000        0x0 build/obj/motor.o
 *(COMMON)
                0x20000000                        _ebss = .
OUTPUT(build/esdev.elf elf32-littlearm)
LOAD linker stubs

.debug_info     0x00000000      0x78b
 .debug_info    0x00000000       0xb5 build/obj/main.o
 .debug_info    0x000000b5      0x13a build/obj/startup_stm32f103c8.o
 .debug_info    0x000001ef       0x88 build/obj/delay.o
 .debug_info    0x00000277      0x234 build/obj/gpio.o
 .debug_info    0x000004ab      0x155 build/obj/led.o
 .debug_info    0x00000600      0x18b build/obj/motor.o

.debug_abbrev   0x00000000      0x431
 .debug_abbrev  0x00000000       0x77 build/obj/main.o
 .debug_abbrev  0x00000077       0xe8 build/obj/startup_stm32f103c8.o
 .debug_abbrev  0x0000015f       0x6f build/obj/delay.o
 .debug_abbrev  0x000001ce       0xda build/obj/gpio.o
 .debug_abbrev  0x000002a8       0xd0 build/obj/led.o
 .debug_abbrev  0x00000378       0xb9 build/obj/motor.o

.debug_aranges  0x00000000       0xc0
 .debug_aranges
                0x00000000       0x20 build/obj/main.o
 .debug_aranges
                0x00000020       0x20 build/obj/startup_stm32f103c8.o
 .debug_aranges
                0x00000040       0x20 build/obj/delay.o
 .debug_aranges
                0x00000060       0x20 build/obj/gpio.o
 .debug_aranges
                0x00000080       0x20 build/obj/led.o
 .debug_aranges
                0x000000a0       0x20 build/obj/motor.o

.debug_macro    0x00000000      0xfbb
 .debug_macro   0x00000000       0x42 build/obj/main.o
 .debug_macro   0x00000042      0xaba build/obj/main.o
 .debug_macro   0x00000afc      0x34e build/obj/main.o
 .debug_macro   0x00000e4a       0x2a build/obj/startup_stm32f103c8.o
 .debug_macro   0x00000e74       0x1b build/obj/delay.o
 .debug_macro   0x00000e8f       0x3c build/obj/gpio.o
 .debug_macro   0x00000ecb       0x3a build/obj/gpio.o
 .debug_macro   0x00000f05       0x2e build/obj/gpio.o
 .debug_macro   0x00000f33       0x3d build/obj/led.o
 .debug_macro   0x00000f70       0x4b build/obj/motor.o

.debug_line     0x00000000      0x657
 .debug_line    0x00000000      0x105 build/obj/main.o
 .debug_line    0x00000105      0x121 build/obj/startup_stm32f103c8.o
 .debug_line    0x00000226       0x87 build/obj/delay.o
 .debug_line    0x000002ad      0x174 build/obj/gpio.o
 .debug_line    0x00000421      0x119 build/obj/led.o
 .debug_line    0x0000053a      0x11d build/obj/motor.o

.debug_str      0x00000000     0x3b05
 .debug_str     0x00000000     0x3b05 build/obj/main.o
                               0x38a6 (size before relaxing)
 .debug_str     0x00003b05     0x38ce build/obj/startup_stm32f103c8.o
 .debug_str     0x00003b05     0x2dc6 build/obj/delay.o
 .debug_str     0x00003b05     0x3ac3 build/obj/gpio.o
 .debug_str     0x00003b05     0x39d0 build/obj/led.o
 .debug_str     0x00003b05     0x3a43 build/obj/motor.o

.comment        0x00000000       0x46
 .comment       0x00000000       0x46 build/obj/main.o
                                 0x47 (size before relaxing)
 .comment       0x00000046       0x47 build/obj/startup_stm32f103c8.o
 .comment       0x00000046       0x47 build/obj/delay.o
 .comment       0x00000046       0x47 build/obj/gpio.o
 .comment       0x00000046       0x47 build/obj/led.o
 .comment       0x00000046       0x47 build/obj/motor.o

.ARM.attributes
                0x00000000       0x2d
 .ARM.attributes
                0x00000000       0x2d build/obj/main.o
 .ARM.attributes
                0x0000002d       0x2d build/obj/startup_stm32f103c8.o
 .ARM.attributes
                0x0000005a       0x2d build/obj/delay.o
 .ARM.attributes
                0x00000087       0x2d build/obj/gpio.o
 .ARM.attributes
                0x000000b4       0x2d build/obj/led.o
 .ARM.attributes
                0x000000e1       0x2d build/obj/motor.o

.debug_frame    0x00000000      0x278
 .debug_frame   0x00000000       0x2c build/obj/main.o
 .debug_frame   0x0000002c       0x48 build/obj/startup_stm32f103c8.o
 .debug_frame   0x00000074       0x38 build/obj/delay.o
 .debug_frame   0x000000ac       0x88 build/obj/gpio.o
 .debug_frame   0x00000134       0x8c build/obj/led.o
 .debug_frame   0x000001c0       0xb8 build/obj/motor.o
